******************************************************************************
            TI ARM Clang Linker PC v3.2.2                      
******************************************************************************
>> Linked Sun Aug  4 15:07:48 2024

OUTPUT FILE NAME:   <sensor_ding.out>
ENTRY POINT SYMBOL: "ResetISR"  address: 0001dc67


MEMORY CONFIGURATION

         name            origin    length      used     unused   attr    fill
----------------------  --------  ---------  --------  --------  ----  --------
  FLASH                 00000000   00100000  0002435b  000dbca5  R  X
  SRAM                  20000000   00040000  0000a7ab  00035855  RW X
  CCFG                  50000000   00000800  0000007c  00000784  R  X


SEGMENT ALLOCATION MAP

run origin  load origin   length   init length attrs members
----------  ----------- ---------- ----------- ----- -------
00000000    00000000    0001dcd6   0001dcd6    r-x
  00000000    00000000    0000003c   0000003c    r-- .resetVecs
  0000003c    0000003c    0001dc9a   0001dc9a    r-x .text
0001dcd8    0001dcd8    00000008   00000008    rw-
  0001dcd8    0001dcd8    00000008   00000008    rw- .args
0001dce0    0001dce0    00002680   00002680    r--
  0001dce0    0001dce0    00002299   00002299    r-- .rodata
  0001ff7c    0001ff7c    000003e4   000003e4    r-- .cinit
00052000    00052000    00004000   00000000    rw-
  00052000    00052000    00004000   00000000    rw- .TI.bound:flashBuf0
20000000    20000000    00000450   00000000    rw-
  20000000    20000000    00000450   00000000    rw- .bss.1
20000450    20000450    00000020   00000000    rw-
  20000450    20000450    00000010   00000000    rw- .TI.bound:dmaUart1RxControlTableEntry
  20000460    20000460    00000010   00000000    rw- .TI.bound:dmaUart1TxControlTableEntry
20000470    20000470    0000443f   00000000    rw-
  20000470    20000470    0000443f   00000000    rw- .bss.2
20004900    20004900    00000cb0   00000000    rw-
  20004900    20004900    00000cb0   00000000    rw- .data
20005600    20005600    000001fc   00000000    rw-
  20005600    20005600    000001fc   00000000    rw- .ramVecs
2003b000    2003b000    00005000   00000000    rw-
  2003b000    2003b000    00005000   00000000    rw- .stack
50000000    50000000    0000007c   0000007c    r--
  50000000    50000000    0000007c   0000007c    r-- .ccfg


SECTION ALLOCATION MAP

 output                                  attributes/
section   page    origin      length       input sections
--------  ----  ----------  ----------   ----------------
.resetVecs 
*          0    00000000    0000003c     
                  00000000    0000003c     ti_sysbios_config.o (.resetVecs)

.rodata    0    0001dce0    00002299     
                  0001dce0    0000094c     scif_neo_pixels.o (.rodata.pAuxRamImage)
                  0001e62c    00000628     rf_multiMode_cc13x4.a : rf_patch_cpe_multi_protocol.c.cc13x4.ticlang.o (.rodata.patchImageMultiProtocol)
                  0001ec54    0000000c     drivers_cc13x4.a : Random.c.obj (.rodata..L__const.Random_seedAutomatic.hwAttrs)
                  0001ec60    00000101     libc.a : aeabi_ctype.S.obj (.rodata:__aeabi_ctype_table_)
                  0001ed61    00000100     crc.o (.rodata.crc_table)
                  0001ee61    000000f8     mac_cfg.o (.rodata.macPibTbl)
                  0001ef59    0000008a     ti_sysbios_config.o (.rodata.ti_sysbios_family_arm_v8m_Hwi_Instance_init.err.1)
                  0001efe3    00000089     ti_sysbios_config.o (.rodata.ti_sysbios_runtime_Memory_alloc.err)
                  0001f06c    00000088     mac_cfg.o (.rodata.macPibDefaults)
                  0001f0f4    00000087     ti_sysbios_config.o (.rodata.ti_sysbios_family_arm_v8m_Hwi_Instance_init.err)
                  0001f17b    00000072     maclib_secure_cc13x4_tirtos7.a : hmac_global.c.o (.rodata.macAssociatingSt)
                  0001f1ed    00000072                                    : hmac_global.c.o (.rodata.macIdleSt)
                  0001f25f    00000072                                    : hmac_global.c.o (.rodata.macPollingSt)
                  0001f2d1    00000072                                    : hmac_global.c.o (.rodata.macScanningSt)
                  0001f343    00000001     ti_drivers_config.o (.rodata.Button_count)
                  0001f344    0000006c     mac_user_config.o (.rodata.macRfDriverTable)
                  0001f3b0    00000068     drivers_cc13x4.a : PowerCC26X2.c.obj (.rodata.resourceDB)
                  0001f418    00000058     mac_cfg.o (.rodata.macSecurityPibTbl)
                  0001f470    00000058     ti_drivers_config.o (.rodata.uart2CC26X2HWAttrs)
                  0001f4c8    00000050     mac_cfg.o (.rodata.macMRFSKStdPhyTable)
                  0001f518    00000044     cui.o (.rodata.str1.25500649905015235891)
                  0001f55c    00000044     cui.o (.rodata.str1.82802982239460582671)
                  0001f5a0    00000040     mac_user_config.o (.rodata.macCryptoDriverTable)
                  0001f5e0    00000040     maclib_secure_cc13x4_tirtos7.a : hmac_global.c.o (.rodata.macTimerRolloverValue)
                  0001f620    00000040     cui.o (.rodata.str1.18680694060528809401)
                  0001f660    00000038     maclib_secure_cc13x4_tirtos7.a : hmac_global.c.o (.rodata.macCmdIncludeFHIe)
                  0001f698    00000034     scif_neo_pixels.o (.rodata.scifNeoPixelsDriverSetup)
                  0001f6cc    00000034     ssf.o (.rodata.str1.175697533864018170101)
                  0001f700    00000030     ti_radio_config.o (.rodata.RF_cmdPropRxAdv_2gfsk50kbps154g)
                  0001f730    0000002e     ssf.o (.rodata.str1.111735626433975511941)
                  0001f75e    00000002     jdllc.o (.rodata.keyUsageList)
                  0001f760    00000028     drivers_cc13x4.a : NVSCC26XX.c.obj (.rodata.NVSCC26XX_fxnTable)
                  0001f788    00000028     ti_radio_config.o (.rodata.RF_cmdPropRadioDivSetup_2gfsk50kbps154g)
                  0001f7b0    00000028     maclib_secure_cc13x4_tirtos7.a : mac_radio.c.o (.rodata.activityObject)
                  0001f7d8    00000024     drivers_cc13x4.a : UART2.c.obj (.rodata.UART2_defaultParams)
                  0001f7fc    00000024     ti_sysbios_config.o (.rodata.ti_sysbios_knl_Task_Params_default)
                  0001f820    00000020     mac_user_config.o (.rodata..L__const.rfSelect.RfCfg)
                  0001f840    00000020     ti_drivers_config.o (.rodata.ButtonHWAttrs)
                  0001f860    00000020     ti_drivers_config.o (.rodata.Button_config)
                  0001f880    00000020     ti_radio_config.o (.rodata.RF_cmdPropTxAdv_2gfsk50kbps154g)
                  0001f8a0    00000020     rf_multiMode_cc13x4.a : RFCC26X2_multiMode.c.cc13x4.ticlang.o (.rodata.cst32)
                  0001f8c0    00000020     jdllc.o (.rodata.keyDeviceList)
                  0001f8e0    00000020     scif_neo_pixels.o (.rodata.pAuxIoIndexToMcuIocfgOffsetLut)
                  0001f900    0000001d     ti_sysbios_config.o (.rodata.str1.114093530142707899381)
                  0001f91d    00000003     cui.o (.rodata.str1.106516855938329041901)
                  0001f920    0000001c     sensor.o (.rodata..Lswitch.table.Sensor_sendMsg.3)
                  0001f93c    0000001c     drivers_cc13x4.a : GPTimerCC26XX.c.obj (.rodata.GPT_LUT)
                  0001f958    0000001c     ti_radio_config.o (.rodata.RF_cmdPropCs_2gfsk50kbps154g)
                  0001f974    0000001c     driverlib.lib : prcm.c.obj (.rodata.g_pui32DCGCRegs)
                  0001f990    0000001c                   : prcm.c.obj (.rodata.g_pui32RCGCRegs)
                  0001f9ac    0000001c                   : prcm.c.obj (.rodata.g_pui32SCGCRegs)
                  0001f9c8    0000001c     ti_sysbios_config.o (.rodata.str1.54136785629011067091)
                  0001f9e4    0000001c     ti_sysbios_config.o (.rodata.ti_sysbios_family_arm_v8m_cc26x4_Timer_Params_default)
                  0001fa00    0000001c     ti_sysbios_config.o (.rodata.ti_sysbios_knl_Mailbox_Params_default)
                  0001fa1c    00000018     drivers_cc13x4.a : PWM.c.obj (.rodata.PWM_defaultParams)
                  0001fa34    00000018     ti_radio_config.o (.rodata.RF_cmdFs_2gfsk50kbps154g)
                  0001fa4c    00000018     maclib_secure_cc13x4_tirtos7.a : hmac_global.c.o (.rodata.macSendMsgBufSize)
                  0001fa64    00000018     ssf.o (.rodata.str1.137203934258720081351)
                  0001fa7c    00000018     ssf.o (.rodata.str1.149332114862098306941)
                  0001fa94    00000018     ssf.o (.rodata.str1.176989045256844588841)
                  0001faac    00000018     ssf.o (.rodata.str1.22671488472064998411)
                  0001fac4    00000018     ssf.o (.rodata.str1.35936327599275636731)
                  0001fadc    00000018     ssf.o (.rodata.str1.4386816021798390991)
                  0001faf4    00000018     ssf.o (.rodata.str1.65249532876065086381)
                  0001fb0c    00000018     ssf.o (.rodata.str1.81870087663433000541)
                  0001fb24    00000018     ssf.o (.rodata.str1.94088337864751475791)
                  0001fb3c    00000018     ti_sysbios_config.o (.rodata.ti_sysbios_family_arm_v8m_Hwi_Params_default)
                  0001fb54    00000017     cui.o (.rodata.str1.182575247029164749851)
                  0001fb6b    00000017     cui.o (.rodata.str1.3354398299414093901)
                  0001fb82    00000015     cui.o (.rodata.str1.16209609899462507051)
                  0001fb97    00000015     ssf.o (.rodata.str1.99041087063118600691)
                  0001fbac    00000014     drivers_cc13x4.a : Button.c.obj (.rodata.Button_defaultParams)
                  0001fbc0    00000014     ti_drivers_config.o (.rodata.PowerCC26X2_config)
                  0001fbd4    00000014     drivers_cc13x4.a : TRNG.c.obj (.rodata.TRNG_defaultParams)
                  0001fbe8    00000013     macTask.o (.rodata.msacbackSizeTable)
                  0001fbfb    00000013     cui.o (.rodata.str1.102282016975128293211)
                  0001fc0e    00000013     ssf.o (.rodata.str1.51231188198628516361)
                  0001fc21    00000013     ssf.o (.rodata.str1.52955529156005986921)
                  0001fc34    00000013     cui.o (.rodata.str1.77108971315039313481)
                  0001fc47    00000012     ssf.o (.rodata.str1.145927640768134078831)
                  0001fc59    00000012     cui.o (.rodata.str1.57965206473661515771)
                  0001fc6b    00000011     ti_sysbios_config.o (.rodata.str1.111528116657238352481)
                  0001fc7c    00000011     ssf.o (.rodata.str1.72459565756163880421)
                  0001fc8d    00000011     sensor.o (.rodata.str1.86399352463730447251)
                  0001fc9e    00000011     ssf.o (.rodata.validChannelMask)
                  0001fcaf    00000001     ti_drivers_config.o (.rodata.GPIO_pinLowerBound)
                  0001fcb0    00000010     drivers_cc13x4.a : AESCCM.c.obj (.rodata.AESCCM_defaultParams)
                  0001fcc0    00000010     ti_drivers_config.o (.rodata.GPIO_config)
                  0001fcd0    00000010     ti_drivers_config.o (.rodata.LED_config)
                  0001fce0    00000010     maclib_secure_cc13x4_tirtos7.a : hmac_global.c.o (.rodata.macIEEEPhyTable)
                  0001fcf0    00000010     scif_neo_pixels.o (.rodata.pScifTaskDataStructInfoLut)
                  0001fd00    00000010     ti_drivers_config.o (.rodata.timerCC26XXHWAttrs)
                  0001fd10    0000000f     sensor.o (.rodata.str1.114908228018720310511)
                  0001fd1f    0000000f     ssf.o (.rodata.str1.119839857566329871091)
                  0001fd2e    0000000f     ti_sysbios_config.o (.rodata.str1.123815885180704396101)
                  0001fd3d    0000000e     maclib_secure_cc13x4_tirtos7.a : hmac_global.c.o (.rodata.macCmdBufSize)
                  0001fd4b    0000000e                                    : hmac_global.c.o (.rodata.macTxFrameFailed)
                  0001fd59    0000000e                                    : hmac_global.c.o (.rodata.macTxFrameSuccess)
                  0001fd67    0000000e     ssf.o (.rodata.str1.143131056285309342521)
                  0001fd75    00000003     cui.o (.rodata.str1.1727220237314762261)
                  0001fd78    0000000c     scif_framework.o (.rodata..Lswitch.table.scifUninitIo)
                  0001fd84    0000000c     ti_drivers_config.o (.rodata.GPTimerCC26XX_config)
                  0001fd90    0000000c     ti_drivers_config.o (.rodata.NVS_config)
                  0001fd9c    0000000c     ti_drivers_config.o (.rodata.RFCC26XX_hwAttrs)
                  0001fda8    0000000c     ti_sysbios_config.o (.rodata.defAttrs)
                  0001fdb4    0000000c     drivers_cc13x4.a : Timer.c.obj (.rodata.defaultParams)
                  0001fdc0    0000000c                      : TimerCC26XX.c.obj (.rodata.defaultParams)
                  0001fdcc    0000000c     ti_drivers_config.o (.rodata.gptimerCC26XXHWAttrs)
                  0001fdd8    0000000c     maclib_secure_cc13x4_tirtos7.a : hmac_global.c.o (.rodata.macCbackEventTbl)
                  0001fde4    0000000c                                    : hmac_global.c.o (.rodata.macSendMsgDataSize)
                  0001fdf0    0000000c     ssf.o (.rodata.str1.109638716016064757341)
                  0001fdfc    0000000c     ssf.o (.rodata.str1.67243849773169265341)
                  0001fe08    0000000c     ti_sysbios_config.o (.rodata.ti_sysbios_knl_Semaphore_Params_default)
                  0001fe14    0000000b     ssf.o (.rodata.str1.93280015240259553851)
                  0001fe1f    0000000a     drivers_cc13x4.a : Button.c.obj (.rodata..Lswitch.table.Button_gpioCallbackFxn)
                  0001fe29    00000003     cui.o (.rodata.str1.17643001253678926731)
                  0001fe2c    0000000a     jdllc.o (.rodata.keyIdLookupList)
                  0001fe36    0000000a     sensor.o (.rodata.str1.8984902958309274291)
                  0001fe40    00000009     maclib_secure_cc13x4_tirtos7.a : hmac_global.c.o (.rodata.macCmdLen)
                  0001fe49    00000009     ssf.o (.rodata.str1.157122460158101493541)
                  0001fe52    00000009     ssf.o (.rodata.str1.18114424290860011881)
                  0001fe5b    00000009     ssf.o (.rodata.str1.24765741288239325951)
                  0001fe64    00000009     ssf.o (.rodata.str1.39883029910703621341)
                  0001fe6d    00000002     drivers_cc13x4.a : UART2CC26X2.c.obj (.rodata.stopBits)
                  0001fe6f    00000001     ti_drivers_config.o (.rodata.GPIO_pinUpperBound)
                  0001fe70    00000008     rf_multiMode_cc13x4.a : RFCC26X2_multiMode.c.cc13x4.ticlang.o (.rodata..L__const.RF_hwiCpe0Active.activeCmd)
                  0001fe78    00000008     ti_drivers_config.o (.rodata.AESCCM_config)
                  0001fe80    00000008     jdllc.o (.rodata.Jdllc_keySource)
                  0001fe88    00000008     drivers_cc13x4.a : LED.c.obj (.rodata.LED_defaultParams)
                  0001fe90    00000008     ti_drivers_config.o (.rodata.Timer_config)
                  0001fe98    00000008     ti_drivers_config.o (.rodata.UART2_config)
                  0001fea0    00000008     ti_drivers_config.o (.rodata.UDMACC26XX_config)
                  0001fea8    00000008     driverlib.lib : aux_sysif.c.obj (.rodata.cst4)
                  0001feb0    00000008     maclib_secure_cc13x4_tirtos7.a : mac_rx.c.o (.rodata.cst4)
                  0001feb8    00000008     drivers_cc13x4.a : GPTimerCC26XX.c.obj (.rodata.cst8)
                  0001fec0    00000008     main.o (.rodata.cst8)
                  0001fec8    00000008     maclib_secure_cc13x4_tirtos7.a : hmac_global.c.o (.rodata.macAuthTagLen)
                  0001fed0    00000008     ti_drivers_config.o (.rodata.nvsCC26XXHWAttrs)
                  0001fed8    00000008     ssf.o (.rodata.str1.25750957905500915411)
                  0001fee0    00000008     ssf.o (.rodata.str1.62713664212336136821)
                  0001fee8    00000008     ti_sysbios_config.o (.rodata.ti_sysbios_knl_Idle_funcList)
                  0001fef0    00000008     ti_drivers_config.o (.rodata.udmaCC26XXHWAttrs)
                  0001fef8    00000007     ssf.o (.rodata.str1.112775746780578959251)
                  0001feff    00000007     ti_sysbios_config.o (.rodata.str1.174580395633770214331)
                  0001ff06    00000007     ssf.o (.rodata.str1.178643345727570655661)
                  0001ff0d    00000007     ssf.o (.rodata.str1.91798637038816203781)
                  0001ff14    00000006     cui.o (.rodata..L.str.8)
                  0001ff1a    00000005     drivers_cc13x4.a : UART2CC26X2.c.obj (.rodata.parityType)
                  0001ff1f    00000005                      : UART2CC26X2.c.obj (.rodata.rxFifoThreshold)
                  0001ff24    00000005     jdllc.o (.rodata.securityLevelEntry)
                  0001ff29    00000005     cui.o (.rodata.str1.171172772721783292271)
                  0001ff2e    00000005     drivers_cc13x4.a : UART2CC26X2.c.obj (.rodata.txFifoThreshold)
                  0001ff33    00000004     ti_drivers_config.o (.rodata.LEDHWAttrs)
                  0001ff37    00000001     ti_drivers_config.o (.rodata.LED_count)
                  0001ff38    00000004     drivers_cc13x4.a : NVS.c.obj (.rodata.NVS_defaultParams)
                  0001ff3c    00000004     ti_sysbios_config.o (.rodata.TimestampP_nativeFormat32)
                  0001ff40    00000004     ti_sysbios_config.o (.rodata.TimestampP_nativeFormat64)
                  0001ff44    00000004     cui.o (.rodata.cst4)
                  0001ff48    00000004     drivers_cc13x4.a : UART2CC26X2.c.obj (.rodata.cst4)
                  0001ff4c    00000004     maclib_secure_cc13x4_tirtos7.a : hmac_global.c.o (.rodata.macKeySourceLen)
                  0001ff50    00000004     cui.o (.rodata.str1.1962397095404626351)
                  0001ff54    00000004     cui.o (.rodata.str1.30335467574677175321)
                  0001ff58    00000004     cui.o (.rodata.str1.62677890245300467701)
                  0001ff5c    00000004     cui.o (.rodata.str1.90401143020905717261)
                  0001ff60    00000004     cui.o (.rodata.str1.95615992137081022121)
                  0001ff64    00000004     ti_sysbios_config.o (.rodata.ti_sysbios_family_arm_v8m_Hwi_disablePriority)
                  0001ff68    00000004     ti_sysbios_config.o (.rodata.ti_sysbios_family_arm_v8m_Hwi_swiTaskKeyAddress)
                  0001ff6c    00000004     ti_sysbios_config.o (.rodata.ti_sysbios_knl_Clock_tickPeriod)
                  0001ff70    00000002     ti_sysbios_config.o (.rodata.str1.71102027280925491351)
                  0001ff72    00000002     ssf.o (.rodata.str1.81649424991681116081)
                  0001ff74    00000001     ti_drivers_config.o (.rodata.NVS_count)
                  0001ff75    00000001     ti_drivers_config.o (.rodata.Timer_count)
                  0001ff76    00000001     ti_drivers_config.o (.rodata.UART2_count)
                  0001ff77    00000001     ti_drivers_config.o (.rodata.aesccmCC26X4HWAttrs)
                  0001ff78    00000001     ssf.o (.rodata.str1.150428808045399419361)

.cinit     0    0001ff7c    000003e4     
                  0001ff7c    0000037e     (.cinit..data.load) [load image, compression = lzss]
                  000202fa    00000002     --HOLE-- [fill = 0]
                  000202fc    0000000c     (__TI_handler_table)
                  00020308    00000008     (.cinit..TI.bound:dmaUart1RxControlTableEntry.load) [load image, compression = zero_init]
                  00020310    00000008     (.cinit..TI.bound:dmaUart1TxControlTableEntry.load) [load image, compression = zero_init]
                  00020318    00000008     (.cinit..bss.1.load) [load image, compression = zero_init]
                  00020320    00000008     (.cinit..bss.2.load) [load image, compression = zero_init]
                  00020328    00000008     (.cinit..ramVecs.load) [load image, compression = zero_init]
                  00020330    00000030     (__TI_cinit_table)

.init_array 
*          0    00000000    00000000     UNINITIALIZED

.TI.bound:flashBuf0 
*          0    00052000    00004000     UNINITIALIZED
                  00052000    00004000     ti_drivers_config.o (.TI.bound:flashBuf0)

.data      0    20004900    00000cb0     UNINITIALIZED
                  20004900    00000178     drivers_cc13x4.a : PowerCC26X2.c.obj (.data.PowerCC26X2_module)
                  20004a78    000000c0     ti_drivers_config.o (.data.gpioPinConfigs)
                  20004b38    000000af     ti_radio_config.o (.data.txPowerTable_868_pa13)
                  20004be7    00000001     api_mac.o (.data.ApiMac_gpOffsetToms)
                  20004be8    000000a0     mac_cfg.o (.data.macMRFSKGenPhyTable)
                  20004c88    0000006c     maclib_secure_cc13x4_tirtos7.a : hmac_global.c.o (.data.fhObject)
                  20004cf4    00000068     rf_multiMode_cc13x4.a : RFCC26X2_multiMode.c.cc13x4.ticlang.o (.data..L_MergedGlobals.1)
                  20004d5c    00000068     ti_sysbios_config.o (.data.ti_sysbios_knl_Clock_Module_state)
                  20004dc4    00000064     rf_multiMode_cc13x4.a : RFCC26X2_multiMode.c.cc13x4.ticlang.o (.data..L_MergedGlobals.3)
                  20004e28    0000005c     main.o (.data.Main_user1Cfg)
                  20004e84    00000058     rf_multiMode_cc13x4.a : RFCC26X2_multiMode.c.cc13x4.ticlang.o (.data..L_MergedGlobals.2)
                  20004edc    00000048     sensor.o (.data.Sensor_macCallbacks)
                  20004f24    00000048     jdllc.o (.data.macCallbacksCopy)
                  20004f6c    00000040     ssf.o (.data.configureSubMenu)
                  20004fac    00000040     ssf.o (.data.ssfMainMenu)
                  20004fec    0000003c     ti_sysbios_config.o (.data.ti_sysbios_family_arm_v8m_Hwi_Module_state)
                  20005028    0000003c     ti_sysbios_config.o (.data.ti_sysbios_knl_Task_Module_state)
                  20005064    00000038     drivers_cc13x4.a : TRNGCC26XX.c.obj (.data..L_MergedGlobals.1)
                  2000509c    00000034     ssf.o (.data.commissionSubMenu)
                  200050d0    00000034     maclib_secure_cc13x4_tirtos7.a : hmac_global.c.o (.data.macBeaconPayload)
                  20005104    00000004                                    : mac_hl_patch.c.o (.data..L_MergedGlobals)
                  20005108    00000030     drivers_cc13x4.a : TRNGCC26XX.c.obj (.data..L_MergedGlobals)
                  20005138    00000030     sensor.o (.data.Sensor_msgStats)
                  20005168    0000002c     ti_sysbios_config.o (.data.BIOS_Module_state)
                  20005194    0000002c     jdllc.o (.data.keyTable)
                  200051c0    0000002c     ti_radio_config.o (.data.pOverrides_2gfsk50kbps154g)
                  200051ec    00000028     ssf.o (.data.appSubMenu)
                  20005214    00000028     ti_sysbios_config.o (.data.ti_sysbios_knl_Swi_Module_state)
                  2000523c    00000024     jdllc.o (.data.devInfoBlock)
                  20005260    00000024     maclib_secure_cc13x4_tirtos7.a : hmac_global.c.o (.data.macActionSet)
                  20005284    00000004     cui.o (.data.CUI_clientOpen.numClients)
                  20005288    00000020     maclib_secure_cc13x4_tirtos7.a : mac.c.o (.data..L_MergedGlobals)
                  200052a8    00000020     mac_cfg.o (.data.macBeaconMargin)
                  200052c8    00000018     maclib_secure_cc13x4_tirtos7.a : mac_duty_cycle.c.o (.data..L_MergedGlobals)
                  200052e0    00000015                                    : mac_rx.c.o (.data..L_MergedGlobals)
                  200052f5    00000015     cui.o (.data.gpMultiMenuTitle)
                  2000530a    00000002     maclib_secure_cc13x4_tirtos7.a : mac_autopend.c.o (.data..L_MergedGlobals)
                  2000530c    00000014     ti_sysbios_config.o (.data.defaultPthreadAttrs)
                  20005320    00000014     maclib_secure_cc13x4_tirtos7.a : hmac_global.c.o (.data.macStateTbl)
                  20005334    00000014     main.o (.data.macUser0Cfg)
                  20005348    00000011     jdllc.o (.data.defaultChannelMask)
                  20005359    00000003     maclib_secure_cc13x4_tirtos7.a : mac_tx.c.o (.data..L_MergedGlobals.1)
                  2000535c    00000010     driverlib.lib : osc.c.obj (.data..L_MergedGlobals)
                  2000536c    00000010     mac_settings.o (.data.RF_cmdNop)
                  2000537c    00000010     mac_settings.o (.data.RF_cmdNopFg)
                  2000538c    00000010     ti_radio_config.o (.data.RF_prop_2gfsk50kbps154g)
                  2000539c    00000010     driverlib.lib : osc.c.obj (.data._hposcCoeffs)
                  200053ac    00000010     sensor.o (.data.jdllcCallbacks)
                  200053bc    00000010     mac_cfg.o (.data.macCfg)
                  200053cc    0000000e     sensor.o (.data.parentInfo)
                  200053da    00000002     jdllc.o (.data.Jdllc_events)
                  200053dc    0000000c     maclib_osal_tirtos7_cc13x4_26x4.a : osal_port.c.o (.data..L_MergedGlobals.1)
                  200053e8    0000000c     maclib_secure_cc13x4_tirtos7.a : mac.c.o (.data..L_MergedGlobals.1)
                  200053f4    0000000c     drivers_cc13x4.a : NVSCC26XX.c.obj (.data..L_MergedGlobals)
                  20005400    0000000c     maclib_osal_tirtos7_cc13x4_26x4.a : osal_port.c.o (.data..L_MergedGlobals)
                  2000540c    0000000c     ti_sysbios_config.o (.data.ti_sysbios_family_arm_v8m_cc26x4_Timer_Module_state)
                  20005418    0000000c     ti_sysbios_config.o (.data.ti_sysbios_runtime_Error_ignore)
                  20005424    0000000c     ti_sysbios_config.o (.data.ti_sysbios_runtime_System_Module_state)
                  20005430    0000000a     sensor.o (.data.collectorAddr)
                  2000543a    0000000a     main.o (.data.collectorAddr_app)
                  20005444    00000008     maclib_osal_tirtos7_cc13x4_26x4.a : osal_port_timers.c.o (.data..L_MergedGlobals.1)
                  2000544c    00000008     maclib_secure_cc13x4_tirtos7.a : mac_radio.c.o (.data..L_MergedGlobals.1)
                  20005454    00000008     maclib_osal_tirtos7_cc13x4_26x4.a : osal_port_timers.c.o (.data..L_MergedGlobals)
                  2000545c    00000008     maclib_secure_cc13x4_tirtos7.a : mac_radio.c.o (.data..L_MergedGlobals)
                  20005464    00000008                                    : mac_radio_tx.c.o (.data..L_MergedGlobals)
                  2000546c    00000008                                    : mac_tx.c.o (.data..L_MergedGlobals)
                  20005474    00000008     rf_multiMode_cc13x4.a : RFCC26X2_multiMode.c.cc13x4.ticlang.o (.data..L_MergedGlobals)
                  2000547c    00000008                           : RFCC26X2_multiMode.c.cc13x4.ticlang.o (.data.RFCC26XX_schedulerPolicy)
                  20005484    00000008     ti_sysbios_config.o (.data.ti_sysbios_gates_GateMutexPri_Module_state)
                  2000548c    00000008     ti_sysbios_config.o (.data.ti_sysbios_heaps_HeapCallback_Module_state)
                  20005494    00000008     ti_sysbios_config.o (.data.ti_sysbios_knl_Mailbox_Module_state)
                  2000549c    00000008     ti_sysbios_config.o (.data.ti_sysbios_knl_Semaphore_Module_state)
                  200054a4    00000004     drivers_cc13x4.a : PowerCC26X2.c.obj (.data.PowerCC26X2_rtcSubSecInc)
                  200054a8    00000004     rf_multiMode_cc13x4.a : RFCC26X2_multiMode.c.cc13x4.ticlang.o (.data.RF_fsmActiveState.lfClockSourceLast)
                  200054ac    00000004     libc.a : aeabi_portable.c.obj (.data.__aeabi_errno)
                  200054b0    00000004            : _lock.c.obj (.data._lock)
                  200054b4    00000004            : _lock.c.obj (.data._unlock)
                  200054b8    00000004     api_mac.o (.data.appEvents)
                  200054bc    00000004     control_task.o (.data.control_task_InfoToHub_handle)
                  200054c0    00000004     control_task.o (.data.control_task_NotiInfo_handle)
                  200054c4    00000004     control_task.o (.data.control_task_ledConfirm_handle)
                  200054c8    00000004     cui.o (.data.cuiMultiMenu)
                  200054cc    00000004     control_task.o (.data.devInfoConfirmationTimer)
                  200054d0    00000004     sensor.o (.data.endToEndDelay)
                  200054d4    00000004     cui.o (.data.gCurrMenuItemEntry)
                  200054d8    00000004     cui.o (.data.gPrevMenuItemEntry)
                  200054dc    00000004     cui.o (.data.gTxLen)
                  200054e0    00000004     cui.o (.data.gTxSent)
                  200054e4    00000004     cui.o (.data.gUartHandle)
                  200054e8    00000004     jdllc.o (.data.interimDelayTicks)
                  200054ec    00000004     sensor.o (.data.joinTimeTicks)
                  200054f0    00000004     ssf.o (.data.lastSavedFrameCounter)
                  200054f4    00000004     maclib_secure_cc13x4_tirtos7.a : hmac_global.c.o (.data.macDataBeaconRequeue)
                  200054f8    00000004                                    : hmac_global.c.o (.data.macDataCheckSched)
                  200054fc    00000004                                    : hmac_global.c.o (.data.macDataCheckTxTime)
                  20005500    00000004                                    : hmac_global.c.o (.data.macDataRequeueIndirect)
                  20005504    00000004                                    : hmac_global.c.o (.data.macDataRxBeaconCritical)
                  20005508    00000004                                    : hmac_global.c.o (.data.macDataSetSched)
                  2000550c    00000004                                    : hmac_global.c.o (.data.macDataTxBeaconComplete)
                  20005510    00000004                                    : hmac_global.c.o (.data.macDataTxIndirect)
                  20005514    00000004     macTask.o (.data.macEvents)
                  20005518    00000004     maclib_secure_cc13x4_tirtos7.a : mac_symbol_timer.c.o (.data.macSymbolWakeupClock)
                  2000551c    00000004     macTask.o (.data.macTaskEvents)
                  20005520    00000004     maclib_secure_cc13x4_tirtos7.a : hmac_global.c.o (.data.macTimerNewRollover)
                  20005524    00000004                                    : hmac_global.c.o (.data.macTimerRollover)
                  20005528    00000004                                    : mac.c.o (.data.minTxOffTime)
                  2000552c    00000004     scif_framework.o (.data.osalIndicateCtrlReadyCallback)
                  20005530    00000004     scif_framework.o (.data.osalIndicateTaskAlertCallback)
                  20005534    00000004     jdllc.o (.data.pJdllcCallbacksCopy)
                  20005538    00000004     api_mac.o (.data.pMacCallbacks)
                  2000553c    00000004     macTask.o (.data.pMacCbackCheckPending)
                  20005540    00000004     macTask.o (.data.pMacCbackQueryRetransmit)
                  20005544    00000004     maclib_secure_cc13x4_tirtos7.a : hmac_global.c.o (.data.pMacDataTx)
                  20005548    00000004                                    : mac_radio_tx.c.o (.data.pMacEnhancedAck)
                  2000554c    00000004     ssf.o (.data.pNV)
                  20005550    00000004     maclib_secure_cc13x4_tirtos7.a : mac_mcu.c.o (.data.pRandomSeedCB)
                  20005554    00000004     sensor.o (.data.startSensorMsgTimeStamp)
                  20005558    00000004     sensor.o (.data.tempSensor)
                  2000555c    00000004     ti_sysbios_config.o (.data.terminatedList)
                  20005560    00000004     ti_sysbios_config.o (.data.ti_sysbios_runtime_Memory_defaultHeapInstance)
                  20005564    00000004     sensor.o (.data.totalE2EDelaySum)
                  20005568    00000002     NeoPixel.o (.data.NeoPixelNumberOfLeds)
                  2000556a    00000002     sensor.o (.data.Sensor_events)
                  2000556c    00000002     ssf.o (.data.Ssf_resetCount)
                  2000556e    00000002     maclib_secure_cc13x4_tirtos7.a : mac_hl_patch.c.o (.data.assoc_resp_no_ack_cnt)
                  20005570    00000002     ssf.o (.data.events)
                  20005572    00000002     sensor.o (.data.lastRcvdBroadcastMsgId)
                  20005574    00000002     control_task.o (.data.personal_addr)
                  20005576    00000002     ssf.o (.data.setChMaskAction.cursor.0)
                  20005578    00000002     ssf.o (.data.setNwkKeyAction.cursor.0)
                  2000557a    00000002     ssf.o (.data.setPanIdAction.cursor.0)
                  2000557c    00000002     mac_cfg.o (.data.symbol_rate_custom)
                  2000557e    00000001     api_mac.o (.data.ApiMac_mtDataReqTxOptionGp)
                  2000557f    00000001     cui.o (.data.CUI_statusLinePrintf.refreshCharIdx)
                  20005580    00000001     jdllc.o (.data.Jdllc_getJoiningPanId.panIdInitialized)
                  20005581    00000001     main.o (.data.Main_assertReason)
                  20005582    00000001     nvocmp.o (.data.NVOCMP_failF)
                  20005583    00000001     NeoPixel.o (.data.NeoPixelBrightness)
                  20005584    00000001     ssf.o (.data.Ssf_resetReseason)
                  20005585    00000001     maclib_secure_cc13x4_tirtos7.a : lmac_global.c.o (.data.bInSwi)
                  20005586    00000001     rf_multiMode_cc13x4.a : rf_patch_cpe_multi_protocol.c.cc13x4.ticlang.o (.data.bMultiProtocolPatchEntered)
                  20005587    00000001     macTask.o (.data.checkPending)
                  20005588    00000001     maclib_secure_cc13x4_tirtos7.a : hmac_global.c.o (.data.csmPhy)
                  20005589    00000001                                    : mac.c.o (.data.customMinTxOffEnabled)
                  2000558a    00000001                                    : mac_duty_cycle.c.o (.data.dcEnabled)
                  2000558b    00000001     control_task.o (.data.devInfoConfirmationFlag)
                  2000558c    00000001     control_task.o (.data.devInfoConfirmationMail)
                  2000558d    00000001     sensor.o (.data.deviceTxMsduHandle)
                  2000558e    00000001     control_task.o (.data.disconnected_ledShow)
                  2000558f    00000001     cui.o (.data.gModuleInitialized)
                  20005590    00000001     jdllc.o (.data.initBroadcastMsg)
                  20005591    00000001     drivers_cc13x4.a : GPIOCC26X4.c.obj (.data.initCalled)
                  20005592    00000001                      : AESCCMCC26X4.c.obj (.data.isInitialized)
                  20005593    00000001                      : CryptoResourceCC26XX.c.obj (.data.isInitialized)
                  20005594    00000001                      : NVS.c.obj (.data.isInitialized)
                  20005595    00000001                      : PWM.c.obj (.data.isInitialized)
                  20005596    00000001     ssf.o (.data.led1State)
                  20005597    00000001     maclib_secure_cc13x4_tirtos7.a : lmac_global.c.o (.data.macRadioYielded)
                  20005598    00000001                                    : lmac_global.c.o (.data.macSrcMatchIsEnabled)
                  20005599    00000001                                    : mac_autopend.c.o (.data.macSrcMatchManualAddressTracking)
                  2000559a    00000001                                    : mac.c.o (.data.macTxCmdActive)
                  2000559b    00000001                                    : lmac_global.c.o (.data.macTxSlottedDelay)
                  2000559c    00000001                                    : mac_tx.c.o (.data.macTxSlottedDelayFactor)
                  2000559d    00000001                                    : mac_tx.c.o (.data.npdb)
                  2000559e    00000001     jdllc.o (.data.numSyncLoss)
                  2000559f    00000001     maclib_secure_cc13x4_tirtos7.a : mac_tx.c.o (.data.numTx)
                  200055a0    00000001     sensor.o (.data.orphanestate)
                  200055a1    00000001     scif_framework.o (.data.osalCtrlTaskNblLocked)
                  200055a2    00000001     scif_framework.o (.data.osalInitDone)
                  200055a3    00000001     jdllc.o (.data.panIdMatch)
                  200055a4    00000001     jdllc.o (.data.parentFound)
                  200055a5    00000001     macTask.o (.data.queryRetransmit)
                  200055a6    00000001     sensor.o (.data.rejoining)
                  200055a7    00000001     maclib_secure_cc13x4_tirtos7.a : mac.c.o (.data.reqAccessAlloc)
                  200055a8    00000001     control_task.o (.data.retry_count_devInfo)
                  200055a9    00000001     ssf.o (.data.setChMaskAction.initChanMask)
                  200055aa    00000001     ssf.o (.data.setNwkKeyAction.initChanMask)
                  200055ab    00000001     ssf.o (.data.setPanIdAction.initPanId)
                  200055ac    00000001     ssf.o (.data.started)
                  200055ad    00000001     api_mac.o (.data.subAttributeReadId)
                  200055ae    00000001     ti_sysbios_config.o (.data.ti_sysbios_knl_Idle_initDone)
                  200055af    00000001     ti_sysbios_config.o (.data.ti_sysbios_runtime_Startup_done)

.ramVecs   0    20005600    000001fc     UNINITIALIZED
                  20005600    000000fc     driverlib.lib : interrupt.c.obj (.ramVecs)
                  200056fc    00000004     --HOLE--
                  20005700    000000fc     ti_sysbios_config.o (.ramVecs)

.sysmem    0    200057fc    00000000     UNINITIALIZED

.nonretenvar 
*          0    200057fc    00000000     UNINITIALIZED

.stack     0    2003b000    00005000     UNINITIALIZED
                  2003b000    00000004     sysbios.a : boot_cortex_m.c.obj (.stack)
                  2003b004    00004ffc     --HOLE--

.ccfg      0    50000000    0000007c     
                  50000000    0000007c     ti_devices_config.o (.ccfg)

.text      0    0000003c    0001dc9a     
                  0000003c    00000744     maclib_secure_cc13x4_tirtos7.a : mac_rx.c.o (.text.macRxFrameIsr)
                  00000780    000006d2     nvocmp.o (.text.NVOCMP_compactPage)
                  00000e52    00000002     ti_sysbios_config.o (.text.BIOS_nullFunc)
                  00000e54    00000664     api_mac.o (.text.ApiMac_processIncoming)
                  000014b8    00000594     maclib_secure_cc13x4_tirtos7.a : mac_radio_tx.c.o (.text.macRadioTxGo)
                  00001a4c    0000054e     cui.o (.text.CUI_processMenuUpdate)
                  00001f9a    00000002     ti_drivers_config.o (.text.Board_initHook)
                  00001f9c    00000480     rf_multiMode_cc13x4.a : RFCC26X2_multiMode.c.cc13x4.ticlang.o (.text.RF_fsmActiveState)
                  0000241c    00000468     nvocmp.o (.text.NVOCMP_initNvApi)
                  00002884    00000438     jdllc.o (.text.Jdllc_process)
                  00002cbc    000003d4     ti_sysbios_config.o (.text.ti_sysbios_runtime_System_doPrint)
                  00003090    00000358     maclib_secure_cc13x4_tirtos7.a : mac_rx.c.o (.text.rxPayloadIsr)
                  000033e8    0000032c     nvocmp.o (.text.NVOCMP_addItem)
                  00003714    0000032a     ssf.o (.text.setChMaskAction)
                  00003a3e    00000002     drivers_cc13x4.a : LED.c.obj (.text.LED_init)
                  00003a40    0000031c     maclib_secure_cc13x4_tirtos7.a : mac_hl_patch.c.o (.text.macWrapperAddDevice)
                  00003d5c    00000312     control_task.o (.text.controlTask_)
                  0000406e    00000306     sensor.o (.text.Sensor_process)
                  00004374    000002f4     maclib_secure_cc13x4_tirtos7.a : mac.c.o (.text.macRxCb)
                  00004668    000002ec                                    : mac_mgmt.c.o (.text.macBuildHeader)
                  00004954    000002e8                                    : mac_radio_tx.c.o (.text.macRadioCsmaTxCb)
                  00004c3c    000002d4     cui.o (.text.CUI_dispMenu)
                  00004f10    000002c6     macTask.o (.text.macTaskFxn)
                  000051d6    00000002     rf_multiMode_cc13x4.a : rfc.c.cc13x4.ticlang.o (.text.NOROM_RFCCpePatchReset)
                  000051d8    000002b6     ssf.o (.text.setNwkKeyAction)
                  0000548e    00000002     NeoPixel.o (.text.NeoPixel_Callback)
                  00005490    00000268     maclib_secure_cc13x4_tirtos7.a : mac_radio.c.o (.text.macRadioInitSubG)
                  000056f8    0000024c     rf_multiMode_cc13x4.a : RFCC26X2_multiMode.c.cc13x4.ticlang.o (.text.RF_open)
                  00005944    0000024c     ti_sysbios_config.o (.text.ti_sysbios_runtime_Startup_exec)
                  00005b90    00000240     nvocmp.o (.text.NVOCMP_findItem)
                  00005dd0    0000022e     mac_settings.o (.text.rfSetConfigSubG)
                  00005ffe    00000002     rf_multiMode_cc13x4.a : RFCC26X2_multiMode.c.cc13x4.ticlang.o (.text.RF_defaultCallback)
                  00006000    00000228     maclib_secure_cc13x4_tirtos7.a : mac_security_pib.c.o (.text.MAC_MlmeSetSecurityReq)
                  00006228    00000222     ti_sysbios_config.o (.text.ti_sysbios_family_arm_v8m_Hwi_Instance_init)
                  0000644a    00000002     ssf.o (.text.Ssf_sensorReadingUpdate)
                  0000644c    00000220     cui.o (.text.CUI_registerMenu)
                  0000666c    0000021c     maclib_secure_cc13x4_tirtos7.a : mac_radio_tx.c.o (.text.macRadioTxRequestTxAck)
                  00006888    00000210                                    : mac.c.o (.text.macSendReceiveCmdSubG)
                  00006a98    0000020e     ssf.o (.text.setPanIdAction)
                  00006ca6    00000002     ssf.o (.text.Ssf_trackingUpdate)
                  00006ca8    000001fc     drivers_cc13x4.a : AESCCMCC26X4.c.obj (.text.AESCCM_addAADInternal)
                  00006ea4    000001fc     cui.o (.text.CUI_statusLinePrintf)
                  000070a0    000001f0     cui.o (.text.CUI_init)
                  00007290    000001f0     drivers_cc13x4.a : UART2CC26X2.c.obj (.text.UART2CC26X2_hwiIntFxn)
                  00007480    000001ec     maclib_secure_cc13x4_tirtos7.a : mac_hl_patch.c.o (.text.macTxCompleteCallback)
                  0000766c    000001e8     rf_multiMode_cc13x4.a : RFCC26X2_multiMode.c.cc13x4.ticlang.o (.text.RF_scheduleCmd)
                  00007854    000001dc                           : RFCC26X2_multiMode.c.cc13x4.ticlang.o (.text.RF_dispatchNextCmd)
                  00007a30    000001d8     nvocmp.o (.text.NVOCMP_erase)
                  00007c08    000001d8     maclib_secure_cc13x4_tirtos7.a : mac_security_pib.c.o (.text.macSecurityPibReset)
                  00007de0    000001d4     drivers_cc13x4.a : UART2.c.obj (.text.UART2_readTimeout)
                  00007fb4    000001d0     maclib_secure_cc13x4_tirtos7.a : mac.c.o (.text.macSendReceiveCmdIeee)
                  00008184    000001d0     ti_sysbios_config.o (.text.ti_sysbios_knl_Clock_workFuncDynamic)
                  00008354    000001c2     jdllc.o (.text.assocCnfCb)
                  00008516    00000002     drivers_cc13x4.a : UART2CC26X2.c.obj (.text.UART2CC26X2_eventCallback)
                  00008518    000001bc     maclib_secure_cc13x4_tirtos7.a : mac_pib.c.o (.text.MAC_MlmeSetReq)
                  000086d4    000001b6     ti_sysbios_config.o (.text.pthread_create)
                  0000888a    00000002     libclang_rt.builtins.a : aeabi_div0.c.obj (.text.__aeabi_ldiv0)
                  0000888c    000001ac     maclib_secure_cc13x4_tirtos7.a : mac_tx.c.o (.text.macTxFrame)
                  00008a38    0000019c     ti_sysbios_config.o (.text.ti_sysbios_family_arm_v8m_cc26x4_Timer_construct)
                  00008bd4    0000019a     jdllc.o (.text.pollCnfCb)
                  00008d6e    00000002     libc.a : _lock.c.obj (.text._nop)
                  00008d70    00000194     cui.o (.text.CUI_statusLineResourceRequest)
                  00008f04    00000194     drivers_cc13x4.a : PowerCC26X2_calibrateRCOSC.c.obj (.text.PowerCC26X2_auxISR)
                  00009098    00000194     maclib_secure_cc13x4_tirtos7.a : mac_hl_patch.c.o (.text.macWrapperAddKeyInitFCtr)
                  0000922c    00000188                                    : mac_security_pib.c.o (.text.MAC_MlmeGetSecurityReq)
                  000093b4    00000184     drivers_cc13x4.a : UART2CC26X2.c.obj (.text.UART2_open)
                  00009538    00000184     maclib_secure_cc13x4_tirtos7.a : mac_hl_patch.c.o (.text.macIncomingFrameSecurityMaterialRetrieval)
                  000096bc    00000174     drivers_cc13x4.a : UART2.c.obj (.text.UART2_writeTimeoutBlocking)
                  00009830    00000168     maclib_secure_cc13x4_tirtos7.a : mac_mgmt.c.o (.text.macBuildCommonReq)
                  00009998    00000160                                    : mac_hl_patch.c.o (.text.MAC_McpsDataReq)
                  00009af8    00000160                                    : mac_scan.c.o (.text.macApiScanReq)
                  00009c58    00000160                                    : mac_tx.c.o (.text.txCsmaDelay)
                  00009db8    0000015e     btn.o (.text.btn_process)
                  00009f16    0000015a     sensor.o (.text.dataCnfCB)
                  0000a070    00000158     ssf.o (.text.Ssf_init)
                  0000a1c8    00000154     sensor.o (.text.dataIndCB)
                  0000a31c    00000152     jdllc.o (.text.dataCnfCb)
                  0000a46e    00000002     drivers_cc13x4.a : PowerCC26X2.c.obj (.text.emptyClockFunc)
                  0000a470    0000014c     rf_multiMode_cc13x4.a : RFCC26X2_multiMode.c.cc13x4.ticlang.o (.text.RF_radioOpDoneCb)
                  0000a5bc    00000148     drivers_cc13x4.a : PowerCC26X2.c.obj (.text.Power_sleep)
                  0000a704    00000148     maclib_secure_cc13x4_tirtos7.a : mac_data.c.o (.text.macDataTxSend)
                  0000a84c    00000146     macTask.o (.text.MAC_CbackEvent)
                  0000a992    00000144     rf_multiMode_cc13x4.a : RFCC26X2_multiMode.c.cc13x4.ticlang.o (.text.RF_updatePaConfiguration)
                  0000aad6    00000002     drivers_cc13x4.a : CryptoResourceCC26XX.c.obj (.text.errorSpin)
                  0000aad8    00000144     maclib_secure_cc13x4_tirtos7.a : mac_hl_patch.c.o (.text.macIncomingFrameSecurity)
                  0000ac1c    00000140     nvocmp.o (.text.NVOCMP_eraseNvApi)
                  0000ad5c    00000140     maclib_secure_cc13x4_tirtos7.a : mac_radio_tx.c.o (.text.macRadioLbtTxCb)
                  0000ae9c    0000013c     rf_multiMode_cc13x4.a : RFCC26X2_multiMode.c.cc13x4.ticlang.o (.text.RF_abortCmd)
                  0000afd8    0000013c     scif_framework.o (.text.scifInit)
                  0000b114    00000138     libc.a : strtol.c.obj (.text.strtol)
                  0000b24c    00000134     rf_multiMode_cc13x4.a : RFCC26X2_multiMode.c.cc13x4.ticlang.o (.text.RF_ratSetupChannel)
                  0000b380    00000134     maclib_secure_cc13x4_tirtos7.a : mac_mgmt.c.o (.text.macSetDefaultsByPhyID)
                  0000b4b4    00000130     drivers_cc13x4.a : AESCCMCC26X4.c.obj (.text.AESCCM_addDataInternal)
                  0000b5e4    00000130     sensor.o (.text.processConfigRequest)
                  0000b714    0000012c     rf_multiMode_cc13x4.a : RFCC26X2_multiMode.c.cc13x4.ticlang.o (.text.RF_close)
                  0000b840    0000012c     maclib_secure_cc13x4_tirtos7.a : mac_hl_patch.c.o (.text.macRxBeaconCritical)
                  0000b96c    0000012c     ti_sysbios_config.o (.text.ti_sysbios_knl_Semaphore_pend)
                  0000ba98    0000012a     nvocmp.o (.text.NVOCMP_updateItemApi)
                  0000bbc2    00000002     maclib_secure_cc13x4_tirtos7.a : mac_pwr.c.o (.text.macApiPwrOnReq)
                  0000bbc4    00000128     drivers_cc13x4.a : Button.c.obj (.text.Button_clockTimeoutHandler)
                  0000bcec    00000128     maclib_secure_cc13x4_tirtos7.a : mac_data.c.o (.text.macAllocTxBuffer)
                  0000be14    00000128                                    : mac_hl_patch.c.o (.text.macWrapperDeleteDevice)
                  0000bf3c    00000124     rf_multiMode_cc13x4.a : RFCC26X2_multiMode.c.cc13x4.ticlang.o (.text.RF_fsmSetupState)
                  0000c060    00000124     drivers_cc13x4.a : TRNGCC26XX.c.obj (.text.TRNGCC26XX_hwiFxn)
                  0000c184    00000124     maclib_secure_cc13x4_tirtos7.a : mac_radio.c.o (.text.macRadioInitIeee)
                  0000c2a8    00000120                                    : mac_duty_cycle.c.o (.text.macDutyCycleInit)
                  0000c3c8    0000011c     drivers_cc13x4.a : NVSCC26XX.c.obj (.text.NVSCC26XX_write)
                  0000c4e4    0000011c     ti_sysbios_config.o (.text.ti_sysbios_knl_Mailbox_Instance_init)
                  0000c600    0000011a     nvocmp.o (.text.NVOCMP_readContItemApi)
                  0000c71a    00000002     maclib_secure_cc13x4_tirtos7.a : mac_mcu.c.o (.text.macMcuBitReverse)
                  0000c71c    00000118     drivers_cc13x4.a : PowerCC26X2.c.obj (.text.Power_init)
                  0000c834    00000118     rf_multiMode_cc13x4.a : RFCC26X2_multiMode.c.cc13x4.ticlang.o (.text.RF_decodeOverridePointers)
                  0000c94c    00000118     sensor.o (.text.Sensor_sendMsg)
                  0000ca64    00000118     ssf.o (.text.Ssf_stateChangeUpdate)
                  0000cb7c    00000118     drivers_cc13x4.a : UART2.c.obj (.text.UART2_writeTimeoutNonblocking)
                  0000cc94    00000114     driverlib.lib : setup_rom.c.obj (.text.NOROM_SetupAfterColdResetWakeupFromShutDownCfg3)
                  0000cda8    00000114     nvocmp.o (.text.NVOCMP_createItemApi)
                  0000cebc    00000114     maclib_secure_cc13x4_tirtos7.a : mac_tx.c.o (.text.txComplete)
                  0000cfd0    00000110     drivers_cc13x4.a : GPIOCC26X4.c.obj (.text.GPIO_init)
                  0000d0e0    00000110                      : LED.c.obj (.text.LED_open)
                  0000d1f0    00000110     maclib_secure_cc13x4_tirtos7.a : mac_ie_build.c.o (.text.macBuildPayloadIes)
                  0000d300    0000010c     driverlib.lib : setup_rom.c.obj (.text.NOROM_SetupAfterColdResetWakeupFromShutDownCfg2)
                  0000d40c    0000010c     nvocmp.o (.text.NVOCMP_getDstPage)
                  0000d518    0000010c     drivers_cc13x4.a : PowerCC26X2_calibrateRCOSC.c.obj (.text.PowerCC26X2_calibrate)
                  0000d624    0000010c     ti_sysbios_config.o (.text.ti_sysbios_knl_Task_Instance_finalize)
                  0000d730    0000010a     ti_sysbios_config.o (.text.ti_sysbios_knl_Clock_startI)
                  0000d83a    00000002     maclib_secure_cc13x4_tirtos7.a : mac_mgmt.c.o (.text.macNoAction)
                  0000d83c    00000108     drivers_cc13x4.a : AESCCMCC26X4.c.obj (.text.AESCCM_getResult)
                  0000d944    00000108     maclib_secure_cc13x4_tirtos7.a : mac_hl_patch.c.o (.text.macBuildDataFrame)
                  0000da4c    00000104     nvocmp.o (.text.NVOCMP_deleteItemApi)
                  0000db50    00000104     sysbios.a : Hwi_asm_gcc.s.obj (.text.ti_sysbios_family_arm_v8m_Hwi_dispatch)
                  0000dc54    00000100     driverlib.lib : setup.c.obj (.text.NOROM_SetupTrimDevice)
                  0000dd54    00000100     nvocmp.o (.text.NVOCMP_setItemInactive)
                  0000de54    00000100     rf_multiMode_cc13x4.a : RFCC26X2_multiMode.c.cc13x4.ticlang.o (.text.RF_fsmPowerUpState)
                  0000df54    00000100     drivers_cc13x4.a : TimerCC26XX.c.obj (.text.Timer_open)
                  0000e054    00000100     maclib_secure_cc13x4_tirtos7.a : mac_device.c.o (.text.macBuildAssociateReq)
                  0000e154    00000100                                    : mac_data.c.o (.text.macRxCompleteCallback)
                  0000e254    00000100                                    : mac_hl_patch.c.o (.text.macScanNextChan)
                  0000e354    000000fc     nvocmp.o (.text.NVOCMP_writeItemApi)
                  0000e450    000000fc     rf_multiMode_cc13x4.a : RFCC26X2_multiMode.c.cc13x4.ticlang.o (.text.RF_hwiCpe0Active)
                  0000e54c    000000fa     jdllc.o (.text.scanCnfCb)
                  0000e646    00000002     maclib_secure_cc13x4_tirtos7.a : mac_radio.c.o (.text.macRadioSetRE)
                  0000e648    000000f6     ti_sysbios_config.o (.text.PowerCC26XX_standbyPolicy)
                  0000e73e    00000002     maclib_secure_cc13x4_tirtos7.a : mac_radio_tx.c.o (.text.macRadioTxCancelTxAck)
                  0000e740    000000f4     drivers_cc13x4.a : TRNGCC26XX.c.obj (.text.TRNG_getRandom)
                  0000e834    000000f2     ti_sysbios_config.o (.text.ti_sysbios_knl_Clock_init)
                  0000e926    00000002     --HOLE-- [fill = 0]
                  0000e928    000000f0     drivers_cc13x4.a : UART2CC26X2.c.obj (.text.UART2Support_dmaStartRx)
                  0000ea18    000000f0     maclib_secure_cc13x4_tirtos7.a : mac_device.c.o (.text.macApiAssociateReq)
                  0000eb08    000000ec                                    : mac.c.o (.text.macSetupRATChanCompare)
                  0000ebf4    000000e4     drivers_cc13x4.a : AESCCMCC26X4.c.obj (.text.AESCCM_startOperation)
                  0000ecd8    000000e4                      : Button.c.obj (.text.Button_open)
                  0000edbc    000000e4     sensor.o (.text.Sensor_init)
                  0000eea0    000000e4     sensor.o (.text.jdllcJoinedCb)
                  0000ef84    000000e4     maclib_secure_cc13x4_tirtos7.a : mac_tx.c.o (.text.macTxChannelBusyCallback)
                  0000f068    000000e4     ti_sysbios_config.o (.text.ti_sysbios_gates_GateMutexPri_enter)
                  0000f14c    000000e2     api_mac.o (.text.ApiMac_mlmeSetReqArray)
                  0000f22e    000000e2     nvocmp.o (.text.NVOCMP_readItemApi)
                  0000f310    000000e2     ti_sysbios_config.o (.text.ti_sysbios_knl_Swi_restoreHwi)
                  0000f3f2    00000002     --HOLE-- [fill = 0]
                  0000f3f4    000000e0     driverlib.lib : sys_ctrl.c.obj (.text.NOROM_SysCtrlStandby)
                  0000f4d4    000000e0     drivers_cc13x4.a : UART2CC26X2.c.obj (.text.UART2CC26X2_initHw)
                  0000f5b4    000000e0     maclib_secure_cc13x4_tirtos7.a : mac_hl_patch.c.o (.text.macOutgoingFrameKeyDescRetrieval)
                  0000f694    000000e0                                    : mac_tx.c.o (.text.txCsmaPrep)
                  0000f774    000000dc     ti_sysbios_config.o (.text.ClockP_create)
                  0000f850    000000dc     rf_multiMode_cc13x4.a : RFCC26X2_multiMode.c.cc13x4.ticlang.o (.text.RF_control)
                  0000f92c    000000dc     maclib_secure_cc13x4_tirtos7.a : mac_mgmt.c.o (.text.macBuildDisassociateReq)
                  0000fa08    000000da     ssf.o (.text.Ssf_networkUpdate)
                  0000fae2    000000da     ti_sysbios_config.o (.text.ti_sysbios_knl_Task_postInit)
                  0000fbbc    000000d8     maclib_secure_cc13x4_tirtos7.a : mac_hl_patch.c.o (.text.macCcmStarTransform)
                  0000fc94    000000d8                                    : mac_scan.c.o (.text.macScanRxBeacon)
                  0000fd6c    000000d8     jdllc.o (.text.syncLossCb)
                  0000fe44    000000d4     maclib_secure_cc13x4_tirtos7.a : mac_data.c.o (.text.MAC_McpsDataAlloc)
                  0000ff18    000000d0     drivers_cc13x4.a : PowerCC26X2.c.obj (.text.configureXOSCHF)
                  0000ffe8    000000d0     maclib_secure_cc13x4_tirtos7.a : mac_hl_patch.c.o (.text.macEdScanISR)
                  000100b8    000000d0                                    : mac_radio_tx.c.o (.text.macRadioTxAckCb)
                  00010188    000000d0                                    : mac_radio_tx.c.o (.text.macRadioTxPrepCsmaSlottedSubG)
                  00010258    000000d0                                    : mac_symbol_timer.c.o (.text.macSymbolTimerUpdateWakeup)
                  00010328    000000d0     ti_sysbios_config.o (.text.ti_sysbios_knl_Task_sleep)
                  000103f8    000000ce     ssf.o (.text.Ssf_processEvents)
                  000104c6    00000002     --HOLE-- [fill = 0]
                  000104c8    000000cc     nvocmp.o (.text.NVOCMP_readItem)
                  00010594    000000cc     maclib_secure_cc13x4_tirtos7.a : mac_mgmt.c.o (.text.macCommStatusInd)
                  00010660    000000cc                                    : mac_device.c.o (.text.macDeviceReset)
                  0001072c    000000ca     ti_sysbios_config.o (.text.SwiP_construct)
                  000107f6    00000002     --HOLE-- [fill = 0]
                  000107f8    000000c8     maclib_secure_cc13x4_tirtos7.a : mac_hl_patch.c.o (.text.macOutgoingFrameSecurity)
                  000108c0    000000c8                                    : mac_main.c.o (.text.macSendDataMsg)
                  00010988    000000c6     ti_sysbios_config.o (.text.HwiP_construct)
                  00010a4e    00000002     --HOLE-- [fill = 0]
                  00010a50    000000c4     maclib_secure_cc13x4_tirtos7.a : mac_hl_patch.c.o (.text.macBuildHeaderIes)
                  00010b14    000000c4                                    : mac_duty_cycle.c.o (.text.macDutyCycleNotify)
                  00010bd8    000000c0     drivers_cc13x4.a : GPIOCC26XX.c.obj (.text.GPIO_setConfigAndMux)
                  00010c98    000000c0     driverlib.lib : aes.c.obj (.text.NOROM_AESWriteToKeyStore)
                  00010d58    000000c0     maclib_secure_cc13x4_tirtos7.a : mac_tx.c.o (.text.macTxRequestCsmaRtcDelay)
                  00010e18    000000c0                                    : mac_radio.c.o (.text.scheduleNopWakeupCmd)
                  00010ed8    000000be     ti_sysbios_config.o (.text.ti_sysbios_knl_Swi_runLoop)
                  00010f96    000000be     ti_sysbios_config.o (.text.ti_sysbios_knl_Task_Instance_init)
                  00011054    000000bc     ti_sysbios_config.o (.text.BIOS_startFunc)
                  00011110    000000bc     drivers_cc13x4.a : PowerCC26X2.c.obj (.text.Power_setDependency)
                  000111cc    000000bc     rf_multiMode_cc13x4.a : RFCC26X2_multiMode.c.cc13x4.ticlang.o (.text.RF_swiHw)
                  00011288    000000bc     drivers_cc13x4.a : UART2CC26X2.c.obj (.text.UART2Support_dmaStartTx)
                  00011344    000000ba     ti_sysbios_config.o (.text.ti_sysbios_knl_Task_setPri)
                  000113fe    00000002     --HOLE-- [fill = 0]
                  00011400    000000b8     drivers_cc13x4.a : GPTimerCC26XX.c.obj (.text.GPTimerCC26XX_open)
                  000114b8    000000b8     maclib_secure_cc13x4_tirtos7.a : mac_mgmt.c.o (.text.MAC_MlmeResetReq)
                  00011570    000000b8     sensor.o (.text.Sensor_sendDeviceTypeResponse)
                  00011628    000000b8     maclib_secure_cc13x4_tirtos7.a : mac_tx.c.o (.text.macTxRequestCsmaDelay)
                  000116e0    000000b4     drivers_cc13x4.a : PowerCC26X2.c.obj (.text.Power_releaseDependency)
                  00011794    000000b4     maclib_secure_cc13x4_tirtos7.a : mac.c.o (.text.macGetRFCmdDuration)
                  00011848    000000b4     scif_framework.o (.text.scifInitIo)
                  000118fc    000000b2     sensor.o (.text.Sensor_sendIdentifyLedRequest)
                  000119ae    000000b2     jdllc.o (.text.disassoCnfCb)
                  00011a60    000000b0     cui.o (.text.CUI_clientOpen)
                  00011b10    000000b0     maclib_secure_cc13x4_tirtos7.a : mac_data.c.o (.text.macApiDataReq)
                  00011bc0    000000b0                                    : mac_mgmt.c.o (.text.macBuildBeaconNotifyInd)
                  00011c70    000000b0                                    : mac_ie_build.c.o (.text.macBuildPayloadCoexistIe)
                  00011d20    000000b0     libclang_rt.builtins.a : udivmoddi4.S.obj (.text)
                  00011dd0    000000ae     cui.o (.text.CUI_menuActionHelp)
                  00011e7e    000000ae     control_task.o (.text.control_taskInit)
                  00011f2c    000000ac     rf_multiMode_cc13x4.a : RFCC26X2_multiMode.c.cc13x4.ticlang.o (.text.RF_pendCmd)
                  00011fd8    000000ac     maclib_secure_cc13x4_tirtos7.a : mac_hl_patch.c.o (.text.macAutoPendMaintainSrcMatchTable)
                  00012084    000000ac                                    : mac_data.c.o (.text.macDataTxEnqueue)
                  00012130    000000ac     ti_sysbios_config.o (.text.ti_sysbios_knl_Task_restore)
                  000121dc    000000aa     ti_sysbios_config.o (.text.ti_sysbios_knl_Task_startup)
                  00012286    00000002     --HOLE-- [fill = 0]
                  00012288    000000a8     drivers_cc13x4.a : AESCCMCC26X4.c.obj (.text.AESCCM_hwiFxn)
                  00012330    000000a8     jdllc.o (.text.beaconNotifyIndCb)
                  000123d8    000000a8     maclib_secure_cc13x4_tirtos7.a : mac_rx.c.o (.text.macRxInit)
                  00012480    000000a8                                    : mac_tx.c.o (.text.macTxStartQueuedFrame)
                  00012528    000000a6     cui.o (.text.CUI_updateCursor)
                  000125ce    00000002     --HOLE-- [fill = 0]
                  000125d0    000000a4     maclib_secure_cc13x4_tirtos7.a : mac_autopend.c.o (.text.MAC_SrcMatchAddEntry)
                  00012674    000000a4     maclib_osal_tirtos7_cc13x4_26x4.a : osal_port.c.o (.text.OsalPort_heapMalloc)
                  00012718    000000a4     rf_multiMode_cc13x4.a : RFCC26X2_multiMode.c.cc13x4.ticlang.o (.text.RF_initRadioSetup)
                  000127bc    000000a4     maclib_secure_cc13x4_tirtos7.a : mac_hl_patch.c.o (.text.macDataTxComplete)
                  00012860    000000a4                                    : mac_hl_patch.c.o (.text.macMgmtReset)
                  00012904    000000a2     ti_sysbios_config.o (.text.ti_sysbios_runtime_Memory_alloc)
                  000129a6    000000a0     jdllc.o (.text.Jdllc_init)
                  00012a46    00000002     --HOLE-- [fill = 0]
                  00012a48    000000a0     rf_multiMode_cc13x4.a : RFCC26X2_multiMode.c.cc13x4.ticlang.o (.text.RF_calculateDispatchTime)
                  00012ae8    000000a0                           : RFCC26X2_multiMode.c.cc13x4.ticlang.o (.text.RF_requestAccess)
                  00012b88    000000a0     maclib_secure_cc13x4_tirtos7.a : mac_hl_patch.c.o (.text.macAutoPendAddSrcMatchTableEntry)
                  00012c28    000000a0                                    : mac_hl_patch.c.o (.text.macCbackForEvent)
                  00012cc8    000000a0     ti_sysbios_config.o (.text.ti_sysbios_knl_Swi_post)
                  00012d68    0000009c     driverlib.lib : setup.c.obj (.text.TrimAfterColdResetWakeupFromShutDown)
                  00012e04    0000009c     sensor.o (.text.jdllcStateChangeCb)
                  00012ea0    0000009c     maclib_secure_cc13x4_tirtos7.a : mac_mgmt.c.o (.text.macBuildWSAsyncReq)
                  00012f3c    0000009a     drivers_cc13x4.a : UART2.c.obj (.text.UART2_writeCancel)
                  00012fd6    00000002     --HOLE-- [fill = 0]
                  00012fd8    00000098                      : GPTimerCC26XX.c.obj (.text.GPTimerCC26XX_close)
                  00013070    00000098     jdllc.o (.text.Jdllc_securityInit)
                  00013108    00000098     nvocmp.o (.text.NVOCMP_getItemLenApi)
                  000131a0    00000098     rf_multiMode_cc13x4.a : RFCC26X2_multiMode.c.cc13x4.ticlang.o (.text.RF_defaultSubmitPolicy)
                  00013238    00000098     ti_sysbios_config.o (.text._pthread_cleanupFxn)
                  000132d0    00000098     maclib_secure_cc13x4_tirtos7.a : mac_hl_patch.c.o (.text.macIncomingSecurityLevelChecking)
                  00013368    00000098                                    : mac_mgmt.c.o (.text.macRxBeacon)
                  00013400    00000098                                    : mac_hl_patch.c.o (.text.macScanRxCoordRealign)
                  00013498    00000098                                    : mac_timer.c.o (.text.macSymbolTimerTriggerCallback)
                  00013530    00000098     ti_sysbios_config.o (.text.ti_sysbios_knl_Mailbox_post)
                  000135c8    00000098     ti_sysbios_config.o (.text.ti_sysbios_knl_Task_restoreHwi)
                  00013660    00000096     rf_multiMode_cc13x4.a : RFCC26X2_multiMode.c.cc13x4.ticlang.o (.text.RF_verifyGap)
                  000136f6    00000002     --HOLE-- [fill = 0]
                  000136f8    00000094     maclib_secure_cc13x4_tirtos7.a : mac_hl_patch.c.o (.text.MAC_MlmeScanReq)
                  0001378c    00000094     rf_multiMode_cc13x4.a : RFCC26X2_multiMode.c.cc13x4.ticlang.o (.text.RF_ratRestartChannels)
                  00013820    00000094     ti_sysbios_config.o (.text._pthread_removeThreadKeys)
                  000138b4    00000094     macTask.o (.text.macTaskInit)
                  00013948    00000094     ti_sysbios_config.o (.text.ti_sysbios_gates_GateMutexPri_leave)
                  000139dc    00000092     NeoPixelEffect.o (.text.NeoPixelEffect_strobe)
                  00013a6e    00000092     jdllc.o (.text.disassocIndCb)
                  00013b00    00000092     ti_sysbios_config.o (.text.ti_sysbios_knl_Semaphore_post)
                  00013b92    00000092     ti_sysbios_config.o (.text.ti_sysbios_knl_Task_exit)
                  00013c24    00000090     jdllc.o (.text.Jdllc_rejoin)
                  00013cb4    00000090     rf_multiMode_cc13x4.a : RFCC26X2_multiMode.c.cc13x4.ticlang.o (.text.RF_getTxPower)
                  00013d44    00000090     drivers_cc13x4.a : UART2CC26X2.c.obj (.text.UART2_close)
                  00013dd4    00000090     maclib_secure_cc13x4_tirtos7.a : mac_coord.c.o (.text.macIndirectSend)
                  00013e64    00000090                                    : mac_autopend.c.o (.text.macSrcMatchCheckSrcAddr)
                  00013ef4    00000090                                    : mac.c.o (.text.macStopCmd)
                  00013f84    00000090     ti_sysbios_config.o (.text.ti_sysbios_knl_Swi_restore)
                  00014014    0000008e     main.o (.text.sensorTask_)
                  000140a2    00000002     --HOLE-- [fill = 0]
                  000140a4    0000008c     drivers_cc13x4.a : TRNGCC26XX.c.obj (.text.TRNG_construct)
                  00014130    0000008c                      : NVSCC26XX.c.obj (.text.doErase)
                  000141bc    0000008c     maclib_secure_cc13x4_tirtos7.a : mac_radio_tx.c.o (.text.macRadioFHEncryptFrame)
                  00014248    0000008c     ti_sysbios_config.o (.text.ti_sysbios_knl_Task_enter)
                  000142d4    0000008a     ti_sysbios_config.o (.text.ti_sysbios_knl_Swi_startup)
                  0001435e    00000002     --HOLE-- [fill = 0]
                  00014360    00000088     rf_multiMode_cc13x4.a : RFCC26X2_multiMode.c.cc13x4.ticlang.o (.text.RF_cmdDispatchTime)
                  000143e8    00000088                           : RFCC26X2_multiMode.c.cc13x4.ticlang.o (.text.RF_discardPendCmd)
                  00014470    00000088     maclib_secure_cc13x4_tirtos7.a : mac_hl_patch.c.o (.text.macCcmDecrypt)
                  000144f8    00000088                                    : mac_hl_patch.c.o (.text.macCcmStarInverseTransform)
                  00014580    00000088                                    : mac_radio_tx.c.o (.text.macRadioSendImmAck)
                  00014608    00000088                                    : mac_radio.c.o (.text.macRadioUpdateChannel)
                  00014690    00000086     ti_sysbios_config.o (.text.ClockP_construct)
                  00014716    00000002     --HOLE-- [fill = 0]
                  00014718    00000084     api_mac.o (.text.ApiMac_init)
                  0001479c    00000084     rf_multiMode_cc13x4.a : RFCC26X2_multiMode.c.cc13x4.ticlang.o (.text.RF_getInfo)
                  00014820    00000084                           : RFCC26X2_multiMode.c.cc13x4.ticlang.o (.text.RF_yield)
                  000148a4    00000084     maclib_secure_cc13x4_tirtos7.a : mac_hl_patch.c.o (.text.macBlacklistChecking)
                  00014928    00000084                                    : mac_hl_patch.c.o (.text.macCcmEncrypt)
                  000149ac    00000084     scif_framework.o (.text.scifSwTriggerExecutionCodeNbl)
                  00014a30    00000082     btn.o (.text.btn_init)
                  00014ab2    00000002     --HOLE-- [fill = 0]
                  00014ab4    00000080     drivers_cc13x4.a : GPIOCC26X4.c.obj (.text.GPIO_hwiIntFxn)
                  00014b34    00000080     maclib_osal_tirtos7_cc13x4_26x4.a : osal_port.c.o (.text.OsalPort_setTimer)
                  00014bb4    00000080     maclib_secure_cc13x4_tirtos7.a : mac_data.c.o (.text.macFrameDurationSubG)
                  00014c34    00000080                                    : mac_tx.c.o (.text.macTxDoneCallback)
                  00014cb4    00000080     main.o (.text.main)
                  00014d34    0000007e     nvocmp.o (.text.NVOCMP_loadApiPtrs)
                  00014db2    00000002     --HOLE-- [fill = 0]
                  00014db4    0000007c     driverlib.lib : setup_rom.c.obj (.text.NOROM_SetupStepVddrTrimTo)
                  00014e30    0000007c     rf_multiMode_cc13x4.a : RFCC26X2_multiMode.c.cc13x4.ticlang.o (.text.RF_ratDisableChannel)
                  00014eac    0000007c     sensor.o (.text.commStatusIndCB)
                  00014f28    0000007c     maclib_secure_cc13x4_tirtos7.a : mac_mcu.c.o (.text.macMcuOverflowSetPeriod)
                  00014fa4    0000007c                                    : mac_pwr.c.o (.text.macPwrVote)
                  00015020    0000007c                                    : mac.c.o (.text.macSetupReceiveCmd)
                  0001509c    0000007a     ti_drivers_config.o (.text.Board_shutDownExtFlash)
                  00015116    0000007a     nvocmp.o (.text.NVOCMP_compactNvApi)
                  00015190    0000007a     ti_sysbios_config.o (.text.ti_sysbios_knl_TaskSupport_start)
                  0001520a    00000002     --HOLE-- [fill = 0]
                  0001520c    00000078     driverlib.lib : chipinfo.c.obj (.text.NOROM_ChipInfo_GetChipType)
                  00015284    00000078     drivers_cc13x4.a : NVSCC26XX.c.obj (.text.NVSCC26XX_open)
                  000152fc    00000078     NeoPixel.o (.text.NeoPixel_setBrightness)
                  00015374    00000078     rf_multiMode_cc13x4.a : RFCC26X2_multiMode.c.cc13x4.ticlang.o (.text.RF_ratFreeChannel)
                  000153ec    00000078     maclib_secure_cc13x4_tirtos7.a : mac.c.o (.text.macRequestBackoff)
                  00015464    00000078                                    : mac_device.c.o (.text.macRxAssocRsp)
                  000154dc    00000078                                    : mac_symbol_timer.c.o (.text.macSymbolTimerInit)
                  00015554    00000078     ti_sysbios_config.o (.text.ti_sysbios_family_arm_v8m_Hwi_dispatchC)
                  000155cc    00000076     ti_sysbios_config.o (.text.HwiP_destruct)
                  00015642    00000076     drivers_cc13x4.a : UART2CC26X2.c.obj (.text.UART2Support_dmaStopTx)
                  000156b8    00000074     maclib_osal_tirtos7_cc13x4_26x4.a : osal_port.c.o (.text.OsalPort_heapInit)
                  0001572c    00000074     rf_multiMode_cc13x4.a : RFCC26X2_multiMode.c.cc13x4.ticlang.o (.text.RF_hwiHw)
                  000157a0    00000074     maclib_secure_cc13x4_tirtos7.a : mac_hl_patch.c.o (.text.macKeyDescriptorLookup)
                  00015814    00000074                                    : mac_mcu.c.o (.text.macMcuOverflowSetCompare)
                  00015888    00000074                                    : mac_radio_tx.c.o (.text.macRadioTxEnhAckCb)
                  000158fc    00000074                                    : mac_ie_parse.c.o (.text.macUpdateHeaderIEPtr)
                  00015970    00000074     ti_sysbios_config.o (.text.ti_sysbios_knl_Mailbox_pend)
                  000159e4    00000072     drivers_cc13x4.a : LED.c.obj (.text.LED_startBlinking)
                  00015a56    00000072     ti_sysbios_config.o (.text.pthread_mutex_lock)
                  00015ac8    00000070     drivers_cc13x4.a : AESCCMCC26X4.c.obj (.text.AESCCM_waitForResult)
                  00015b38    00000070     cui.o (.text.CUI_writeString)
                  00015ba8    00000070     driverlib.lib : interrupt.c.obj (.text.NOROM_IntDisable)
                  00015c18    00000070     maclib_osal_tirtos7_cc13x4_26x4.a : osal_port.c.o (.text.OsalPort_pwrmgrTaskState)
                  00015c88    00000070     maclib_secure_cc13x4_tirtos7.a : mac_duty_cycle.c.o (.text.macDutyCycleTimerCB)
                  00015cf8    00000070                                    : mac_radio.c.o (.text.macRadioStartScan)
                  00015d68    00000070                                    : mac_timer.c.o (.text.macTimerUpdateSymbolTimer)
                  00015dd8    00000070     libc.a : copy_decompress_lzss.c.obj (.text:decompress:lzss)
                  00015e48    0000006e     scif_framework.o (.text.scifSetSceOpmode)
                  00015eb6    00000002     --HOLE-- [fill = 0]
                  00015eb8    0000006c     drivers_cc13x4.a : AESCCMCC26X4.c.obj (.text.AESCCM_construct)
                  00015f24    0000006c     driverlib.lib : interrupt.c.obj (.text.NOROM_IntEnable)
                  00015f90    0000006c                   : sys_ctrl.c.obj (.text.NOROM_SysCtrl_DCDC_VoltageConditionalControl)
                  00015ffc    0000006c     rf_multiMode_cc13x4.a : RFCC26X2_multiMode.c.cc13x4.ticlang.o (.text.RF_issueRadioFreeCb)
                  00016068    0000006c     drivers_cc13x4.a : Random.c.obj (.text.Random_seedAutomatic)
                  000160d4    0000006c     ssf.o (.text.Ssf_getNetworkInfo)
                  00016140    0000006c     rf_multiMode_cc13x4.a : rf_patch_cpe_multi_protocol.c.cc13x4.ticlang.o (.text.configureMultiProtocolPatch)
                  000161ac    0000006c     maclib_secure_cc13x4_tirtos7.a : mac_mgmt.c.o (.text.macApiDisassociateReq)
                  00016218    0000006c                                    : mac_duty_cycle.c.o (.text.macDutyCycleByteToUSec)
                  00016284    0000006c                                    : mac_rx_onoff.c.o (.text.macRxOffRequest)
                  000162f0    0000006c                                    : mac.c.o (.text.macSetupFsCmd)
                  0001635c    0000006c     drivers_cc13x4.a : PowerCC26X2.c.obj (.text.oscillatorISR)
                  000163c8    00000068     maclib_secure_cc13x4_tirtos7.a : mac_device.c.o (.text.MAC_InitDevice)
                  00016430    00000068     drivers_cc13x4.a : PowerCC26X2_calibrateRCOSC_helpers.c.obj (.text.PowerCC26X2_updateSubSecInc)
                  00016498    00000068     rf_multiMode_cc13x4.a : RFCC26X2_multiMode.c.cc13x4.ticlang.o (.text.RF_detachOverrides)
                  00016500    00000068     control_task.o (.text.control_Task_Noti_Info_mail)
                  00016568    00000068     maclib_secure_cc13x4_tirtos7.a : mac_mgmt.c.o (.text.macDisassocComplete)
                  000165d0    00000068                                    : mac_low_level.c.o (.text.macLowLevelInit)
                  00016638    00000068                                    : mac_radio.c.o (.text.macRadioPowerDown)
                  000166a0    00000068                                    : mac_scan.c.o (.text.macScanStartTimer)
                  00016708    00000068                                    : mac_timer.c.o (.text.macTimerSetRollover)
                  00016770    00000068                                    : mac_tx.c.o (.text.macTxGetDefaultMinTxOffTime)
                  000167d8    00000068     sensor.o (.text.processBroadcastCtrlMsg)
                  00016840    00000064     maclib_secure_cc13x4_tirtos7.a : mac_mgmt.c.o (.text.MAC_Init)
                  000168a4    00000064     maclib_osal_tirtos7_cc13x4_26x4.a : osal_port.c.o (.text.OsalPort_clearEvent)
                  00016908    00000064     drivers_cc13x4.a : PowerCC26X2_calibrateRCOSC.c.obj (.text.PowerCC26X2_initiateCalibration)
                  0001696c    00000064     rf_multiMode_cc13x4.a : RFCC26X2_multiMode.c.cc13x4.ticlang.o (.text.RF_attachOverrides)
                  000169d0    00000064                           : RFCC26X2_multiMode.c.cc13x4.ticlang.o (.text.RF_dispatchNextEvent)
                  00016a34    00000064                           : RFCC26X2_multiMode.c.cc13x4.ticlang.o (.text.RF_hwiCpe0PowerFsm)
                  00016a98    00000064     ssf.o (.text.Ssf_getFrameCounter)
                  00016afc    00000064     drivers_cc13x4.a : UDMACC26XX.c.obj (.text.UDMACC26XX_open)
                  00016b60    00000064     maclib_secure_cc13x4_tirtos7.a : mac_device.c.o (.text.macAssocDataRxInd)
                  00016bc4    00000064                                    : mac_mcu.c.o (.text.macMcuInit)
                  00016c28    00000064                                    : mac_radio_tx.c.o (.text.macRadioTxPrepLbt)
                  00016c8c    00000064                                    : mac_rx.c.o (.text.macRxHaltCleanup)
                  00016cf0    00000064                                    : mac_timer.c.o (.text.macTimerRealign)
                  00016d54    00000064     ti_sysbios_config.o (.text.pthread_exit)
                  00016db8    00000064     ti_sysbios_config.o (.text.ti_sysbios_knl_Semaphore_pendTimeout)
                  00016e1c    00000062     rf_multiMode_cc13x4.a : RFCC26X2_multiMode.c.cc13x4.ticlang.o (.text.RF_syncCb)
                  00016e7e    00000062     ti_sysbios_config.o (.text.SemaphoreP_construct)
                  00016ee0    00000060     drivers_cc13x4.a : CryptoResourceCC26XX.c.obj (.text.CryptoResourceCC26XX_constructRTOSObjects)
                  00016f40    00000060     driverlib.lib : setup_rom.c.obj (.text.NOROM_SetupAfterColdResetWakeupFromShutDownCfg1)
                  00016fa0    00000060     maclib_osal_tirtos7_cc13x4_26x4.a : osal_port.c.o (.text.OsalPort_setEvent)
                  00017000    00000060     ti_sysbios_config.o (.text.SemaphoreP_createBinary)
                  00017060    00000060     drivers_cc13x4.a : Timer.c.obj (.text.Timer_setPeriod)
                  000170c0    00000060     maclib_secure_cc13x4_tirtos7.a : mac_beacon_device.c.o (.text.macBeaconSyncLoss)
                  00017120    00000060                                    : mac_data.c.o (.text.macDataReset)
                  00017180    00000060                                    : mac_main.c.o (.text.macExecute)
                  000171e0    00000060                                    : mac_scan.c.o (.text.macScanComplete)
                  00017240    00000060                                    : mac_main.c.o (.text.macSendMsg)
                  000172a0    00000060                                    : mac_symbol_timer.c.o (.text.macSymbolTimerPeriodIsr)
[...]
20003ce4  CryptoResourceCC26XX_accessSemaphore                             
20003d34  CryptoResourceCC26XX_operationSemaphore                          
20003d84  cuiMultiMenuData                                                 
20003dd0  gptimerCC26XXObjects                                             
20003f70  macSecurityPib                                                   
20003fec  macDeviceAction1                                                 
20004058  dcBucket                                                         
2000408c  macBeaconDevice                                                  
200040c0  RF_cmdPropRadioDivSetup                                          
200040f0  RF_cmdPropRxAdv                                                  
20004120  macMgmtAction1                                                   
20004150  macSrcExtAddrList                                                
20004180  ti_sysbios_knl_Swi_readyQs                                       
200041b0  ti_sysbios_knl_Task_readyQs                                      
200041e0  NVOCMP_nvHandle                                                  
2000423c  macDevice                                                        
20004268  Button_                                                          
2000428c  controlTaskParam                                                 
200042b0  sensorTaskParam                                                  
20004334  RF_cmdIEEECsma                                                   
20004354  RF_cmdPropTxAdv                                                  
20004374  RF_cmdRadioSetup                                                 
20004394  RF_params                                                        
200043b4  macBeacon                                                        
200043d4  udmaCC26XXObject                                                 
20004464  BIOS_heapCallbackObject                                          
20004480  BIOS_rtsGate                                                     
2000449c  CryptoResourceCC26XX_hwi                                         
200044b8  RF_cmdPropCs                                                     
200044d4  RF_cmdPropCsSlotted                                              
200044f0  control_task_InfoToHub_params                                    
2000450c  control_task_NotiInfo_params                                     
20004528  control_task_ledConfirm_params                                   
20004544  macReset                                                         
20004560  macSemHandle                                                     
2000457c  macSrcShortAddrList                                              
20004598  RF_cmdFsRx                                                       
200045b0  RF_cmdFsTx                                                       
200045c8  RF_cmdIEEETx                                                     
200045e0  macScanAction                                                    
20004648  RF_cmdRxAckCmd                                                   
2000465c  macAckDbg                                                        
20004670  macDeviceAction2                                                 
20004684  macMgmtAction2                                                   
20004698  macStatistics                                                    
200046cc  macData                                                          
200046dc  macDataTxDelay                                                   
200046ec  macFrmFilter                                                     
200046fc  macRxOutputIeee                                                  
2000470c  control_Task_dev_info                                            
20004740  coexMetricsStruct                                                
2000474c  macMain                                                          
20004758  macRxOutputSubG                                                  
20004790  ApiMac_extAddr                                                   
20004798  coexOverrideUseCases                                             
200047a0  macRxDataEntryQueue                                              
200047f4  AESCCM_handle                                                    
200047f8  HEAPMGR_SIZE                                                     
200047fc  PowerCC26XX_swiKey                                               
20004800  PowerCC26XX_taskKey                                              
20004804  dcCritical                                                       
20004808  dcLimited                                                        
2000480c  dcPtr                                                            
20004810  dcRegulated                                                      
20004814  dcTimeUsed                                                       
20004818  macAddrLsb                                                       
2000481c  macAddrMsb                                                       
20004820  macCryptoDrvTblPtr                                               
20004824  macPhyTxPower                                                    
20004828  macPrevPeriodRatCount                                            
2000482c  macRfDrvTblPtr                                                   
20004830  macRxSymbol                                                      
20004834  macSymbolTimerRollover                                           
20004838  macSymbolTimerTrigger                                            
2000483c  macThread                                                        
20004840  macTimerActive                                                   
20004844  macTxTimestamp                                                   
20004848  pClockHandleEDScan                                               
2000484c  pMacRadioConfig                                                  
20004850  pMaxPower                                                        
20004854  pRfMode                                                          
20004858  pRfPowerTable                                                    
2000485c  rxRadioBufferPtr                                                 
20004860  sensorStatusLine                                                 
20004864  ssfCuiHndl                                                       
20004868  ti_sysbios_family_arm_v8m_cc26x4_Timer_funcHookCH1               
2000486c  ti_sysbios_family_arm_v8m_cc26x4_Timer_funcHookCH2               
20004870  ti_sysbios_knl_Task_defaultStackHeap                             
20004874  ti_sysbios_runtime_System_atexitHandlers                         
20004878  timerAlignedQ                                                    
2000487c  timerUnalignedQ                                                  
20004884  conv                                                             
20004886  macRxDataEntryOffset                                             
20004888  macTxCsmaBackoffDelay                                            
2000488a  rxCmdHandle                                                      
2000488c  txCmdHandle                                                      
20004890  AppTaskId                                                        
20004891  NVOCMP_size                                                      
20004892  appTaskId                                                        
20004893  dcStatus                                                         
20004894  gAction                                                          
20004895  lastRxPriority                                                   
20004896  lastTxPriority                                                   
20004897  macAckTxActive                                                   
20004898  macMgmt                                                          
20004899  macPanCoordinator                                                
2000489a  macPhyChannel                                                    
2000489b  macPwr                                                           
2000489c  macRxActive                                                      
2000489d  macRxEnableFlags                                                 
2000489e  macRxFilter                                                      
2000489f  macRxOutgoingAckFlag                                             
200048a0  macSpecUsecsPerSymbol                                            
200048a1  macSrcResIndex                                                   
200048a2  macSymbolTimerImpending                                          
200048a3  macTaskId                                                        
200048a4  macTxActive                                                      
200048a5  macTxBe                                                          
200048a6  macTxGpInterframeDelay                                           
200048a7  macTxType                                                        
200048a8  macUnitBackoffPeriod                                             
200048a9  nvsCC26XXObjects                                                 
200048aa  rxFhRsl                                                          
200048ab  rxPromiscuousMode                                                
200048ac  rxSeqNum                                                         
200048ad  txAckReq                                                         
200048ae  txSeqn                                                           
20004900  PowerCC26X2_module                                               
20004a78  gpioPinConfigs                                                   
20004b38  txPowerTable_868_pa13                                            
20004be7  ApiMac_gpOffsetToms                                              
20004be8  macMRFSKGenPhyTable                                              
20004c88  fhObject                                                         
20004d5c  ti_sysbios_knl_Clock_Module_state                                
20004e28  Main_user1Cfg                                                    
20004f6c  configureSubMenu                                                 
20004fac  ssfMainMenu                                                      
20004fec  ti_sysbios_family_arm_v8m_Hwi_Module_state                       
20005028  ti_sysbios_knl_Task_Module_state                                 
2000509c  commissionSubMenu                                                
200050d0  macBeaconPayload                                                 
20005138  Sensor_msgStats                                                  
20005168  BIOS_Module_state                                                
200051c0  pOverrides_2gfsk50kbps154g                                       
200051ec  appSubMenu                                                       
20005214  ti_sysbios_knl_Swi_Module_state                                  
20005260  macActionSet                                                     
20005288  lastRatChanA                                                     
20005289  lastRatChanB                                                     
2000528a  macRxCmdActive                                                   
2000528b  macFsCmdActive                                                   
2000528c  macRxPreempted                                                   
2000528d  numRfCmd                                                         
2000528e  numRxCmd                                                         
2000528f  numRxPostCmd                                                     
20005290  ieeeCoexEnabled                                                  
20005294  lastPostCmd                                                      
20005298  macSfdDetectCback                                                
200052a8  macBeaconMargin                                                  
2000530a  macSrcMatchIsAckAllPending                                       
2000530b  macSrcMatchDefaultPendOn                                         
20005320  macStateTbl                                                      
20005334  macUser0Cfg                                                      
2000536c  RF_cmdNop                                                        
2000537c  RF_cmdNopFg                                                      
2000538c  RF_prop_2gfsk50kbps154g                                          
2000539c  _hposcCoeffs                                                     
200053bc  macCfg                                                           
200053da  Jdllc_events                                                     
20005400  taskCnt                                                          
20005404  heapmgrMemFreeTotal                                              
20005408  heapmgrMemFreeError                                              
2000540c  ti_sysbios_family_arm_v8m_cc26x4_Timer_Module_state              
20005418  ti_sysbios_runtime_Error_ignore                                  
20005424  ti_sysbios_runtime_System_Module_state                           
2000543a  collectorAddr_app                                                
20005460  RF_handle                                                        
20005464  macRadioAckIeeeFrame                                             
20005467  macRadioAckFrame                                                 
2000546c  macCsmaRtcTimerId                                                
2000547c  RFCC26XX_schedulerPolicy                                         
20005484  ti_sysbios_gates_GateMutexPri_Module_state                       
2000548c  ti_sysbios_heaps_HeapCallback_Module_state                       
20005494  ti_sysbios_knl_Mailbox_Module_state                              
2000549c  ti_sysbios_knl_Semaphore_Module_state                            
200054ac  __aeabi_errno                                                    
200054b0  _lock                                                            
200054b4  _unlock                                                          
200054b8  appEvents                                                        
200054bc  control_task_InfoToHub_handle                                    
200054c0  control_task_NotiInfo_handle                                     
200054c4  control_task_ledConfirm_handle                                   
200054c8  cuiMultiMenu                                                     
200054cc  devInfoConfirmationTimer                                         
200054d0  endToEndDelay                                                    
200054f4  macDataBeaconRequeue                                             
200054f8  macDataCheckSched                                                
200054fc  macDataCheckTxTime                                               
20005500  macDataRequeueIndirect                                           
20005504  macDataRxBeaconCritical                                          
20005508  macDataSetSched                                                  
2000550c  macDataTxBeaconComplete                                          
20005510  macDataTxIndirect                                                
20005520  macTimerNewRollover                                              
20005524  macTimerRollover                                                 
20005528  minTxOffTime                                                     
2000553c  pMacCbackCheckPending                                            
20005540  pMacCbackQueryRetransmit                                         
20005544  pMacDataTx                                                       
20005548  pMacEnhancedAck                                                  
20005560  ti_sysbios_runtime_Memory_defaultHeapInstance                    
20005564  totalE2EDelaySum                                                 
20005568  NeoPixelNumberOfLeds                                             
2000556a  Sensor_events                                                    
2000556c  Ssf_resetCount                                                   
2000556e  assoc_resp_no_ack_cnt                                            
20005574  personal_addr                                                    
2000557c  symbol_rate_custom                                               
2000557e  ApiMac_mtDataReqTxOptionGp                                       
20005581  Main_assertReason                                                
20005584  Ssf_resetReseason                                                
20005585  bInSwi                                                           
20005588  csmPhy                                                           
20005589  customMinTxOffEnabled                                            
2000558a  dcEnabled                                                        
2000558b  devInfoConfirmationFlag                                          
2000558c  devInfoConfirmationMail                                          
2000558e  disconnected_ledShow                                             
20005590  initBroadcastMsg                                                 
20005597  macRadioYielded                                                  
20005598  macSrcMatchIsEnabled                                             
20005599  macSrcMatchManualAddressTracking                                 
2000559a  macTxCmdActive                                                   
2000559b  macTxSlottedDelay                                                
2000559c  macTxSlottedDelayFactor                                          
2000559f  numTx                                                            
200055a0  orphanestate                                                     
200055a4  parentFound                                                      
200055a7  reqAccessAlloc                                                   
200055a8  retry_count_devInfo                                              
200055ae  ti_sysbios_knl_Idle_initDone                                     
200055af  ti_sysbios_runtime_Startup_done                                  
20005700  ti_sysbios_family_arm_v8m_Hwi_ramVectors                         
200057fc  heapStart                                                        
2003b000  __stack                                                          
2003b000  heapEnd                                                          
20040000  __STACK_END                                                      
50000000  __ccfg                                                           
ffffffff  __TI_pprof_out_hndl                                              
ffffffff  __TI_prof_data_size                                              
ffffffff  __TI_prof_data_start                                             
ffffffff  __binit__                                                        
ffffffff  __start___llvm_prf_bits                                          
ffffffff  __start___llvm_prf_cnts                                          
ffffffff  __stop___llvm_prf_bits                                           
ffffffff  __stop___llvm_prf_cnts                                           
ffffffff  binit                                                            
UNDEFED   ITM_flush                                                        
UNDEFED   ITM_restore                                                      
UNDEFED   PWM_config                                                       
UNDEFED   PWM_count                                                        
UNDEFED   __mpu_init                                                       

[1338 symbols]
