******************************************************************************
            TI ARM Clang Linker PC v3.2.2                      
******************************************************************************
>> Linked Fri Jan 24 21:04:30 2025

OUTPUT FILE NAME:   <sensor_watch.out>
ENTRY POINT SYMBOL: "ResetISR"  address: 00046a1d


MEMORY CONFIGURATION

         name            origin    length      used     unused   attr    fill
----------------------  --------  ---------  --------  --------  ----  --------
  FLASH                 00000000   00100000  00055d5b  000aa2a5  R  X
  SRAM                  20000000   00040000  0001e075  00021f8b  RW X
  CCFG                  50000000   00000800  0000007c  00000784  R  X


SEGMENT ALLOCATION MAP

run origin  load origin   length   init length attrs members
----------  ----------- ---------- ----------- ----- -------
00000000    00000000    00046af8   00046af8    r-x
  00000000    00000000    0000003c   0000003c    r-- .resetVecs
  00000040    00000040    00046ab8   00046ab8    r-x .text
00046af8    00046af8    00000008   00000008    rw-
  00046af8    00046af8    00000008   00000008    rw- .args
00046b00    00046b00    0000b260   0000b260    r--
  00046b00    00046b00    0000ad33   0000ad33    r-- .rodata
  00051834    00051834    0000052c   0000052c    r-- .cinit
00052000    00052000    00004000   00000000    rw-
  00052000    00052000    00004000   00000000    rw- .TI.bound:flashBuf0
20000430    20000430    00000040   00000000    rw-
  20000430    20000430    00000010   00000000    rw- .TI.bound:dmaSpi0RxControlTableEntry
  20000440    20000440    00000010   00000000    rw- .TI.bound:dmaSpi0TxControlTableEntry
  20000450    20000450    00000010   00000000    rw- .TI.bound:dmaUart1RxControlTableEntry
  20000460    20000460    00000010   00000000    rw- .TI.bound:dmaUart1TxControlTableEntry
20000530    20000530    00000020   00000000    rw-
  20000530    20000530    00000010   00000000    rw- .TI.bound:dmaSpi2RxControlTableEntry
  20000540    20000540    00000010   00000000    rw- .TI.bound:dmaSpi2TxControlTableEntry
20000630    20000630    00000020   00000000    rw-
  20000630    20000630    00000010   00000000    rw- .TI.bound:dmaSpi0RxAltControlTableEntry
  20000640    20000640    00000010   00000000    rw- .TI.bound:dmaSpi0TxAltControlTableEntry
20000730    20000730    00000020   00000000    rw-
  20000730    20000730    00000010   00000000    rw- .TI.bound:dmaSpi2RxAltControlTableEntry
  20000740    20000740    00000010   00000000    rw- .TI.bound:dmaSpi2TxAltControlTableEntry
20000750    20000750    00017bd9   00000000    rw-
  20000750    20000750    00017bd9   00000000    rw- .bss
20018400    20018400    000011de   00000000    rw-
  20018400    20018400    000011de   00000000    rw- .data
20019600    20019600    000001fc   00000000    rw-
  20019600    20019600    000001fc   00000000    rw- .ramVecs
2003b000    2003b000    00005000   00000000    rw-
  2003b000    2003b000    00005000   00000000    rw- .stack
50000000    50000000    0000007c   0000007c    r--
  50000000    50000000    0000007c   0000007c    r-- .ccfg


SECTION ALLOCATION MAP

 output                                  attributes/
section   page    origin      length       input sections
--------  ----  ----------  ----------   ----------------
.resetVecs 
*          0    00000000    0000003c     
                  00000000    0000003c     ti_sysbios_config.o (.resetVecs)

.text      0    00000040    00046ab8     
                  00000040    000011a4     lv_draw_sw_blend.o (.text.lv_draw_sw_blend_basic)
                  000011e4    0000112c     lv_theme_default.o (.text.style_init)
                  00002310    000010a0     lv_chart.o (.text.lv_chart_event)
                  000033b0    00000cf4     lv_draw_sw_rect.o (.text.lv_draw_sw_rect)
                  000040a4    00000ba0     lv_theme_default.o (.text.theme_apply)
                  00004c44    00000004     api_mac.o (.text.ApiMac_mcpsDataReq)
                  00004c48    00000a0c     libc.a : _printfi.c.obj (.text:__TI_printfi)
                  00005654    00000a08     lv_draw_sw_arc.o (.text.lv_draw_sw_arc)
                  0000605c    00000848     lv_btnmatrix.o (.text.lv_btnmatrix_event)
                  000068a4    00000808     lodepng.o (.text.lodepng_convert)
                  000070ac    000007d8     lodepng.o (.text.lodepng_decode)
                  00007884    000007c4     lv_meter.o (.text.lv_meter_event)
                  00008048    000007b0     tjpgd.o (.text.jd_decomp)
                  000087f8    00000744     maclib_secure_cc13x4_tirtos7.a : mac_rx.c.o (.text.macRxFrameIsr)
                  00008f3c    0000072c     lv_grid.o (.text.grid_update)
                  00009668    00000724     lv_colorwheel.o (.text.lv_colorwheel_event)
                  00009d8c    00000708     lv_table.o (.text.lv_table_event)
                  0000a494    00000704     lv_draw_sw_line.o (.text.lv_draw_sw_line)
                  0000ab98    000006c4     lv_obj.o (.text.lv_obj_event)
                  0000b25c    00000638     lodepng.o (.text.lodepng_inflatev)
                  0000b894    0000062c     lv_slider.o (.text.lv_slider_event)
                  0000bec0    0000061c     lv_img.o (.text.lv_img_event)
                  0000c4dc    000005e0     lv_draw_sw_transform.o (.text.lv_draw_sw_transform)
                  0000cabc    000005ac     lv_arc.o (.text.lv_arc_event)
                  0000d068    000005a8     lv_bar.o (.text.lv_bar_event)
                  0000d610    00000594     maclib_secure_cc13x4_tirtos7.a : mac_radio_tx.c.o (.text.macRadioTxGo)
                  0000dba4    0000058e     lv_draw_sw_rect.o (.text.draw_border_generic)
                  0000e132    00000002     ti_sysbios_config.o (.text.BIOS_nullFunc)
                  0000e134    00000588     lv_draw_label.o (.text.lv_draw_label)
                  0000e6bc    00000554     lv_refr.o (.text.refr_area_part)
                  0000ec10    00000530     lv_obj_scroll.o (.text.lv_obj_get_scrollbar_area)
                  0000f140    000004f4     lv_label.o (.text.lv_label_refr_text)
                  0000f634    000004dc     lv_obj_pos.o (.text.lv_obj_refr_size)
                  0000fb10    000004ac     lv_draw_sw_img.o (.text.lv_draw_sw_img_decoded)
                  0000ffbc    0000049c     lv_roller.o (.text.lv_roller_event)
                  00010458    0000048c     lv_printf.o (.text._vsnprintf)
                  000108e4    00000480     rf_multiMode_cc13x4.a : RFCC26X2_multiMode.c.cc13x4.ticlang.o (.text.RF_fsmActiveState)
                  00010d64    0000044c     lv_textarea.o (.text.lv_textarea_event)
                  000111b0    00000448     tjpgd.o (.text.jd_prepare)
                  000115f8    00000438     lv_draw_mask.o (.text.lv_draw_mask_radius_init)
                  00011a30    0000041c     lv_draw_sw_letter.o (.text.lv_draw_sw_letter)
                  00011e4c    00000414     lv_sjpg.o (.text.decoder_open)
                  00012260    00000408     lv_refr.o (.text._lv_disp_refr_timer)
                  00012668    000003e0     lv_flex.o (.text.children_repos)
                  00012a48    000003c4     lodepng.o (.text.unfilter)
                  00012e0c    000003b8     api_mac.o (.text.ApiMac_processIncoming)
                  000131c4    000003b8     lv_draw_mask.o (.text.lv_draw_mask_line)
                  0001357c    00000394     lv_dropdown.o (.text.lv_dropdown_event)
                  00013910    00000382     lv_draw_sw_rect.o (.text.draw_bg)
                  00013c92    00000002     ti_drivers_config.o (.text.Board_initHook)
                  00013c94    00000378     lv_draw_arc.o (.text.lv_draw_arc_get_area)
                  0001400c    00000358     lv_chart.o (.text.draw_x_ticks)
                  00014364    00000358     maclib_secure_cc13x4_tirtos7.a : mac_rx.c.o (.text.rxPayloadIsr)
                  000146bc    0000034c     lv_img_decoder.o (.text.lv_img_decoder_built_in_read_line)
                  00014a08    00000344     lv_refr.o (.text.refr_obj)
                  00014d4c    0000033c     drivers_cc13x4.a : SPICC26X4DMA.c.obj (.text.SPICC26X4DMA_transfer)
                  00015088    00000324     sensor.o (.text.dataIndCB)
                  000153ac    0000031c     maclib_secure_cc13x4_tirtos7.a : mac_hl_patch.c.o (.text.macWrapperAddDevice)
                  000156c8    00000312     lv_obj_pos.o (.text.lv_obj_align_to)
                  000159da    00000002     drivers_cc13x4.a : LED.c.obj (.text.LED_init)
                  000159dc    00000304     lv_obj_scroll.o (.text.scroll_area_into_view)
                  00015ce0    00000300     lv_label.o (.text.lv_label_event)
                  00015fe0    000002f4     maclib_secure_cc13x4_tirtos7.a : mac.c.o (.text.macRxCb)
                  000162d4    000002ec                                    : mac_mgmt.c.o (.text.macBuildHeader)
                  000165c0    000002e8                                    : mac_radio_tx.c.o (.text.macRadioCsmaTxCb)
                  000168a8    000002e0     lv_chart.o (.text.draw_y_ticks)
                  00016b88    000002e0     lv_flex.o (.text.flex_update)
                  00016e68    000002dc     lv_bidi.o (.text._lv_bidi_process_paragraph)
                  00017144    0000001c     ti_sysbios_config.o (.text.BIOS_rtsLock)
                  00017160    000002dc     libc.a : strcmp_t2.S.obj (.text:strcmp)
                  0001743c    000002d4     cui.o (.text.CUI_processMenuUpdate)
                  00017710    000002b8     libc.a : _printfi.c.obj (.text._pconv_a)
                  000179c8    000002b4     lv_draw_sw_polygon.o (.text.lv_draw_sw_polygon)
                  00017c7c    000002ac     sensor.o (.text.Sensor_process)
                  00017f28    000002a4     lv_label.o (.text.lv_label_get_letter_on)
                  000181cc    000002a0     nvocmp.o (.text.NVOCMP_initNvApi)
                  0001846c    000002a0     lv_btnmatrix.o (.text.lv_btnmatrix_set_map)
                  0001870c    0000029c     lv_draw_img.o (.text.lv_draw_img)
                  000189a8    00000298     lv_txt_ap.o (.text._lv_txt_ap_proc)
                  00018c40    00000294     lv_flex.o (.text.find_track_end)
                  00018ed4    00000290     lodepng.o (.text.HuffmanTree_makeFromLengths2)
                  00019164    00000290     ti_sysbios_config.o (.text.ti_sysbios_runtime_System_doPrint)
                  000193f4    00000280     nvocmp.o (.text.NVOCMP_compactPage)
                  00019674    00000274     lv_checkbox.o (.text.lv_checkbox_event)
                  000198e8    00000268     maclib_secure_cc13x4_tirtos7.a : mac_radio.c.o (.text.macRadioInitSubG)
                  00019b50    00000258     lv_obj_draw.o (.text.lv_obj_init_draw_rect_dsc)
                  00019da8    00000258     lv_switch.o (.text.lv_switch_event)
                  0001a000    00000256     lv_obj.o (.text.lv_obj_set_state)
                  0001a256    00000002     rf_multiMode_cc13x4.a : rfc.c.cc13x4.ticlang.o (.text.NOROM_RFCCpePatchReset)
                  0001a258    0000024c                           : RFCC26X2_multiMode.c.cc13x4.ticlang.o (.text.RF_open)
                  0001a4a4    00000246     lv_draw_mask.o (.text.lv_draw_mask_angle)
                  0001a6ea    00000002     drivers_cc13x4.a : NVSSPI25X.c.obj (.text.NVSSPI25X_deinitSpiCs)
                  0001a6ec    00000240     macTask.o (.text.macTaskFxn)
                  0001a92c    00000004     api_mac.o (.text.ApiMac_mlmeAssociateReq)
                  0001a930    00000238     libc.a : _printfi.c.obj (.text._pconv_g)
                  0001ab68    0000022c     lv_draw_mask.o (.text.lv_draw_mask_radius)
                  0001ad94    00000228     maclib_secure_cc13x4_tirtos7.a : mac_security_pib.c.o (.text.MAC_MlmeSetSecurityReq)
                  0001afbc    00000228     lv_img_decoder.o (.text.lv_img_decoder_built_in_open)
                  0001b1e4    00000228     lv_label.o (.text.lv_label_get_letter_pos)
                  0001b40c    00000224     jdllc.o (.text.Jdllc_process)
                  0001b630    0000021c     maclib_secure_cc13x4_tirtos7.a : mac_radio_tx.c.o (.text.macRadioTxRequestTxAck)
                  0001b84c    00000218     lv_sjpg.o (.text.decoder_info)
                  0001ba64    00000210     lv_draw_sw_rect.o (.text.draw_bg_img)
                  0001bc74    00000210     maclib_secure_cc13x4_tirtos7.a : mac.c.o (.text.macSendReceiveCmdSubG)
                  0001be84    0000020c     lv_txt.o (.text._lv_txt_get_next_line)
                  0001c090    000001fc     drivers_cc13x4.a : AESCCMCC26X4.c.obj (.text.AESCCM_addAADInternal)
                  0001c28c    000001fc     lv_chart.o (.text.lv_chart_get_point_pos_by_id)
                  0001c488    000001f6     lodepng.o (.text.getPixelColorRGBA8)
                  0001c67e    00000002     rf_multiMode_cc13x4.a : RFCC26X2_multiMode.c.cc13x4.ticlang.o (.text.RF_defaultCallback)
                  0001c680    000001f4     nvocmp.o (.text.NVOCMP_addItem)
                  0001c874    000001f2     lv_dropdown.o (.text.lv_dropdown_open)
                  0001ca66    000001f0     drivers_cc13x4.a : UART2CC26X2.c.obj (.text.UART2CC26X2_hwiIntFxn)
                  0001cc56    00000002     ssf.o (.text.Ssf_sensorReadingUpdate)
                  0001cc58    000001ec     maclib_secure_cc13x4_tirtos7.a : mac_hl_patch.c.o (.text.macTxCompleteCallback)
                  0001ce44    000001e8     rf_multiMode_cc13x4.a : RFCC26X2_multiMode.c.cc13x4.ticlang.o (.text.RF_scheduleCmd)
                  0001d02c    000001e4     lv_keyboard.o (.text.lv_keyboard_def_event_cb)
                  0001d210    000001e4     lv_textarea.o (.text.refr_cursor_area)
                  0001d3f4    000001e0     lv_label.o (.text.lv_label_is_char_under_pos)
                  0001d5d4    000001dc     rf_multiMode_cc13x4.a : RFCC26X2_multiMode.c.cc13x4.ticlang.o (.text.RF_dispatchNextCmd)
                  0001d7b0    000001dc     lv_obj_style.o (.text._lv_obj_style_state_compare)
                  0001d98c    000001d8     control_task.o (.text.controlTask_)
                  0001db64    000001d8     maclib_secure_cc13x4_tirtos7.a : mac_security_pib.c.o (.text.macSecurityPibReset)
                  0001dd3c    000001d4     drivers_cc13x4.a : SPICC26X4DMA.c.obj (.text.SPICC26X4DMA_hwiFxn)
                  0001df10    000001d4                      : UART2.c.obj (.text.UART2_readTimeout)
                  0001e0e4    000001d4     mac_settings.o (.text.rfSetConfigSubG)
                  0001e2b8    000001d4     ssf.o (.text.setChMaskAction)
                  0001e48c    000001d0     maclib_secure_cc13x4_tirtos7.a : mac.c.o (.text.macSendReceiveCmdIeee)
                  0001e65c    000001c0     lodepng.o (.text.readChunk_iTXt)
                  0001e81c    000001bc     maclib_secure_cc13x4_tirtos7.a : mac_pib.c.o (.text.MAC_MlmeSetReq)
                  0001e9d8    000001b6     libclang_rt.builtins.a : adddf3.S.obj (.text.adddf3_subdf3)
                  0001eb8e    00000002     ssf.o (.text.Ssf_trackingUpdate)
                  0001eb90    000001b4     lv_dropdown.o (.text.lv_dropdown_list_event)
                  0001ed44    000001b4     lv_obj_pos.o (.text.lv_obj_refr_pos)
                  0001eef8    000001b4     ssf.o (.text.setNwkKeyAction)
                  0001f0ac    000001ac     maclib_secure_cc13x4_tirtos7.a : mac_tx.c.o (.text.macTxFrame)
                  0001f258    000001a8     lv_draw_sw_gradient.o (.text.lv_gradient_get)
                  0001f400    000001a0     cui.o (.text.CUI_registerMenu)
                  0001f5a0    000001a0     libc.a : _printfi.c.obj (.text.fcvt)
                  0001f740    000001a0     lv_img.o (.text.lv_img_set_src)
                  0001f8e0    00000194     drivers_cc13x4.a : PowerCC26X2_calibrateRCOSC.c.obj (.text.PowerCC26X2_auxISR)
                  0001fa74    00000194     maclib_secure_cc13x4_tirtos7.a : mac_hl_patch.c.o (.text.macWrapperAddKeyInitFCtr)
                  0001fc08    00000190     lv_fs.o (.text.lv_fs_read)
                  0001fd98    00000190     lv_bidi.o (.text.rtl_reverse)
                  0001ff28    00000188     maclib_secure_cc13x4_tirtos7.a : mac_security_pib.c.o (.text.MAC_MlmeGetSecurityReq)
                  000200b0    00000188     lv_hal_disp.o (.text.lv_disp_drv_register)
                  00020238    00000188     lv_line.o (.text.lv_line_event)
                  000203c0    00000186     lv_chart.o (.text.invalidate_point)
                  00020546    00000002     drivers_cc13x4.a : UART2CC26X2.c.obj (.text.UART2CC26X2_eventCallback)
                  00020548    00000184                      : UART2CC26X2.c.obj (.text.UART2_open)
                  000206cc    00000184     maclib_secure_cc13x4_tirtos7.a : mac_hl_patch.c.o (.text.macIncomingFrameSecurityMaterialRetrieval)
                  00020850    00000180     libc.a : _printfi.c.obj (.text._pconv_e)
                  000209d0    00000180     lv_style.o (.text.lv_style_set_prop_internal)
                  00020b50    0000017c     lv_led.o (.text.lv_led_event)
                  00020ccc    0000017c     lv_obj_style.o (.text.trans_anim_cb)
                  00020e48    00000174     drivers_cc13x4.a : UART2.c.obj (.text.UART2_writeTimeoutBlocking)
                  00020fbc    00000174     lv_obj_style.o (.text.lv_obj_refresh_style)
                  00021130    00000174     lv_timer.o (.text.lv_timer_handler)
                  000212a4    00000168     lv_spinbox.o (.text.lv_spinbox_event)
                  0002140c    00000168     maclib_secure_cc13x4_tirtos7.a : mac_mgmt.c.o (.text.macBuildCommonReq)
                  00021574    00000160                                    : mac_hl_patch.c.o (.text.MAC_McpsDataReq)
                  000216d4    00000160                                    : mac_scan.c.o (.text.macApiScanReq)
                  00021834    00000160                                    : mac_tx.c.o (.text.txCsmaDelay)
                  00021994    0000015c     drivers_cc13x4.a : NVSSPI25X.c.obj (.text.NVSSPI25X_write)
                  00021af0    0000015c     lv_obj_style.o (.text._lv_obj_style_create_transition)
                  00021c4c    00000158     drivers_cc13x4.a : SPICC26X4DMA.c.obj (.text.configNextTransfer)
                  00021da4    00000154     lv_printf.o (.text._ntoa_format)
                  00021ef8    00000154     lv_anim.o (.text.anim_timer)
                  0002204c    0000014e     lv_btnmatrix.o (.text.get_button_from_point)
                  0002219a    00000002     libclang_rt.builtins.a : aeabi_div0.c.obj (.text.__aeabi_ldiv0)
                  0002219c    0000014c     rf_multiMode_cc13x4.a : RFCC26X2_multiMode.c.cc13x4.ticlang.o (.text.RF_radioOpDoneCb)
                  000222e8    0000014c     drivers_cc13x4.a : SPICC26X4DMA.c.obj (.text.SPICC26X4DMA_open)
                  00022434    0000014c     ssf.o (.text.setPanIdAction)
                  00022580    0000014a     lv_obj_style.o (.text.lv_obj_get_style_prop)
                  000226ca    00000002     lv_font_fmt_txt.o (.text._lv_font_clean_up_fmt_txt)
                  000226cc    00000148     drivers_cc13x4.a : PowerCC26X2.c.obj (.text.Power_sleep)
                  00022814    00000148     lv_roller.o (.text.lv_roller_label_event)
                  0002295c    00000148     maclib_secure_cc13x4_tirtos7.a : mac_data.c.o (.text.macDataTxSend)
                  00022aa4    00000146     lv_draw_sw_rect.o (.text.shadow_blur_corner)
                  00022bea    00000144     rf_multiMode_cc13x4.a : RFCC26X2_multiMode.c.cc13x4.ticlang.o (.text.RF_updatePaConfiguration)
                  00022d2e    00000002     lv_refr.o (.text._lv_refr_init)
                  00022d30    00000144     st7789_lvgl.o (.text.ST7789_Init)
                  00022e74    00000144     maclib_secure_cc13x4_tirtos7.a : mac_hl_patch.c.o (.text.macIncomingFrameSecurity)
                  00022fb8    00000140     lv_draw_mask.o (.text.lv_draw_mask_line_points_init)
                  000230f8    00000140     maclib_secure_cc13x4_tirtos7.a : mac_radio_tx.c.o (.text.macRadioLbtTxCb)
                  00023238    0000013c     cui.o (.text.CUI_init)
                  00023374    0000013c     rf_multiMode_cc13x4.a : RFCC26X2_multiMode.c.cc13x4.ticlang.o (.text.RF_abortCmd)
                  000234b0    0000013c     lv_tabview.o (.text.lv_tabview_constructor)
                  000235ec    0000013c     lv_textarea.o (.text.lv_textarea_add_text)
                  00023728    00000138     nvocmp.o (.text.NVOCMP_findItem)
                  00023860    00000138     libc.a : strtol.c.obj (.text.strtol)
                  00023998    00000136     libclang_rt.builtins.a : divdf3.S.obj (.text.__divdf3)
                  00023ace    00000002     libc.a : _lock.c.obj (.text._nop)
                  00023ad0    00000134     rf_multiMode_cc13x4.a : RFCC26X2_multiMode.c.cc13x4.ticlang.o (.text.RF_ratSetupChannel)
                  00023c04    00000134     lv_calendar.o (.text.lv_calendar_set_showed_date)
                  00023d38    00000134     lv_font_fmt_txt.o (.text.lv_font_get_glyph_dsc_fmt_txt)
                  00023e6c    00000134     maclib_secure_cc13x4_tirtos7.a : mac_mgmt.c.o (.text.macSetDefaultsByPhyID)
                  00023fa0    00000130     drivers_cc13x4.a : AESCCMCC26X4.c.obj (.text.AESCCM_addDataInternal)
                  000240d0    00000130     lv_menu.o (.text.lv_menu_constructor)
                  00024200    00000130     lv_obj_scroll.o (.text.lv_obj_scroll_by)
                  00024330    0000012c     rf_multiMode_cc13x4.a : RFCC26X2_multiMode.c.cc13x4.ticlang.o (.text.RF_close)
                  0002445c    0000012c     lv_sjpg.o (.text.decoder_read_line)
                  00024588    0000012c     maclib_secure_cc13x4_tirtos7.a : mac_hl_patch.c.o (.text.macRxBeaconCritical)
                  000246b4    0000012c     ti_sysbios_config.o (.text.ti_sysbios_family_arm_v8m_cc26x4_Timer_construct)
                  000247e0    00000128     drivers_cc13x4.a : Button.c.obj (.text.Button_clockTimeoutHandler)
                  00024908    00000128     cui.o (.text.CUI_statusLinePrintf)
                  00024a30    00000128     lodepng.o (.text.lodepng_inspect)
                  00024b58    00000128     lv_style.o (.text.lv_style_remove_prop)
                  00024c80    00000128     maclib_secure_cc13x4_tirtos7.a : mac_data.c.o (.text.macAllocTxBuffer)
                  00024da8    00000128                                    : mac_hl_patch.c.o (.text.macWrapperDeleteDevice)
                  00024ed0    00000124     cui.o (.text.CUI_dispMenu)
                  00024ff4    00000124     rf_multiMode_cc13x4.a : RFCC26X2_multiMode.c.cc13x4.ticlang.o (.text.RF_fsmSetupState)
                  00025118    00000124     drivers_cc13x4.a : TRNGCC26XX.c.obj (.text.TRNGCC26XX_hwiFxn)
                  0002523c    00000124     lodepng.o (.text.getPixelColorRGBA16)
                  00025360    00000124     lv_mem.o (.text.lv_memcpy)
                  00025484    00000124     lv_textarea.o (.text.lv_textarea_add_char)
                  000255a8    00000124     maclib_secure_cc13x4_tirtos7.a : mac_radio.c.o (.text.macRadioInitIeee)
                  000256cc    00000120     lv_draw_sw_layer.o (.text.lv_draw_sw_layer_create)
                  000257ec    00000120     maclib_secure_cc13x4_tirtos7.a : mac_duty_cycle.c.o (.text.macDutyCycleInit)
                  0002590c    0000011c     drivers_cc13x4.a : NVSCC26XX.c.obj (.text.NVSCC26XX_write)
                  00025a28    0000011c     lv_area.o (.text.lv_point_transform)
                  00025b44    00000118     drivers_cc13x4.a : PowerCC26X2.c.obj (.text.Power_init)
                  00025c5c    00000118     rf_multiMode_cc13x4.a : RFCC26X2_multiMode.c.cc13x4.ticlang.o (.text.RF_decodeOverridePointers)
                  00025d74    00000118     drivers_cc13x4.a : SPICC26X4DMA.c.obj (.text.SPICC26X4DMA_control)
                  00025e8c    00000118     ssf.o (.text.Ssf_init)
                  00025fa4    00000118     drivers_cc13x4.a : UART2.c.obj (.text.UART2_writeTimeoutNonblocking)
                  000260bc    00000118     lv_textarea.o (.text.lv_textarea_set_text)
                  000261d4    00000116     lv_obj_pos.o (.text.lv_obj_move_to)
                  000262ea    00000002     lv_printf.o (.text._out_null)
                  000262ec    00000114     driverlib.lib : setup_rom.c.obj (.text.NOROM_SetupAfterColdResetWakeupFromShutDownCfg3)
                  00026400    00000114     lv_mem.o (.text.lv_mem_buf_get)
                  00026514    00000114     lv_roller.o (.text.refr_position)
                  00026628    00000114     maclib_secure_cc13x4_tirtos7.a : mac_tx.c.o (.text.txComplete)
                  0002673c    00000112     lv_area.o (.text._lv_area_is_point_on)
                  0002684e    00000002     drivers_cc13x4.a : PowerCC26X2.c.obj (.text.emptyClockFunc)
                  00026850    00000110                      : GPIOCC26X4.c.obj (.text.GPIO_init)
                  00026960    00000110                      : LED.c.obj (.text.LED_open)
                  00026a70    00000110     sensor.o (.text.dataCnfCB)
                  00026b80    00000110     lv_obj_style.o (.text.lv_obj_remove_style)
                  00026c90    00000110     maclib_secure_cc13x4_tirtos7.a : mac_ie_build.c.o (.text.macBuildPayloadIes)
                  00026da0    0000010c     driverlib.lib : setup_rom.c.obj (.text.NOROM_SetupAfterColdResetWakeupFromShutDownCfg2)
                  00026eac    0000010c     drivers_cc13x4.a : NVSSPI25X.c.obj (.text.NVSSPI25X_open)
                  00026fb8    0000010c                      : PowerCC26X2_calibrateRCOSC.c.obj (.text.PowerCC26X2_calibrate)
                  000270c4    0000010c     lv_img_decoder.o (.text.lv_img_decoder_open)
                  000271d0    0000010c     libc.a : s_scalbn.c.obj (.text.scalbn)
                  000272dc    00000108     drivers_cc13x4.a : AESCCMCC26X4.c.obj (.text.AESCCM_getResult)
                  000273e4    00000108     jdllc.o (.text.assocCnfCb)
                  000274ec    00000108     lv_bidi.o (.text.bracket_process)
                  000275f4    00000108     lv_spinbox.o (.text.lv_spinbox_updatevalue)
                  000276fc    00000108     maclib_secure_cc13x4_tirtos7.a : mac_hl_patch.c.o (.text.macBuildDataFrame)
                  00027804    00000104     macTask.o (.text.MAC_CbackEvent)
                  00027908    00000104     lv_event.o (.text.event_send_core)
                  00027a0c    00000104     lv_menu.o (.text.lv_menu_set_page)
                  00027b10    00000104     sysbios.a : Hwi_asm_gcc.s.obj (.text.ti_sysbios_family_arm_v8m_Hwi_dispatch)
                  00027c14    00000102     drivers_cc13x4.a : SPICC26X4DMA.c.obj (.text.csnCallback)
                  00027d16    00000102     lv_obj_tree.o (.text.obj_del_core)
                  00027e18    00000100     driverlib.lib : setup.c.obj (.text.NOROM_SetupTrimDevice)
                  00027f18    00000100     rf_multiMode_cc13x4.a : RFCC26X2_multiMode.c.cc13x4.ticlang.o (.text.RF_fsmPowerUpState)
                  00028018    00000100     drivers_cc13x4.a : TimerCC26XX.c.obj (.text.Timer_open)
                  00028118    00000100     lv_grid.o (.text.grid_align)
                  00028218    00000100     lv_obj_class.o (.text.lv_obj_class_create_obj)
                  00028318    00000100     lv_obj_tree.o (.text.lv_obj_set_parent)
                  00028418    00000100     maclib_secure_cc13x4_tirtos7.a : mac_device.c.o (.text.macBuildAssociateReq)
                  00028518    00000100                                    : mac_data.c.o (.text.macRxCompleteCallback)
                  00028618    00000100                                    : mac_hl_patch.c.o (.text.macScanNextChan)
                  00028718    000000fe     lv_obj_scroll.o (.text.lv_obj_scroll_by_bounded)
                  00028816    00000002     drivers_cc13x4.a : CryptoResourceCC26XX.c.obj (.text.errorSpin)
                  00028818    000000fc     rf_multiMode_cc13x4.a : RFCC26X2_multiMode.c.cc13x4.ticlang.o (.text.RF_hwiCpe0Active)
                  00028914    000000fc     libclang_rt.builtins.a : muldf3.S.obj (.text.__muldf3)
                  00028a10    000000fc     lv_png.o (.text.decoder_info)
                  00028b0c    000000f8     sensor.o (.text.Sensor_sendMsg)
                  00028c04    000000f8     lv_refr.o (.text._lv_inv_area)
                  00028cfc    000000f8     lv_roller.o (.text.lv_roller_set_options)
                  00028df4    000000f4     cui.o (.text.CUI_statusLineResourceRequest)
                  00028ee8    000000f4     drivers_cc13x4.a : TRNGCC26XX.c.obj (.text.TRNG_getRandom)
                  00028fdc    000000f4     lv_img_buf.o (.text._lv_img_buf_get_transformed_area)
                  000290d0    000000f0     drivers_cc13x4.a : UART2CC26X2.c.obj (.text.UART2Support_dmaStartRx)
                  000291c0    000000f0     lv_bmp.o (.text.decoder_open)
                  000292b0    000000f0     libc.a : fputs.c.obj (.text.fputs)
                  000293a0    000000f0     lv_table.o (.text.get_row_height)
                  00029490    000000f0     maclib_secure_cc13x4_tirtos7.a : mac_device.c.o (.text.macApiAssociateReq)
                  00029580    000000ec     lodepng.o (.text.Adam7_getpassvalues)
                  0002966c    000000ec     lv_fs.o (.text.lv_fs_open)
                  00029758    000000ec     lv_draw_sw_gradient.o (.text.lv_gradient_calculate)
                  00029844    000000ec     lv_obj_pos.o (.text.lv_obj_area_is_visible)
                  00029930    000000ec     lv_textarea.o (.text.lv_textarea_set_cursor_pos)
                  00029a1c    000000ec     maclib_secure_cc13x4_tirtos7.a : mac.c.o (.text.macSetupRATChanCompare)
                  00029b08    000000e8     lv_group.o (.text.focus_next_core)
                  00029bf0    000000e8     lv_obj_pos.o (.text.lv_obj_get_transformed_area)
                  00029cd8    000000e8     ti_sysbios_config.o (.text.ti_sysbios_knl_Semaphore_pend)
                  00029dc0    000000e4     drivers_cc13x4.a : AESCCMCC26X4.c.obj (.text.AESCCM_startOperation)
                  00029ea4    000000e4                      : Button.c.obj (.text.Button_open)
                  00029f88    000000e4     lv_font.o (.text.lv_font_get_glyph_dsc)
                  0002a06c    000000e4     maclib_secure_cc13x4_tirtos7.a : mac_tx.c.o (.text.macTxChannelBusyCallback)
                  0002a150    000000e4     lv_calendar_header_arrow.o (.text.my_constructor)
                  0002a234    000000e0     driverlib.lib : sys_ctrl.c.obj (.text.NOROM_SysCtrlStandby)
                  0002a314    000000e0     drivers_cc13x4.a : UART2CC26X2.c.obj (.text.UART2CC26X2_initHw)
                  0002a3f4    000000e0     lv_obj_style.o (.text.get_local_style)
                  0002a4d4    000000e0     lv_refr.o (.text.lv_obj_redraw)
                  0002a5b4    000000e0     maclib_secure_cc13x4_tirtos7.a : mac_hl_patch.c.o (.text.macOutgoingFrameKeyDescRetrieval)
                  0002a694    000000e0                                    : mac_tx.c.o (.text.txCsmaPrep)
                  0002a774    000000dc     rf_multiMode_cc13x4.a : RFCC26X2_multiMode.c.cc13x4.ticlang.o (.text.RF_control)
                  0002a850    000000dc     drivers_cc13x4.a : NVSSPI25X.c.obj (.text.doErase)
                  0002a92c    000000dc     lv_calendar.o (.text.lv_calendar_constructor)
                  0002aa08    000000dc     lv_img_decoder.o (.text.lv_img_decoder_built_in_info)
                  0002aae4    000000dc     lv_txt.o (.text.lv_txt_get_size)
                  0002abc0    000000dc     maclib_secure_cc13x4_tirtos7.a : mac_mgmt.c.o (.text.macBuildDisassociateReq)
                  0002ac9c    000000dc     ti_sysbios_config.o (.text.pthread_create)
                  0002ad78    000000dc     lv_obj_pos.o (.text.transform_point)
                  0002ae54    000000dc     lv_arc.o (.text.value_update)
                  0002af30    000000d8     maclib_secure_cc13x4_tirtos7.a : mac_hl_patch.c.o (.text.macCcmStarTransform)
                  0002b008    000000d8                                    : mac_scan.c.o (.text.macScanRxBeacon)
                  0002b0e0    000000d8     libc.a : setvbuf.c.obj (.text.setvbuf)
                  0002b1b8    000000d6     lodepng.o (.text.readChunk_iCCP)
                  0002b28e    00000002     lv_draw.o (.text.lv_draw_init)
                  0002b290    000000d4     api_mac.o (.text.ApiMac_mlmeSetReqArray)
                  0002b364    000000d4     maclib_secure_cc13x4_tirtos7.a : mac_data.c.o (.text.MAC_McpsDataAlloc)
                  0002b438    000000d4     drivers_cc13x4.a : SPICC26X4DMA.c.obj (.text.initHw)
                  0002b50c    000000d4     sensor.o (.text.jdllcStateChangeCb)
                  0002b5e0    000000d4     lv_obj_scroll.o (.text.lv_obj_get_scroll_left)
                  0002b6b4    000000d4     lv_txt.o (.text.lv_txt_utf8_next)
                  0002b788    000000d0     drivers_cc13x4.a : PowerCC26X2.c.obj (.text.configureXOSCHF)
                  0002b858    000000d0     lv_png.o (.text.decoder_open)
                  0002b928    000000d0     lv_label.o (.text.lv_label_set_text)
                  0002b9f8    000000d0     maclib_secure_cc13x4_tirtos7.a : mac_hl_patch.c.o (.text.macEdScanISR)
                  0002bac8    000000d0                                    : mac_radio_tx.c.o (.text.macRadioTxAckCb)
                  0002bb98    000000d0                                    : mac_radio_tx.c.o (.text.macRadioTxPrepCsmaSlottedSubG)
                  0002bc68    000000d0                                    : mac_symbol_timer.c.o (.text.macSymbolTimerUpdateWakeup)
                  0002bd38    000000cc     lv_dropdown.o (.text.draw_box_label)
                  0002be04    000000cc     tjpgd.o (.text.huffext)
                  0002bed0    000000cc     lv_style.o (.text.lv_style_register_prop)
                  0002bf9c    000000cc     maclib_secure_cc13x4_tirtos7.a : mac_mgmt.c.o (.text.macCommStatusInd)
                  0002c068    000000cc                                    : mac_device.c.o (.text.macDeviceReset)
                  0002c134    000000c8     sensor.o (.text.Sensor_init)
                  0002c1fc    000000c8     lv_font_fmt_txt.o (.text.get_glyph_dsc_id)
                  0002c2c4    000000c8     lv_obj_scroll.o (.text.lv_obj_get_scroll_right)
                  0002c38c    000000c8     maclib_secure_cc13x4_tirtos7.a : mac_hl_patch.c.o (.text.macOutgoingFrameSecurity)
                  0002c454    000000c8                                    : mac_main.c.o (.text.macSendDataMsg)
                  0002c51c    000000c6     lv_table.o (.text.get_cell_area)
                  0002c5e2    000000c6     lodepng.o (.text.readChunk_zTXt)
                  0002c6a8    000000c4     sensor.o (.text.jdllcJoinedCb)
                  0002c76c    000000c4     lv_dropdown.o (.text.lv_dropdown_set_options)
                  0002c830    000000c4     maclib_secure_cc13x4_tirtos7.a : mac_hl_patch.c.o (.text.macBuildHeaderIes)
                  0002c8f4    000000c4                                    : mac_duty_cycle.c.o (.text.macDutyCycleNotify)
                  0002c9b8    000000c4     lv_draw_sw_blend.o (.text.set_px_argb)
                  0002ca7c    000000c0     drivers_cc13x4.a : GPIOCC26XX.c.obj (.text.GPIO_setConfigAndMux)
                  0002cb3c    000000c0     driverlib.lib : aes.c.obj (.text.NOROM_AESWriteToKeyStore)
                  0002cbfc    000000c0     ssf.o (.text.Ssf_stateChangeUpdate)
                  0002ccbc    000000c0     lv_textarea.o (.text.lv_textarea_del_char)
                  0002cd7c    000000c0     maclib_secure_cc13x4_tirtos7.a : mac_tx.c.o (.text.macTxRequestCsmaRtcDelay)
                  0002ce3c    000000c0                                    : mac_radio.c.o (.text.scheduleNopWakeupCmd)
                  0002cefc    000000be     lv_obj_draw.o (.text.lv_obj_calculate_ext_draw_size)
                  0002cfba    00000002     lv_draw_sw.o (.text.lv_draw_sw_wait_for_finish)
                  0002cfbc    000000bc     drivers_cc13x4.a : PowerCC26X2.c.obj (.text.Power_setDependency)
                  0002d078    000000bc     rf_multiMode_cc13x4.a : RFCC26X2_multiMode.c.cc13x4.ticlang.o (.text.RF_swiHw)
                  0002d134    000000bc     drivers_cc13x4.a : UART2CC26X2.c.obj (.text.UART2Support_dmaStartTx)
                  0002d1f0    000000bc     lodepng.o (.text.lodepng_add_itext_sized)
                  0002d2ac    000000b8     drivers_cc13x4.a : GPTimerCC26XX.c.obj (.text.GPTimerCC26XX_open)
                  0002d364    000000b8     maclib_secure_cc13x4_tirtos7.a : mac_mgmt.c.o (.text.MAC_MlmeResetReq)
                  0002d41c    000000b8     btn.o (.text.btn_process)
                  0002d4d4    000000b8     maclib_secure_cc13x4_tirtos7.a : mac_tx.c.o (.text.macTxRequestCsmaDelay)
                  0002d58c    000000b8     ti_sysbios_config.o (.text.ti_sysbios_knl_Task_Instance_finalize)
                  0002d644    000000b6     lv_tileview.o (.text.tileview_event_cb)
                  0002d6fa    00000002     lv_img_cache.o (.text.lv_img_cache_invalidate_src)
                  0002d6fc    000000b4     drivers_cc13x4.a : PowerCC26X2.c.obj (.text.Power_releaseDependency)
                  0002d7b0    000000b4     lv_arc.o (.text.get_knob_area)
                  0002d864    000000b4     lv_btnmatrix.o (.text.invalidate_button_area)
                  0002d918    000000b4     lv_math.o (.text.lv_atan2)
                  0002d9cc    000000b4     lv_label.o (.text.lv_label_ins_text)
                  0002da80    000000b4     maclib_secure_cc13x4_tirtos7.a : mac.c.o (.text.macGetRFCmdDuration)
                  0002db34    000000b4     jdllc.o (.text.pollCnfCb)
                  0002dbe8    000000b4     ti_sysbios_config.o (.text.ti_sysbios_knl_Task_setPri)
                  0002dc9c    000000b2     lv_tabview.o (.text.cont_scroll_end_event_cb)
                  0002dd4e    000000b2     api_mac.o (.text.copyDataInd)
                  0002de00    000000b2     lv_obj_draw.o (.text.lv_obj_init_draw_line_dsc)
                  0002deb2    00000002     lv_mem.o (.text.lv_mem_init)
                  0002deb4    000000b0     lv_anim.o (.text.lv_anim_start)
                  0002df64    000000b0     lv_obj_scroll.o (.text.lv_obj_get_scroll_bottom)
                  0002e014    000000b0     lv_obj_draw.o (.text.lv_obj_init_draw_label_dsc)
                  0002e0c4    000000b0     maclib_secure_cc13x4_tirtos7.a : mac_data.c.o (.text.macApiDataReq)
                  0002e174    000000b0                                    : mac_mgmt.c.o (.text.macBuildBeaconNotifyInd)
                  0002e224    000000b0                                    : mac_ie_build.c.o (.text.macBuildPayloadCoexistIe)
                  0002e2d4    000000b0     lv_table.o (.text.refr_size_form_row)
                  0002e384    000000b0     jdllc.o (.text.scanCnfCb)
                  0002e434    000000b0     libclang_rt.builtins.a : udivmoddi4.S.obj (.text)
                  0002e4e4    000000ac     ti_sysbios_config.o (.text.PowerCC26XX_standbyPolicy)
                  0002e590    000000ac     rf_multiMode_cc13x4.a : RFCC26X2_multiMode.c.cc13x4.ticlang.o (.text.RF_pendCmd)
                  0002e63c    000000ac     maclib_secure_cc13x4_tirtos7.a : mac_hl_patch.c.o (.text.macAutoPendMaintainSrcMatchTable)
                  0002e6e8    000000ac                                    : mac_data.c.o (.text.macDataTxEnqueue)
                  0002e794    000000a8     drivers_cc13x4.a : AESCCMCC26X4.c.obj (.text.AESCCM_hwiFxn)
                  0002e83c    000000a8                      : SPICC26X4DMA.c.obj (.text.finishTransfer)
                  0002e8e4    000000a8     lv_color.o (.text.lv_color_hsv_to_rgb)
                  0002e98c    000000a8     maclib_secure_cc13x4_tirtos7.a : mac_rx.c.o (.text.macRxInit)
                  0002ea34    000000a8                                    : mac_tx.c.o (.text.macTxStartQueuedFrame)
                  0002eadc    000000a4                                    : mac_autopend.c.o (.text.MAC_SrcMatchAddEntry)
                  0002eb80    000000a4     maclib_osal_tirtos7_cc13x4_26x4.a : osal_port.c.o (.text.OsalPort_heapMalloc)
                  0002ec24    000000a4     rf_multiMode_cc13x4.a : RFCC26X2_multiMode.c.cc13x4.ticlang.o (.text.RF_initRadioSetup)
                  0002ecc8    000000a4     lv_dropdown.o (.text.draw_box)
                  0002ed6c    000000a4     maclib_secure_cc13x4_tirtos7.a : mac_hl_patch.c.o (.text.macDataTxComplete)
                  0002ee10    000000a4                                    : mac_hl_patch.c.o (.text.macMgmtReset)
                  0002eeb4    000000a4     ti_sysbios_config.o (.text.ti_sysbios_knl_Task_Instance_init)
                  0002ef58    000000a4     lv_obj_style.o (.text.trans_anim_ready_cb)
                  0002effc    000000a4     lv_obj_style.o (.text.trans_del)
                  0002f0a0    000000a2     lv_bidi.o (.text._lv_bidi_get_visual_pos)
                  0002f142    000000a2     lv_arc.o (.text.inv_arc_area)
                  0002f1e4    000000a2     lodepng.o (.text.lodepng_zlib_decompressv)
                  0002f286    00000002     maclib_secure_cc13x4_tirtos7.a : mac_pwr.c.o (.text.macApiPwrOnReq)
                  0002f288    000000a0     nvocmp.o (.text.NVOCMP_readContItemApi)
                  0002f328    000000a0     rf_multiMode_cc13x4.a : RFCC26X2_multiMode.c.cc13x4.ticlang.o (.text.RF_calculateDispatchTime)
                  0002f3c8    000000a0                           : RFCC26X2_multiMode.c.cc13x4.ticlang.o (.text.RF_requestAccess)
                  0002f468    000000a0     ssf.o (.text.Ssf_processEvents)
                  0002f508    000000a0     lv_txt.o (.text._lv_txt_set_text_vfmt)
                  0002f5a8    000000a0     lv_printf.o (.text._ntoa_long_long)
                  0002f648    000000a0     display_taskLvgl.o (.text.display_task_)
                  0002f6e8    000000a0     lv_obj_style.o (.text.get_trans_style)
                  0002f788    000000a0     lv_group.o (.text.lv_group_add_obj)
                  0002f828    000000a0     lv_indev.o (.text.lv_indev_reset)
                  0002f8c8    000000a0     lv_obj_draw.o (.text.lv_obj_init_draw_arc_dsc)
                  0002f968    000000a0     lv_theme_default.o (.text.lv_theme_default_init)
                  0002fa08    000000a0     maclib_secure_cc13x4_tirtos7.a : mac_hl_patch.c.o (.text.macAutoPendAddSrcMatchTableEntry)
                  0002faa8    000000a0                                    : mac_hl_patch.c.o (.text.macCbackForEvent)
                  0002fb48    0000009e     lv_obj_draw.o (.text.lv_obj_init_draw_img_dsc)
                  0002fbe6    0000009e     lv_obj_scroll.o (.text.lv_obj_readjust_scroll)
                  0002fc84    0000009e     lv_slider.o (.text.position_knob)
                  0002fd22    00000002     maclib_secure_cc13x4_tirtos7.a : mac_mcu.c.o (.text.macMcuBitReverse)
                  0002fd24    0000009c     driverlib.lib : setup.c.obj (.text.TrimAfterColdResetWakeupFromShutDown)
                  0002fdc0    0000009c     lv_area.o (.text._lv_area_is_out)
                  0002fe5c    0000009c     lv_obj_style.o (.text.lv_obj_add_style)
                  0002fef8    0000009c     maclib_secure_cc13x4_tirtos7.a : mac_mgmt.c.o (.text.macBuildWSAsyncReq)
                  0002ff94    0000009c     ti_sysbios_config.o (.text.ti_sysbios_knl_Clock_workFuncDynamic)
                  00030030    0000009c     ti_sysbios_config.o (.text.ti_sysbios_knl_Mailbox_Instance_init)
                  000300cc    0000009a     drivers_cc13x4.a : UART2.c.obj (.text.UART2_writeCancel)
                  00030166    0000009a     lv_calendar.o (.text.draw_part_begin_event_cb)
                  00030200    00000098     drivers_cc13x4.a : GPTimerCC26XX.c.obj (.text.GPTimerCC26XX_close)
                  00030298    00000098     nvocmp.o (.text.NVOCMP_erase)
                  00030330    00000098     rf_multiMode_cc13x4.a : RFCC26X2_multiMode.c.cc13x4.ticlang.o (.text.RF_defaultSubmitPolicy)
                  000303c8    00000098     lv_area.o (.text._lv_area_is_in)
                  00030460    00000098     lv_draw_sw_arc.o (.text.get_rounded_area)
                  000304f8    00000098     lv_event.o (.text.lv_obj_add_event_cb)
                  00030590    00000098     lv_style.o (.text.lv_style_get_prop)
                  00030628    00000098     maclib_secure_cc13x4_tirtos7.a : mac_hl_patch.c.o (.text.macIncomingSecurityLevelChecking)
                  000306c0    00000098                                    : mac_mgmt.c.o (.text.macRxBeacon)
                  00030758    00000098                                    : mac_hl_patch.c.o (.text.macScanRxCoordRealign)
                  000307f0    00000098                                    : mac_timer.c.o (.text.macSymbolTimerTriggerCallback)
                  00030888    00000098     ti_sysbios_config.o (.text.ti_sysbios_knl_Task_sleep)
                  00030920    00000096     rf_multiMode_cc13x4.a : RFCC26X2_multiMode.c.cc13x4.ticlang.o (.text.RF_verifyGap)
                  000309b6    00000096     lv_printf.o (.text._ntoa_long)
                  00030a4c    00000094     maclib_secure_cc13x4_tirtos7.a : mac_hl_patch.c.o (.text.MAC_MlmeScanReq)
                  00030ae0    00000094     rf_multiMode_cc13x4.a : RFCC26X2_multiMode.c.cc13x4.ticlang.o (.text.RF_ratRestartChannels)
                  00030b74    00000094     drivers_cc13x4.a : SPICC26X4DMA.c.obj (.text.SPICC26X4DMA_transferCancel)
                  00030c08    00000094     lv_log.o (.text._lv_log_add)
                  00030c9c    00000094     drivers_cc13x4.a : SPICC26X4DMA.c.obj (.text.initIO)
                  00030d30    00000094     lv_draw_mask.o (.text.lv_draw_mask_angle_init)
                  00030dc4    00000094     lv_group.o (.text.lv_group_remove_obj)
                  00030e58    00000094     lv_obj_tree.o (.text.lv_obj_del)
                  00030eec    00000092     lv_obj_tree.o (.text.lv_obj_move_to_index)
                  00030f7e    00000092     lv_tabview.o (.text.lv_tabview_set_act)
                  00031010    00000092     lv_txt.o (.text.lv_txt_get_width)
                  000310a2    00000002     maclib_secure_cc13x4_tirtos7.a : mac_mgmt.c.o (.text.macNoAction)
                  000310a4    00000090     rf_multiMode_cc13x4.a : RFCC26X2_multiMode.c.cc13x4.ticlang.o (.text.RF_getTxPower)
                  00031134    00000090     drivers_cc13x4.a : UART2CC26X2.c.obj (.text.UART2_close)
                  000311c4    00000090     lv_menu.o (.text.lv_menu_back_event_cb)
                  00031254    00000090     lv_style.o (.text.lv_style_reset)
                  000312e4    00000090     maclib_secure_cc13x4_tirtos7.a : mac_coord.c.o (.text.macIndirectSend)
                  00031374    00000090                                    : mac_autopend.c.o (.text.macSrcMatchCheckSrcAddr)
                  00031404    00000090                                    : mac.c.o (.text.macStopCmd)
                  00031494    00000090     lv_calendar_header_dropdown.o (.text.my_constructor)
                  00031524    0000008e     lodepng.o (.text.lodepng_load_file)
                  000315b2    0000008e     lodepng.o (.text.readChunk_tEXt)
                  00031640    0000008c     nvocmp.o (.text.NVOCMP_updateItemApi)
                  000316cc    0000008c     drivers_cc13x4.a : TRNGCC26XX.c.obj (.text.TRNG_construct)
                  00031758    0000008c     jdllc.o (.text.beaconNotifyIndCb)
                  000317e4    0000008c     drivers_cc13x4.a : NVSCC26XX.c.obj (.text.doErase)
                  00031870    0000008c     lv_draw_sw.o (.text.lv_draw_sw_init_ctx)
                  000318fc    0000008c     lv_dropdown.o (.text.lv_dropdown_set_options_static)
                  00031988    0000008c     lv_style.o (.text.lv_style_prop_get_default)
                  00031a14    0000008c     maclib_secure_cc13x4_tirtos7.a : mac_radio_tx.c.o (.text.macRadioFHEncryptFrame)
                  00031aa0    0000008c     ti_sysbios_config.o (.text.ti_sysbios_knl_Clock_init)
                  00031b2c    0000008c     ti_sysbios_config.o (.text.ti_sysbios_knl_Mailbox_post)
                  00031bb8    00000088     jdllc.o (.text.Jdllc_init)
                  00031c40    00000088     nvocmp.o (.text.NVOCMP_deleteItemApi)
                  00031cc8    00000088     rf_multiMode_cc13x4.a : RFCC26X2_multiMode.c.cc13x4.ticlang.o (.text.RF_cmdDispatchTime)
                  00031d50    00000088                           : RFCC26X2_multiMode.c.cc13x4.ticlang.o (.text.RF_discardPendCmd)
                  00031dd8    00000088     jdllc.o (.text.disassoCnfCb)
                  00031e60    00000088     libc.a : fputc.c.obj (.text.fputc)
                  00031ee8    00000088     lv_calendar.o (.text.highlight_update)
                  00031f70    00000088     lv_draw_layer.o (.text.lv_draw_layer_create)
                  00031ff8    00000088     lv_obj.o (.text.lv_init)
                  00032080    00000088     maclib_secure_cc13x4_tirtos7.a : mac_hl_patch.c.o (.text.macCcmDecrypt)
                  00032108    00000088                                    : mac_hl_patch.c.o (.text.macCcmStarInverseTransform)
                  00032190    00000088                                    : mac_radio_tx.c.o (.text.macRadioSendImmAck)
                  00032218    00000088                                    : mac_radio.c.o (.text.macRadioUpdateChannel)
                  000322a0    00000086     lv_draw_sw_transform.o (.text.transform_point_upscaled)
                  00032326    00000002     maclib_secure_cc13x4_tirtos7.a : mac_radio.c.o (.text.macRadioSetRE)
                  00032328    00000084     cui.o (.text.CUI_clientOpen)
                  000323ac    00000084     rf_multiMode_cc13x4.a : RFCC26X2_multiMode.c.cc13x4.ticlang.o (.text.RF_getInfo)
                  00032430    00000084                           : RFCC26X2_multiMode.c.cc13x4.ticlang.o (.text.RF_yield)
                  000324b4    00000084     lv_colorwheel.o (.text.fast_hsv2rgb)
                  00032538    00000084     lv_arc.o (.text.get_center)
                  000325bc    00000084     lodepng.o (.text.lodepng_add_text_sized)
                  00032640    00000084     lv_fs.o (.text.lv_fs_seek)
                  000326c4    00000084     lv_grid.o (.text.lv_grid_init)
                  00032748    00000084     maclib_secure_cc13x4_tirtos7.a : mac_hl_patch.c.o (.text.macBlacklistChecking)
                  000327cc    00000084                                    : mac_hl_patch.c.o (.text.macCcmEncrypt)
                  00032850    00000084     macTask.o (.text.macTaskInit)
                  000328d4    00000084     main.o (.text.main)
                  00032958    00000084     lv_refr.o (.text.refr_obj_and_children)
                  000329dc    00000084     ti_sysbios_config.o (.text.ti_sysbios_family_arm_v8m_Hwi_initNVIC)
                  00032a60    00000080     drivers_cc13x4.a : GPIOCC26X4.c.obj (.text.GPIO_hwiIntFxn)
                  00032ae0    00000080     nvocmp.o (.text.NVOCMP_createItemApi)
                  00032b60    00000080     drivers_cc13x4.a : NVSSPI25X.c.obj (.text.NVSSPI25X_close)
                  00032be0    00000080     maclib_osal_tirtos7_cc13x4_26x4.a : osal_port.c.o (.text.OsalPort_setTimer)
                  00032c60    00000080     lv_bidi.o (.text._lv_bidi_get_logical_pos)
                  00032ce0    00000080     lv_draw_sw_layer.o (.text.lv_draw_sw_layer_blend)
                  00032d60    00000080     lv_spinner.o (.text.lv_spinner_constructor)
                  00032de0    00000080     lv_textarea.o (.text.lv_textarea_constructor)
                  00032e60    00000080     maclib_secure_cc13x4_tirtos7.a : mac_data.c.o (.text.macFrameDurationSubG)
                  00032ee0    00000080                                    : mac_tx.c.o (.text.macTxDoneCallback)
                  00032f60    00000080     jdllc.o (.text.syncLossCb)
                  00032fe0    00000080     ti_sysbios_config.o (.text.ti_sysbios_family_arm_v8m_Hwi_postInit)
                  00033060    00000080     ti_sysbios_config.o (.text.ti_sysbios_gates_GateMutexPri_enter)
                  000330e0    0000007e     nvocmp.o (.text.NVOCMP_readHeader)
                  0003315e    0000007e     lv_refr.o (.text.lv_refr_get_top_obj)
                  000331dc    0000007c     jdllc.o (.text.Jdllc_securityInit)
                  00033258    0000007c     driverlib.lib : setup_rom.c.obj (.text.NOROM_SetupStepVddrTrimTo)
                  000332d4    0000007c     rf_multiMode_cc13x4.a : RFCC26X2_multiMode.c.cc13x4.ticlang.o (.text.RF_ratDisableChannel)
                  00033350    0000007c     drivers_cc13x4.a : SPICC26X4DMA.c.obj (.text.SPICC26X4DMA_close)
                  000333cc    0000007c     utc_clock.o (.text.UTC_timeUpdateHandler)
                  00033448    0000007c     drivers_cc13x4.a : NVSSPI25X.c.obj (.text.doRead)
                  000334c4    0000007c     lv_draw_sw_gradient.o (.text.kill_oldest_item)
                  00033540    0000007c     lv_label.o (.text.lv_label_set_text_fmt)
                  000335bc    0000007c     maclib_secure_cc13x4_tirtos7.a : mac_mcu.c.o (.text.macMcuOverflowSetPeriod)
                  00033638    0000007c                                    : mac_pwr.c.o (.text.macPwrVote)
                  000336b4    0000007c                                    : mac.c.o (.text.macSetupReceiveCmd)
                  00033730    0000007c     lv_colorwheel.o (.text.refr_knob_pos)
                  000337ac    0000007a     tjpgd.o (.text.bitext)
                  00033826    0000007a     lv_roller.o (.text.inf_normalize)
                  000338a0    0000007a     lv_flex.o (.text.place_content)
                  0003391a    00000002     maclib_secure_cc13x4_tirtos7.a : mac_radio_tx.c.o (.text.macRadioTxCancelTxAck)
                  0003391c    00000078     driverlib.lib : chipinfo.c.obj (.text.NOROM_ChipInfo_GetChipType)
                  00033994    00000078     nvocmp.o (.text.NVOCMP_checkItem)
                  00033a0c    00000078     nvocmp.o (.text.NVOCMP_loadApiPtrs)
                  00033a84    00000078     drivers_cc13x4.a : NVSCC26XX.c.obj (.text.NVSCC26XX_open)
                  00033afc    00000078     rf_multiMode_cc13x4.a : RFCC26X2_multiMode.c.cc13x4.ticlang.o (.text.RF_ratFreeChannel)
                  00033b74    00000078     ssf.o (.text.Ssf_networkUpdate)
                  00033bec    00000078     lv_txt_ap.o (.text._lv_txt_ap_calc_bytes_cnt)
                  00033c64    00000078     ti_sysbios_config.o (.text._pthread_removeThreadKeys)
                  00033cdc    00000078     btn.o (.text.btn_init)
                  00033d54    00000078     lodepng.o (.text.generateFixedLitLenTree)
                  00033dcc    00000078     lv_draw_transform.o (.text.lv_draw_transform)
                  00033e44    00000078     lv_win.o (.text.lv_win_constructor)
                  00033ebc    00000078     maclib_secure_cc13x4_tirtos7.a : mac.c.o (.text.macRequestBackoff)
                  00033f34    00000078                                    : mac_device.c.o (.text.macRxAssocRsp)
                  00033fac    00000078                                    : mac_symbol_timer.c.o (.text.macSymbolTimerInit)
                  00034024    00000078     lv_textarea.o (.text.pwd_char_hider)
                  0003409c    00000078     ti_sysbios_config.o (.text.ti_sysbios_knl_Task_postInit)
                  00034114    00000076     drivers_cc13x4.a : UART2CC26X2.c.obj (.text.UART2Support_dmaStopTx)
                  0003418a    00000076     lv_obj.o (.text.lv_obj_clear_flag)
                  00034200    00000076     lv_table.o (.text.scroll_to_selected_cell)
                  00034276    00000002     lv_textarea.o (.text.pwd_char_hider_anim)
                  00034278    00000074     jdllc.o (.text.Jdllc_rejoin)
                  000342ec    00000074     maclib_osal_tirtos7_cc13x4_26x4.a : osal_port.c.o (.text.OsalPort_heapInit)
                  00034360    00000074     rf_multiMode_cc13x4.a : RFCC26X2_multiMode.c.cc13x4.ticlang.o (.text.RF_hwiHw)
                  000343d4    00000074     libc.a : fclose.c.obj (.text.__TI_closefile)
                  00034448    00000074     ti_sysbios_config.o (.text.acquireMutex)
                  000344bc    00000074     control_task.o (.text.control_taskInit)
                  00034530    00000074     lv_color.o (.text.lv_color_mix)
                  000345a4    00000074     lv_draw_sw_blend.o (.text.lv_color_mix)
                  00034618    00000074     lv_draw_sw_transform.o (.text.lv_color_mix)
                  0003468c    00000074     lv_led.o (.text.lv_color_mix)
                  00034700    00000074     lv_theme_default.o (.text.lv_color_mix)
                  00034774    00000074     lv_dropdown.o (.text.lv_dropdown_get_selected_str)
                  000347e8    00000074     lv_obj_class.o (.text.lv_obj_class_init_obj)
                  0003485c    00000074     lv_textarea.o (.text.lv_textarea_set_one_line)
                  000348d0    00000074     maclib_secure_cc13x4_tirtos7.a : mac_hl_patch.c.o (.text.macKeyDescriptorLookup)
                  00034944    00000074                                    : mac_mcu.c.o (.text.macMcuOverflowSetCompare)
                  000349b8    00000074                                    : mac_radio_tx.c.o (.text.macRadioTxEnhAckCb)
                  00034a2c    00000074                                    : mac_ie_parse.c.o (.text.macUpdateHeaderIEPtr)
                  00034aa0    00000074     lv_calendar_header_arrow.o (.text.month_event_cb)
                  00034b14    00000074     lodepng.o (.text.readChunk_PLTE)
                  00034b88    00000074     ti_sysbios_config.o (.text.ti_sysbios_family_arm_v8m_Hwi_Instance_init)
                  00034bfc    00000074     ti_sysbios_config.o (.text.ti_sysbios_knl_Swi_restoreHwi)
                  00034c70    00000072     drivers_cc13x4.a : LED.c.obj (.text.LED_startBlinking)
                  00034ce2    00000072     lodepng.o (.text.zlib_decompress)
                  00034d54    00000070     drivers_cc13x4.a : AESCCMCC26X4.c.obj (.text.AESCCM_waitForResult)
                  00034dc4    00000070     api_mac.o (.text.ApiMac_init)
                  00034e34    00000070     driverlib.lib : interrupt.c.obj (.text.NOROM_IntDisable)
                  00034ea4    00000070     nvocmp.o (.text.NVOCMP_readItemApi)
                  00034f14    00000070     maclib_osal_tirtos7_cc13x4_26x4.a : osal_port.c.o (.text.OsalPort_pwrmgrTaskState)
                  00034f84    00000070     lv_img_cache.o (.text._lv_img_cache_open)
                  00034ff4    00000070     jdllc.o (.text.dataCnfCb)
                  00035064    00000070     lv_bmp.o (.text.decoder_info)
                  000350d4    00000070     jdllc.o (.text.disassocIndCb)
                  00035144    00000070     lv_draw_sw_gradient.o (.text.iterate_cache)
                  000351b4    00000070     lv_bar.o (.text.lv_bar_set_value_with_anim)
                  00035224    00000070     lv_keyboard.o (.text.lv_keyboard_update_ctrl_map)
                  00035294    00000070     lv_txt.o (.text.lv_txt_unicode_to_utf8)
                  00035304    00000070     maclib_secure_cc13x4_tirtos7.a : mac_duty_cycle.c.o (.text.macDutyCycleTimerCB)
                  00035374    00000070                                    : mac_radio.c.o (.text.macRadioStartScan)
                  000353e4    00000070                                    : mac_timer.c.o (.text.macTimerUpdateSymbolTimer)
                  00035454    00000070     ti_sysbios_config.o (.text.ti_sysbios_knl_Task_startup)
                  000354c4    00000070     ti_sysbios_config.o (.text.ti_sysbios_runtime_System_formatNum)
                  00035534    00000070     libc.a : copy_decompress_lzss.c.obj (.text:decompress:lzss)
                  000355a4    0000006e     lodepng.o (.text.color_tree_add)
                  00035612    0000006e     lv_calendar.o (.text.get_month_length)
                  00035680    0000006e     lv_obj.o (.text.lv_obj_add_flag)
                  000356ee    00000002     ti_sysbios_config.o (.text.ti_sysbios_runtime_System_exitSpin)
                  000356f0    0000006e     lodepng.o (.text.readChunk_bKGD)
                  0003575e    00000002     --HOLE-- [fill = 0]
                  00035760    0000006c     drivers_cc13x4.a : AESCCMCC26X4.c.obj (.text.AESCCM_construct)
                  000357cc    0000006c     driverlib.lib : interrupt.c.obj (.text.NOROM_IntEnable)
                  00035838    0000006c                   : sys_ctrl.c.obj (.text.NOROM_SysCtrl_DCDC_VoltageConditionalControl)
                  000358a4    0000006c     nvocmp.o (.text.NVOCMP_eraseNvApi)
                  00035910    0000006c     nvocmp.o (.text.NVOCMP_writeItemApi)
                  0003597c    0000006c     rf_multiMode_cc13x4.a : RFCC26X2_multiMode.c.cc13x4.ticlang.o (.text.RF_issueRadioFreeCb)
                  000359e8    0000006c     drivers_cc13x4.a : Random.c.obj (.text.Random_seedAutomatic)
                  00035a54    0000006c     libc.a : _printfi.c.obj (.text._mcpy)
                  00035ac0    0000006c     lv_dropdown.o (.text.btn_release_handler)
                  00035b2c    0000006c     lv_draw_sw_blend.o (.text.color_blend_true_color_additive)
                  00035b98    0000006c     lv_draw_sw_blend.o (.text.color_blend_true_color_multiply)
                  00035c04    0000006c     rf_multiMode_cc13x4.a : rf_patch_cpe_multi_protocol.c.cc13x4.ticlang.o (.text.configureMultiProtocolPatch)
                  00035c70    0000006c     lv_roller.o (.text.get_sel_area)
                  00035cdc    0000006c     lv_arc.o (.text.lv_arc_set_end_angle)
                  00035d48    0000006c     lv_arc.o (.text.lv_arc_set_start_angle)
                  00035db4    0000006c     lv_obj_pos.o (.text.lv_layout_register)
                  00035e20    0000006c     lv_menu.o (.text.lv_menu_refr_main_header_mode)
                  00035e8c    0000006c     lv_obj.o (.text.lv_obj_allocate_spec_attr)
                  00035ef8    0000006c     lv_obj.o (.text.lv_obj_destructor)
                  00035f64    0000006c     lv_timer.o (.text.lv_timer_create)
                  00035fd0    0000006c     maclib_secure_cc13x4_tirtos7.a : mac_mgmt.c.o (.text.macApiDisassociateReq)
                  0003603c    0000006c                                    : mac_duty_cycle.c.o (.text.macDutyCycleByteToUSec)
                  000360a8    0000006c                                    : mac_rx_onoff.c.o (.text.macRxOffRequest)
                  00036114    0000006c                                    : mac.c.o (.text.macSetupFsCmd)
                  00036180    0000006c     drivers_cc13x4.a : PowerCC26X2.c.obj (.text.oscillatorISR)
                  000361ec    0000006c     ti_sysbios_config.o (.text.ti_sysbios_family_arm_v8m_Hwi_dispatchC)
                  00036258    0000006c     ti_sysbios_config.o (.text.ti_sysbios_knl_TaskSupport_buildTaskStack)
                  000362c4    0000006a     libclang_rt.builtins.a : comparedf2.c.obj (.text.__gedf2)
                  0003632e    0000006a                            : comparedf2.c.obj (.text.__ledf2)
                  00036398    0000006a     lv_draw_sw.o (.text.lv_draw_sw_buffer_copy)
                  00036402    0000006a     lodepng.o (.text.readChunk_tRNS)
                  0003646c    00000068     maclib_secure_cc13x4_tirtos7.a : mac_device.c.o (.text.MAC_InitDevice)
                  000364d4    00000068     drivers_cc13x4.a : PowerCC26X2_calibrateRCOSC_helpers.c.obj (.text.PowerCC26X2_updateSubSecInc)
                  0003653c    00000068     rf_multiMode_cc13x4.a : RFCC26X2_multiMode.c.cc13x4.ticlang.o (.text.RF_detachOverrides)
                  000365a4    00000004     api_mac.o (.text.ApiMac_mlmeDisassociateReq)
                  000365a8    00000068     libc.a : s_frexp.c.obj (.text.frexp)
                  00036610    00000068            : fseek.c.obj (.text.fseeko)
                  00036678    00000068            : getdevice.c.obj (.text.getdevice)
                  000366e0    00000068     lv_sjpg.o (.text.input_func)
                  00036748    00000068     lv_obj_pos.o (.text.layout_update_core)
                  000367b0    00000068     lv_anim.o (.text.lv_anim_del)
                  00036818    00000068     lv_colorwheel.o (.text.lv_colorwheel_set_hsv)
                  00036880    00000068     lv_style.o (.text.lv_style_is_empty)
                  000368e8    00000068     maclib_secure_cc13x4_tirtos7.a : mac_mgmt.c.o (.text.macDisassocComplete)
                  00036950    00000068                                    : mac_low_level.c.o (.text.macLowLevelInit)
                  000369b8    00000068                                    : mac_radio.c.o (.text.macRadioPowerDown)
                  00036a20    00000068                                    : mac_scan.c.o (.text.macScanStartTimer)
                  00036a88    00000068                                    : mac_timer.c.o (.text.macTimerSetRollover)
                  00036af0    00000068                                    : mac_tx.c.o (.text.macTxGetDefaultMinTxOffTime)
                  00036b58    00000068     main.o (.text.sensorTask_)
                  00036bc0    00000068     ti_sysbios_config.o (.text.ti_sysbios_knl_Clock_startI)
                  00036c28    00000068     ti_sysbios_config.o (.text.ti_sysbios_knl_Swi_run)
                  00036c90    00000066     lv_draw_sw_blend.o (.text.color_blend_true_color_subtractive)
                  00036cf6    00000066     lodepng.o (.text.ensureBits25)
                  00036d5c    00000066     lodepng.o (.text.lodepng_chunk_next_const)
                  00036dc2    00000066     lv_obj_pos.o (.text.lv_clamp_height)
                  00036e28    00000066     lv_obj_pos.o (.text.lv_clamp_width)
                  00036e8e    00000002     --HOLE-- [fill = 0]
                  00036e90    00000064     libsysbm.a : hostrename.c.obj (.text.HOSTrename)
                  00036ef4    00000064     maclib_secure_cc13x4_tirtos7.a : mac_mgmt.c.o (.text.MAC_Init)
                  00036f58    00000064     maclib_osal_tirtos7_cc13x4_26x4.a : osal_port.c.o (.text.OsalPort_clearEvent)
                  00036fbc    00000064     drivers_cc13x4.a : PowerCC26X2_calibrateRCOSC.c.obj (.text.PowerCC26X2_initiateCalibration)
                  00037020    00000064     rf_multiMode_cc13x4.a : RFCC26X2_multiMode.c.cc13x4.ticlang.o (.text.RF_attachOverrides)
                  00037084    00000064                           : RFCC26X2_multiMode.c.cc13x4.ticlang.o (.text.RF_dispatchNextEvent)
                  000370e8    00000064                           : RFCC26X2_multiMode.c.cc13x4.ticlang.o (.text.RF_hwiCpe0PowerFsm)
                  0003714c    00000064     drivers_cc13x4.a : UDMACC26XX.c.obj (.text.UDMACC26XX_open)
                  000371b0    00000064     sensor.o (.text.commStatusIndCB)
                  00037214    00000064     lv_arc.o (.text.lv_arc_set_bg_end_angle)
                  00037278    00000064     lv_arc.o (.text.lv_arc_set_bg_start_angle)
                  000372dc    00000064     lv_label.o (.text.lv_label_set_long_mode)
                  00037340    00000064     lv_obj_tree.o (.text.lv_obj_get_disp)
                  000373a4    00000064     lv_obj_pos.o (.text.lv_obj_transform_point)
                  00037408    00000064     lv_tileview.o (.text.lv_tileview_tile_constructor)
                  0003746c    00000064     maclib_secure_cc13x4_tirtos7.a : mac_device.c.o (.text.macAssocDataRxInd)
                  000374d0    00000064                                    : mac_mcu.c.o (.text.macMcuInit)
                  00037534    00000064                                    : mac_radio_tx.c.o (.text.macRadioTxPrepLbt)
                  00037598    00000064                                    : mac_rx.c.o (.text.macRxHaltCleanup)
                  000375fc    00000064                                    : mac_timer.c.o (.text.macTimerRealign)
                  00037660    00000064     lodepng.o (.text.removePaddingBits)
                  000376c4    00000064     lv_textarea.o (.text.start_cursor_blink)
                  00037728    00000064     ti_sysbios_config.o (.text.ti_sysbios_gates_GateMutexPri_leave)
                  0003778c    00000064     ti_sysbios_config.o (.text.ti_sysbios_knl_Idle_init)
                  000377f0    00000062     rf_multiMode_cc13x4.a : RFCC26X2_multiMode.c.cc13x4.ticlang.o (.text.RF_syncCb)
                  00037852    00000002     --HOLE-- [fill = 0]
                  00037854    00000062     libclang_rt.builtins.a : aeabi_dcmp.S.obj (.text.__aeabi_dcmp)
                  000378b6    00000002     --HOLE-- [fill = 0]
                  000378b8    00000060     drivers_cc13x4.a : CryptoResourceCC26XX.c.obj (.text.CryptoResourceCC26XX_constructRTOSObjects)
                  00037918    00000060     driverlib.lib : setup_rom.c.obj (.text.NOROM_SetupAfterColdResetWakeupFromShutDownCfg1)
                  00037978    00000060     nvocmp.o (.text.NVOCMP_verifyCRC)
                  000379d8    00000060     maclib_osal_tirtos7_cc13x4_26x4.a : osal_port.c.o (.text.OsalPort_setEvent)
                  00037a38    00000060     drivers_cc13x4.a : Timer.c.obj (.text.Timer_setPeriod)
                  00037a98    00000060     libc.a : _io_perm.c.obj (.text.__TI_wrt_ok)
                  00037af8    00000060     libsysbm.a : close.c.obj (.text.close)
                  00037b58    00000060     lodepng.o (.text.lodepng_color_mode_equal)
                  00037bb8    00000060     lv_arc.o (.text.lv_arc_constructor)
                  00037c18    00000060     lv_bidi.o (.text.lv_bidi_get_letter_dir)
                  00037c78    00000060     lv_btnmatrix.o (.text.lv_btnmatrix_get_btn_text)
                  00037cd8    00000060     lv_chart.o (.text.lv_chart_constructor)
                  00037d38    00000060     lv_chart.o (.text.lv_chart_destructor)
                  00037d98    00000060     lv_dropdown.o (.text.lv_dropdown_constructor)
                  00037df8    00000060     lv_obj_pos.o (.text.lv_obj_move_children_by)
                  00037e58    00000060     maclib_secure_cc13x4_tirtos7.a : mac_beacon_device.c.o (.text.macBeaconSyncLoss)
                  00037eb8    00000060                                    : mac_data.c.o (.text.macDataReset)
                  00037f18    00000060                                    : mac_main.c.o (.text.macExecute)
                  00037f78    00000060                                    : mac_scan.c.o (.text.macScanComplete)
                  00037fd8    00000060                                    : mac_main.c.o (.text.macSendMsg)
                  00038038    00000060                                    : mac_symbol_timer.c.o (.text.macSymbolTimerPeriodIsr)
                  00038098    00000060                                    : mac_hl_patch.c.o (.text.macTrackPeriodCallback)
                  000380f8    00000060     libc.a : printf.c.obj (.text.printf)
                  00038158    00000060     ti_sysbios_config.o (.text.pthread_exit)
                  000381b8    00000060     ti_sysbios_config.o (.text.ti_sysbios_knl_Clock_walkQueueDynamic)
                  00038218    00000060     ti_sysbios_config.o (.text.ti_sysbios_knl_Semaphore_post)
                  00038278    00000060     ti_sysbios_config.o (.text.ti_sysbios_knl_Swi_schedule)
                  000382d8    00000060     jdllc.o (.text.updateState)
                  00038338    0000005e     rf_multiMode_cc13x4.a : rfc.c.cc13x4.ticlang.o (.text.NOROM_RFCAnaDivTxOverride)
                  00038396    0000005e     drivers_cc13x4.a : UART2CC26X2.c.obj (.text.UART2Support_dmaStopRx)
                  000383f4    0000005e     lv_colorwheel.o (.text.get_knob_area)
                  00038452    0000005e     lodepng.o (.text.huffmanDecodeSymbol)
                  000384b0    0000005e     lv_tabview.o (.text.lv_tabview_destructor)
                  0003850e    00000002     --HOLE-- [fill = 0]
                  00038510    0000005c     st7789_lvgl.o (.text.Display_init_lvgl)
                  0003856c    0000005c     maclib_secure_cc13x4_tirtos7.a : mac_hl_patch.c.o (.text.MAC_ResumeReq)
                  000385c8    0000005c     driverlib.lib : setup_rom.c.obj (.text.NOROM_SetupGetTrimForAmpcompCtrl)
                  00038624    0000005c     drivers_cc13x4.a : NVSSPI25X.c.obj (.text.NVSSPI25X_control)
                  00038680    0000005c     maclib_osal_tirtos7_cc13x4_26x4.a : osal_port.c.o (.text.OsalPort_msgReceive)
                  000386dc    0000005c     st7789_lvgl.o (.text.ST7789_SetAddressWindow)
                  00038738    0000005c     control_task.o (.text.control_Task_Noti_Info_mail)
                  00038794    0000005c     drivers_cc13x4.a : NVSSPI25X.c.obj (.text.extFlashWaitReady)
                  000387f0    0000005c     lv_draw_sw_gradient.o (.text.lv_gradient_set_cache_size)
                  0003884c    0000005c     lv_img_decoder.o (.text.lv_img_decoder_get_info)
                  000388a8    0000005c     lv_color.o (.text.lv_palette_lighten)
                  00038904    0000005c     maclib_secure_cc13x4_tirtos7.a : mac_mgmt.c.o (.text.macBuildWSAsyncMsg)
                  00038960    0000005c                                    : mac_sleep.c.o (.text.macCanSleep)
                  000389bc    0000005c                                    : mac_mgmt.c.o (.text.macRxDisassoc)
                  00038a18    0000005c                                    : mac_ie_parse.c.o (.text.macUpdatePayloadIEPtr)
                  00038a74    0000005c     jdllc.o (.text.sendScanReq)
                  00038ad0    0000005c     sysbios.a : Hwi_asm_switch_gcc.s.obj (.text.ti_sysbios_family_arm_v8m_Hwi_initStacks)
                  00038b2c    0000005a     lv_textarea.o (.text.lv_textarea_cursor_down)
                  00038b86    00000002     --HOLE-- [fill = 0]
                  00038b88    00000058     drivers_cc13x4.a : Button.c.obj (.text.Button_gpioCallbackFxn)
                  00038be0    00000058     cui.o (.text.CUI_writeString)
                  00038c38    00000058     drivers_cc13x4.a : GPTimerCC26XX.c.obj (.text.GPTimerCC26XXHwiFxn)
                  00038c90    00000058     maclib_osal_tirtos7_cc13x4_26x4.a : osal_port.c.o (.text.HEAPMGR_GETLARGESTFREEBUF)
                  00038ce8    00000058     libsysbm.a : hostlseek.c.obj (.text.HOSTlseek)
                  00038d40    00000058                : hostopen.c.obj (.text.HOSTopen)
                  00038d98    00000058     driverlib.lib : osc.c.obj (.text.NOROM_OSCHF_AttemptToSwitchToXosc)
                  00038df0    00000058                   : setup_rom.c.obj (.text.NOROM_SetupGetTrimForAnabypassValue1)
                  00038e48    00000058     maclib_osal_tirtos7_cc13x4_26x4.a : osal_port.c.o (.text.OsalPort_msgSend)
                  00038ea0    00000058     rf_multiMode_cc13x4.a : RFCC26X2_multiMode.c.cc13x4.ticlang.o (.text.RF_applyRfCorePatch)
                  00038ef8    00000058     ssf.o (.text.Ssf_getFrameCounter)
                  00038f50    00000058     drivers_cc13x4.a : TRNGCC26XX.c.obj (.text.TRNG_init)
                  00038fa8    00000058     lodepng.o (.text.checkColorValidity)
                  00039000    00000058     lv_bmp.o (.text.decoder_read_line)
                  00039058    00000058     drivers_cc13x4.a : NVSSPI25X.c.obj (.text.doWriteVerify)
                  000390b0    00000058     lodepng.o (.text.lodepng_chunk_append)
                  00039108    00000058     lv_label.o (.text.lv_label_revert_dots)
                  00039160    00000058     lv_mem.o (.text.lv_memset)
                  000391b8    00000058     lv_mem.o (.text.lv_memset_ff)
                  00039210    00000058     lv_obj.o (.text.lv_obj_constructor)
                  00039268    00000058     lv_obj_pos.o (.text.lv_obj_get_content_coords)
                  000392c0    00000058     lv_color.o (.text.lv_palette_darken)
                  00039318    00000058     maclib_secure_cc13x4_tirtos7.a : mac_device.c.o (.text.macPollDataRxInd)
                  00039370    00000058                                    : mac_radio_tx.c.o (.text.macRadioTxBackoffBoundary)
                  000393c8    00000058                                    : mac_radio_tx.c.o (.text.macRadioTxGoLbt)
                  00039420    00000058                                    : mac_device.c.o (.text.macRxCoordRealign)
                  00039478    00000058                                    : mac_rx_onoff.c.o (.text.macRxOn)
                  000394d0    00000058     ti_sysbios_config.o (.text.ti_sysbios_family_arm_v8m_cc26x4_Timer_dynamicMultiStub)
                  00039528    00000056     drivers_cc13x4.a : StructRingBuf.c.obj (.text.StructRingBuf_put)
                  0003957e    00000056                      : UART2.c.obj (.text.UART2_readCancel)
                  000395d4    00000056     maclib_osal_tirtos7_cc13x4_26x4.a : util_timer.c.o (.text.UtilTimer_construct)
                  0003962a    00000056     libc.a : _ltoa.c.obj (.text.__TI_ltoa)
                  00039680    00000056     lv_area.o (.text._lv_area_intersect)
                  000396d6    00000056     lv_arc.o (.text.get_angle)
                  0003972c    00000056     lv_obj_draw.o (.text.lv_obj_refresh_ext_draw_size)
                  00039782    00000056     ti_sysbios_config.o (.text.ti_sysbios_knl_Mailbox_pend)
                  000397d8    00000054     drivers_cc13x4.a : GPTimerCC26XX.c.obj (.text.GPTimerCC26XX_stop)
                  0003982c    00000054     libsysbm.a : hostread.c.obj (.text.HOSTread)
                  00039880    00000054                : hostwrite.c.obj (.text.HOSTwrite)
                  000398d4    00000054     maclib_secure_cc13x4_tirtos7.a : mac_autopend.c.o (.text.MAC_SrcMatchEnable)
                  00039928    00000054     nvocmp.o (.text.NVOCMP_compactNvApi)
                  0003997c    00000054     nvocmp.o (.text.NVOCMP_getDstPage)
                  000399d0    00000054     nvocmp.o (.text.NVOCMP_getItemLenApi)
                  00039a24    00000054     drivers_cc13x4.a : TRNGCC26XX.c.obj (.text.TRNGCC26XX_startTrng)
                  00039a78    00000054     libc.a : _printfi.c.obj (.text._pconv_f)
                  00039acc    00000054     lv_textarea.o (.text.cursor_blink_anim_cb)
                  00039b20    00000054     drivers_cc13x4.a : NVSSPI25X.c.obj (.text.extFlashSpiWrite)
                  00039b74    00000054     lv_txt_ap.o (.text.lv_ap_get_char_index)
                  00039bc8    00000054     lv_bar.o (.text.lv_bar_set_range)
                  00039c1c    00000054     lv_colorwheel.o (.text.lv_colorwheel_constructor)
                  00039c70    00000054     lv_draw_mask.o (.text.lv_draw_mask_is_any)
                  00039cc4    00000054     maclib_secure_cc13x4_tirtos7.a : mac_device.c.o (.text.macApiPollReq)
                  00039d18    00000054                                    : mac_beacon.c.o (.text.macBeaconSetupCap)
                  00039d6c    00000054                                    : mac_hl_patch.c.o (.text.macIncomingKeyUsagePolicyChecking)
[...]
2001812c  macDataTxDelay                                                   
2001813c  macFrmFilter                                                     
2001814c  macRxOutputIeee                                                  
2001815c  control_Task_dev_info                                            
2001816c  _lv_anim_ll                                                      
20018178  _lv_disp_ll                                                      
20018184  _lv_fsdrv_ll                                                     
20018190  _lv_group_ll                                                     
2001819c  _lv_img_decoder_ll                                               
200181a8  _lv_indev_ll                                                     
200181b4  _lv_obj_style_trans_ll                                           
200181c0  _lv_timer_ll                                                     
200181cc  coexMetricsStruct                                                
200181d8  macMain                                                          
200181e4  macRxOutputSubG                                                  
200181f0  nvsSPI25XObjects                                                 
20018204  parmbuf                                                          
2001820c  ApiMac_extAddr                                                   
20018214  coexOverrideUseCases                                             
2001821c  macRxDataEntryQueue                                              
20018230  AESCCM_handle                                                    
20018234  HEAPMGR_SIZE                                                     
20018238  PowerCC26XX_swiKey                                               
2001823c  PowerCC26XX_taskKey                                              
20018240  _lv_grad_cache_mem                                               
20018244  _lv_layout_list                                                  
20018248  _lv_style_custom_prop_flag_lookup_table                          
2001824c  _lv_theme_default_styles                                         
20018250  _lv_timer_act                                                    
20018254  bytes_to_time                                                    
20018258  controllerSpi                                                    
2001825c  dcCritical                                                       
20018260  dcLimited                                                        
20018264  dcPtr                                                            
20018268  dcRegulated                                                      
2001826c  dcTimeUsed                                                       
20018270  macAddrLsb                                                       
20018274  macAddrMsb                                                       
20018278  macCryptoDrvTblPtr                                               
2001827c  macPhyTxPower                                                    
20018280  macPrevPeriodRatCount                                            
20018284  macRfDrvTblPtr                                                   
20018288  macRxSymbol                                                      
2001828c  macSymbolTimerRollover                                           
20018290  macSymbolTimerTrigger                                            
20018294  macThread                                                        
20018298  macTimerActive                                                   
2001829c  macTxTimestamp                                                   
200182a0  pClockHandleEDScan                                               
200182a4  pMacRadioConfig                                                  
200182a8  pMaxPower                                                        
200182ac  pRfMode                                                          
200182b0  pRfPowerTable                                                    
200182b4  rxRadioBufferPtr                                                 
200182b8  sensorStatusLine                                                 
200182bc  ssfCuiHndl                                                       
200182c0  ti_sysbios_family_arm_v8m_cc26x4_Timer_funcHookCH1               
200182c4  ti_sysbios_family_arm_v8m_cc26x4_Timer_funcHookCH2               
200182c8  ti_sysbios_knl_Task_defaultStackHeap                             
200182cc  ti_sysbios_runtime_System_atexitHandlers                         
200182d0  timerAlignedQ                                                    
200182d4  timerUnalignedQ                                                  
200182da  LV_LAYOUT_FLEX                                                   
200182dc  LV_LAYOUT_GRID                                                   
200182de  LV_STYLE_FLEX_CROSS_PLACE                                        
200182e0  LV_STYLE_FLEX_FLOW                                               
200182e2  LV_STYLE_FLEX_GROW                                               
200182e4  LV_STYLE_FLEX_MAIN_PLACE                                         
200182e6  LV_STYLE_FLEX_TRACK_PLACE                                        
200182e8  LV_STYLE_GRID_CELL_COLUMN_POS                                    
200182ea  LV_STYLE_GRID_CELL_COLUMN_SPAN                                   
200182ec  LV_STYLE_GRID_CELL_ROW_POS                                       
200182ee  LV_STYLE_GRID_CELL_ROW_SPAN                                      
200182f0  LV_STYLE_GRID_CELL_X_ALIGN                                       
200182f2  LV_STYLE_GRID_CELL_Y_ALIGN                                       
200182f4  LV_STYLE_GRID_COLUMN_ALIGN                                       
200182f6  LV_STYLE_GRID_COLUMN_DSC_ARRAY                                   
200182f8  LV_STYLE_GRID_ROW_ALIGN                                          
200182fa  LV_STYLE_GRID_ROW_DSC_ARRAY                                      
200182fc  conv                                                             
200182fe  macRxDataEntryOffset                                             
20018300  macTxCsmaBackoffDelay                                            
20018302  rxCmdHandle                                                      
20018304  txCmdHandle                                                      
20018309  AppTaskId                                                        
2001830a  NVOCMP_size                                                      
2001830b  appTaskId                                                        
2001830c  dcStatus                                                         
2001830d  gAction                                                          
2001830e  lastRxPriority                                                   
2001830f  lastTxPriority                                                   
20018310  macAckTxActive                                                   
20018311  macMgmt                                                          
20018312  macPanCoordinator                                                
20018313  macPhyChannel                                                    
20018314  macPwr                                                           
20018315  macRxActive                                                      
20018316  macRxEnableFlags                                                 
20018317  macRxFilter                                                      
20018318  macRxOutgoingAckFlag                                             
20018319  macSpecUsecsPerSymbol                                            
2001831a  macSrcResIndex                                                   
2001831b  macSymbolTimerImpending                                          
2001831c  macTaskId                                                        
2001831d  macTxActive                                                      
2001831e  macTxBe                                                          
2001831f  macTxGpInterframeDelay                                           
20018320  macTxType                                                        
20018321  macUnitBackoffPeriod                                             
20018322  nvsCC26XXObjects                                                 
20018323  rxFhRsl                                                          
20018324  rxPromiscuousMode                                                
20018325  rxSeqNum                                                         
20018326  spi_index_local                                                  
20018327  txAckReq                                                         
20018328  txSeqn                                                           
20018400  PowerCC26X2_module                                               
20018578  _ftable                                                          
20018668  txPowerTable_868_pa13                                            
20018718  macMRFSKGenPhyTable                                              
200187b8  gpioPinConfigs                                                   
2001883a  Sensor_events                                                    
20018840  totalE2EDelaySum                                                 
20018844  endToEndDelay                                                    
20018880  Sensor_msgStats                                                  
200188b0  _device                                                          
20018928  initBroadcastMsg                                                 
20018929  parentFound                                                      
2001892e  Jdllc_events                                                     
20018a74  fhObject                                                         
20018c18  BIOS_Module_state                                                
20018c44  ti_sysbios_family_arm_v8m_Hwi_Module_state                       
20018c80  ti_sysbios_runtime_Startup_done                                  
20018c83  ti_sysbios_knl_Idle_initDone                                     
20018c84  ti_sysbios_runtime_Memory_defaultHeapInstance                    
20018c9c  ti_sysbios_runtime_Error_ignore                                  
20018ca8  ti_sysbios_family_arm_v8m_cc26x4_Timer_Module_state              
20018cb4  ti_sysbios_runtime_System_Module_state                           
20018cc0  ti_sysbios_knl_Swi_Module_state                                  
20018ce8  ti_sysbios_knl_Clock_Module_state                                
20018db4  Main_user1Cfg                                                    
20018e68  Ssf_resetReseason                                                
20018e6e  Ssf_resetCount                                                   
20018e80  ssfMainMenu                                                      
20018f10  _stream                                                          
20019038  configureSubMenu                                                 
20019078  ti_sysbios_knl_Task_Module_state                                 
200190f0  cuiMultiMenu                                                     
20019124  commissionSubMenu                                                
20019158  macBeaconPayload                                                 
200191c0  pOverrides_2gfsk50kbps154g                                       
200191ec  appSubMenu                                                       
20019238  macActionSet                                                     
20019280  lastRatChanA                                                     
20019281  lastRatChanB                                                     
20019282  macRxCmdActive                                                   
20019283  macFsCmdActive                                                   
20019284  macRxPreempted                                                   
20019285  numRfCmd                                                         
20019286  numRxCmd                                                         
20019287  numRxPostCmd                                                     
20019288  ieeeCoexEnabled                                                  
2001928c  lastPostCmd                                                      
20019290  macSfdDetectCback                                                
200192a0  macBeaconMargin                                                  
200192dc  devInfoConfirmationFlag                                          
200192dd  devInfoConfirmationMail                                          
200192de  retry_count_devInfo                                              
200192e0  Num_MsgInfoToHubMail                                             
200192e2  Num_MsgNotibMail                                                 
200192e4  noti_count                                                       
200192e8  control_task_InfoToHub_handle                                    
200192ec  control_task_NotiInfo_handle                                     
200192f0  devInfoConfirmationTimer                                         
20019321  ApiMac_gpOffsetToms                                              
20019322  ApiMac_mtDataReqTxOptionGp                                       
20019338  macStateTbl                                                      
2001934c  macUser0Cfg                                                      
200193a4  pMacCbackQueryRetransmit                                         
200193a8  pMacCbackCheckPending                                            
200193b4  UTC_timeSeconds                                                  
200193c0  RF_cmdNop                                                        
200193d0  RF_cmdNopFg                                                      
200193e0  RF_prop_2gfsk50kbps154g                                          
200193f0  _hposcCoeffs                                                     
20019400  macCfg                                                           
20019458  taskCnt                                                          
2001945c  heapmgrMemFreeTotal                                              
20019460  heapmgrMemFreeError                                              
2001946e  collectorAddr_app                                                
20019490  __TI_cleanup_ptr                                                 
20019494  __TI_dtors_ptr                                                   
200194c4  _lv_style_custom_prop_flag_lookup_table_size                     
200194c8  _lv_txt_encoded_size                                             
200194cc  _lv_txt_encoded_next                                             
200194dc  RF_handle                                                        
200194e0  macRadioAckIeeeFrame                                             
200194e3  macRadioAckFrame                                                 
200194e8  macCsmaRtcTimerId                                                
200194f8  RFCC26XX_schedulerPolicy                                         
20019500  ti_sysbios_gates_GateMutexPri_Module_state                       
20019508  ti_sysbios_heaps_HeapCallback_Module_state                       
20019510  ti_sysbios_knl_Mailbox_Module_state                              
20019518  ti_sysbios_knl_Semaphore_Module_state                            
2001952c  __TI_ft_end                                                      
20019530  __aeabi_errno                                                    
20019534  _lock                                                            
2001953c  _lv_txt_encoded_get_byte_id                                      
20019540  _lv_txt_encoded_get_char_id                                      
20019544  _lv_txt_encoded_prev                                             
20019548  _lv_txt_get_encoded_length                                       
2001954c  _lv_txt_unicode_to_encoded                                       
20019550  _unlock                                                          
20019554  appEvents                                                        
20019558  gmt                                                              
20019568  macDataBeaconRequeue                                             
2001956c  macDataCheckSched                                                
20019570  macDataCheckTxTime                                               
20019574  macDataRequeueIndirect                                           
20019578  macDataRxBeaconCritical                                          
2001957c  macDataSetSched                                                  
20019580  macDataTxBeaconComplete                                          
20019584  macDataTxIndirect                                                
20019590  macTimerNewRollover                                              
20019594  macTimerRollover                                                 
20019598  minTxOffTime                                                     
200195a0  pMacDataTx                                                       
200195a4  pMacEnhancedAck                                                  
200195bc  macSrcMatchIsAckAllPending                                       
200195bd  macSrcMatchDefaultPendOn                                         
200195be  assoc_resp_no_ack_cnt                                            
200195c0  personal_addr                                                    
200195c2  symbol_rate_custom                                               
200195c4  Main_assertReason                                                
200195c6  bInSwi                                                           
200195c8  csmPhy                                                           
200195c9  customMinTxOffEnabled                                            
200195ca  dcEnabled                                                        
200195d4  macRadioYielded                                                  
200195d5  macSrcMatchIsEnabled                                             
200195d6  macSrcMatchManualAddressTracking                                 
200195d7  macTxCmdActive                                                   
200195d8  macTxSlottedDelay                                                
200195d9  macTxSlottedDelayFactor                                          
200195db  numTx                                                            
200195dc  reqAccessAlloc                                                   
20019700  ti_sysbios_family_arm_v8m_Hwi_ramVectors                         
200197fc  heapStart                                                        
2003b000  __stack                                                          
2003b000  heapEnd                                                          
20040000  __STACK_END                                                      
50000000  __ccfg                                                           
ffffffff  __TI_pprof_out_hndl                                              
ffffffff  __TI_prof_data_size                                              
ffffffff  __TI_prof_data_start                                             
ffffffff  __binit__                                                        
ffffffff  binit                                                            
UNDEFED   ITM_flush                                                        
UNDEFED   ITM_restore                                                      
UNDEFED   PWM_config                                                       
UNDEFED   PWM_count                                                        
UNDEFED   __mpu_init                                                       

[2163 symbols]
