******************************************************************************
            TI ARM Clang Linker PC v3.2.2                      
******************************************************************************
>> Linked Sat Jan 25 19:46:04 2025

OUTPUT FILE NAME:   <sensor_watch.out>
ENTRY POINT SYMBOL: "ResetISR"  address: 000aaae9


MEMORY CONFIGURATION

         name            origin    length      used     unused   attr    fill
----------------------  --------  ---------  --------  --------  ----  --------
  FLASH                 00000000   00100000  00071a77  0008e589  R  X
  SRAM                  20000000   00040000  0001e294  00021d6c  RW X
  CCFG                  50000000   00000800  0000007c  00000784  R  X


SEGMENT ALLOCATION MAP

run origin  load origin   length   init length attrs members
----------  ----------- ---------- ----------- ----- -------
00000000    00000000    0001898d   0001898d    r--
  00000000    00000000    0000003c   0000003c    r-- .resetVecs
  00000040    00000040    0001894d   0001894d    r-- .rodata
00018990    00018990    00000008   00000008    rw-
  00018990    00018990    00000008   00000008    rw- .args
00018998    00018998    00000530   00000530    r--
  00018998    00018998    00000530   00000530    r-- .cinit
00052000    00052000    00004000   00000000    rw-
  00052000    00052000    00004000   00000000    rw- .TI.bound:flashBuf0
00056000    00056000    00054bb6   00054bb6    r-x
  00056000    00056000    00054bb6   00054bb6    r-x .text
20000430    20000430    00000040   00000000    rw-
  20000430    20000430    00000010   00000000    rw- .TI.bound:dmaSpi0RxControlTableEntry
  20000440    20000440    00000010   00000000    rw- .TI.bound:dmaSpi0TxControlTableEntry
  20000450    20000450    00000010   00000000    rw- .TI.bound:dmaUart1RxControlTableEntry
  20000460    20000460    00000010   00000000    rw- .TI.bound:dmaUart1TxControlTableEntry
20000530    20000530    00000020   00000000    rw-
  20000530    20000530    00000010   00000000    rw- .TI.bound:dmaSpi2RxControlTableEntry
  20000540    20000540    00000010   00000000    rw- .TI.bound:dmaSpi2TxControlTableEntry
20000630    20000630    00000020   00000000    rw-
  20000630    20000630    00000010   00000000    rw- .TI.bound:dmaSpi0RxAltControlTableEntry
  20000640    20000640    00000010   00000000    rw- .TI.bound:dmaSpi0TxAltControlTableEntry
20000730    20000730    00000020   00000000    rw-
  20000730    20000730    00000010   00000000    rw- .TI.bound:dmaSpi2RxAltControlTableEntry
  20000740    20000740    00000010   00000000    rw- .TI.bound:dmaSpi2TxAltControlTableEntry
20000750    20000750    00017ff8   00000000    rw-
  20000750    20000750    00017ff8   00000000    rw- .bss
20018800    20018800    00000f39   00000000    rw-
  20018800    20018800    00000f39   00000000    rw- .data
20019800    20019800    000001fc   00000000    rw-
  20019800    20019800    000001fc   00000000    rw- .ramVecs
2003b000    2003b000    00005000   00000000    rw-
  2003b000    2003b000    00005000   00000000    rw- .stack
50000000    50000000    0000007c   0000007c    r--
  50000000    50000000    0000007c   0000007c    r-- .ccfg


SECTION ALLOCATION MAP

 output                                  attributes/
section   page    origin      length       input sections
--------  ----  ----------  ----------   ----------------
.resetVecs 
*          0    00000000    0000003c     
                  00000000    0000003c     ti_sysbios_config.o (.resetVecs)

.text      0    00056000    00054bb6     
                  00056000    000030d4     lv_theme_default.o (.text.style_init)
                  000590d4    000010a0     lv_theme_default.o (.text.theme_apply)
                  0005a174    00000f14     lv_draw_sw_rect.o (.text.lv_draw_sw_rect)
                  0005b088    00000e16     lodepng.o (.text.lodepng_decode)
                  0005be9e    00000002     ti_sysbios_config.o (.text.BIOS_nullFunc)
                  0005bea0    00000d38     lv_draw_sw_blend.o (.text.lv_draw_sw_blend_basic)
                  0005cbd8    00000b4a     lv_colorwheel.o (.text.lv_colorwheel_event)
                  0005d722    00000002     ti_drivers_config.o (.text.Board_initHook)
                  0005d724    00000a24     lodepng.o (.text.lodepng_inflatev)
                  0005e148    00000a0c     libc.a : _printfi.c.obj (.text:__TI_printfi)
                  0005eb54    000009ba     lv_draw_sw_arc.o (.text.lv_draw_sw_arc)
                  0005f50e    00000002     drivers_cc13x4.a : LED.c.obj (.text.LED_init)
                  0005f510    00000982     tjpgd.o (.text.jd_decomp)
                  0005fe92    00000002     rf_multiMode_cc13x4.a : rfc.c.cc13x4.ticlang.o (.text.NOROM_RFCCpePatchReset)
                  0005fe94    000008ec     lv_meter.o (.text.lv_meter_event)
                  00060780    000008be     lv_draw_sw_transform.o (.text.lv_draw_sw_transform)
                  0006103e    00000002     drivers_cc13x4.a : NVSSPI25X.c.obj (.text.NVSSPI25X_deinitSpiCs)
                  00061040    000008b4     lv_grid.o (.text.grid_update)
                  000618f4    00000852     lodepng.o (.text.unfilter)
                  00062146    00000002     rf_multiMode_cc13x4.a : RFCC26X2_multiMode.c.cc13x4.ticlang.o (.text.RF_defaultCallback)
                  00062148    00000812     lv_obj.o (.text.lv_obj_event)
                  0006295a    00000002     ssf.o (.text.Ssf_sensorReadingUpdate)
                  0006295c    0000080e     lv_obj_pos.o (.text.lv_obj_refr_size)
                  0006316a    00000002     ssf.o (.text.Ssf_trackingUpdate)
                  0006316c    000007ca     lv_printf.o (.text._vsnprintf)
                  00063936    00000002     drivers_cc13x4.a : UART2CC26X2.c.obj (.text.UART2CC26X2_eventCallback)
                  00063938    000007ba     lv_draw_sw_line.o (.text.lv_draw_sw_line)
                  000640f2    00000002     libclang_rt.builtins.a : aeabi_div0.c.obj (.text.__aeabi_ldiv0)
                  000640f4    00000750     lv_slider.o (.text.lv_slider_event)
                  00064844    00000744     maclib_secure_cc13x4_tirtos7.a : mac_rx.c.o (.text.macRxFrameIsr)
                  00064f88    0000073a     lv_chart.o (.text.lv_chart_event)
                  000656c2    00000002     lv_font_fmt_txt.o (.text._lv_font_clean_up_fmt_txt)
                  000656c4    00000716     lv_img.o (.text.lv_img_event)
                  00065dda    00000002     lv_refr.o (.text._lv_refr_init)
                  00065ddc    000006ee     lv_obj_scroll.o (.text.lv_obj_get_scrollbar_area)
                  000664ca    00000002     libc.a : _lock.c.obj (.text._nop)
                  000664cc    000006dc     lv_draw_sw_blend.o (.text.map_normal)
                  00066ba8    000006d8     lv_draw_label.o (.text.lv_draw_label)
                  00067280    000006d2     nvocmp.o (.text.NVOCMP_compactPage)
                  00067952    00000002     lv_printf.o (.text._out_null)
                  00067954    000006c0     lv_obj_pos.o (.text.lv_obj_align_to)
                  00068014    000006b6     lv_bidi.o (.text._lv_bidi_process_paragraph)
                  000686ca    00000002     drivers_cc13x4.a : PowerCC26X2.c.obj (.text.emptyClockFunc)
                  000686cc    0000069e     lv_refr.o (.text.refr_area_part)
                  00068d6a    00000002     drivers_cc13x4.a : CryptoResourceCC26XX.c.obj (.text.errorSpin)
                  00068d6c    00000664     api_mac.o (.text.ApiMac_processIncoming)
                  000693d0    0000065e     lv_draw_sw_rect.o (.text.draw_border_generic)
                  00069a2e    00000002     lv_draw.o (.text.lv_draw_init)
                  00069a30    0000065e     lv_roller.o (.text.lv_roller_event)
                  0006a08e    0000065e     ui_Main.o (.text.ui_Main_screen_init)
                  0006a6ec    00000646     lv_draw_sw_blend.o (.text.fill_normal)
                  0006ad32    00000002     lv_draw_sw.o (.text.lv_draw_sw_wait_for_finish)
                  0006ad34    0000062e     lv_btnmatrix.o (.text.lv_btnmatrix_event)
                  0006b362    00000002     lv_img_cache.o (.text.lv_img_cache_invalidate_src)
                  0006b364    00000620     lv_bar.o (.text.lv_bar_event)
                  0006b984    0000060e     lv_arc.o (.text.lv_arc_event)
                  0006bf92    000005ca     st7789_lvgl.o (.text.ST7789_Init)
                  0006c55c    000005a8     lodepng.o (.text.lodepng_convert)
                  0006cb04    00000594     maclib_secure_cc13x4_tirtos7.a : mac_radio_tx.c.o (.text.macRadioTxGo)
                  0006d098    0000058c     lv_led.o (.text.lv_led_event)
                  0006d624    00000552     lv_sjpg.o (.text.decoder_open)
                  0006db76    00000002     lv_mem.o (.text.lv_mem_init)
                  0006db78    0000054e     cui.o (.text.CUI_processMenuUpdate)
                  0006e0c6    00000002     maclib_secure_cc13x4_tirtos7.a : mac_pwr.c.o (.text.macApiPwrOnReq)
                  0006e0c8    00000548     lv_label.o (.text.lv_label_refr_text)
                  0006e610    00000540     lv_draw_sw_img.o (.text.lv_draw_sw_img_decoded)
                  0006eb50    0000053c     tjpgd.o (.text.jd_prepare)
                  0006f08c    00000508     lv_table.o (.text.draw_main)
                  0006f594    00000508     lv_chart.o (.text.draw_series_line)
                  0006fa9c    000004ec     lv_draw_mask.o (.text.lv_draw_mask_radius_init)
                  0006ff88    000004e6     lv_draw_mask.o (.text.lv_draw_mask_line)
                  0007046e    00000002     maclib_secure_cc13x4_tirtos7.a : mac_mcu.c.o (.text.macMcuBitReverse)
                  00070470    000004e4     lv_textarea.o (.text.lv_textarea_event)
                  00070954    000004ba     lv_flex.o (.text.children_repos)
                  00070e0e    00000002     maclib_secure_cc13x4_tirtos7.a : mac_mgmt.c.o (.text.macNoAction)
                  00070e10    0000049c     lv_refr.o (.text._lv_disp_refr_timer)
                  000712ac    00000480     rf_multiMode_cc13x4.a : RFCC26X2_multiMode.c.cc13x4.ticlang.o (.text.RF_fsmActiveState)
                  0007172c    00000478     lv_chart.o (.text.draw_series_scatter)
                  00071ba4    00000468     nvocmp.o (.text.NVOCMP_initNvApi)
                  0007200c    00000438     jdllc.o (.text.Jdllc_process)
                  00072444    0000042a     lv_draw_sw_rect.o (.text.draw_bg)
                  0007286e    00000002     maclib_secure_cc13x4_tirtos7.a : mac_radio.c.o (.text.macRadioSetRE)
                  00072870    00000424     lv_draw_arc.o (.text.lv_draw_arc_get_area)
                  00072c94    000003fe     lv_btnmatrix.o (.text.draw_main)
                  00073092    00000002     maclib_secure_cc13x4_tirtos7.a : mac_radio_tx.c.o (.text.macRadioTxCancelTxAck)
                  00073094    000003ee     lv_flex.o (.text.flex_update)
                  00073482    00000002     lv_textarea.o (.text.pwd_char_hider_anim)
                  00073484    000003d4     ti_sysbios_config.o (.text.ti_sysbios_runtime_System_doPrint)
                  00073858    000003c6     lodepng.o (.text.HuffmanTree_makeFromLengths2)
                  00073c1e    00000002     --HOLE-- [fill = 0]
                  00073c20    000003c4     lv_txt_ap.o (.text._lv_txt_ap_proc)
                  00073fe4    000003b8     lv_chart.o (.text.draw_x_ticks)
                  0007439c    000003a2     lv_refr.o (.text.refr_obj)
                  0007473e    00000390     lv_draw_img.o (.text.lv_draw_img)
                  00074ace    00000002     --HOLE-- [fill = 0]
                  00074ad0    0000038a     lv_draw_sw_gradient.o (.text.lv_gradient_get)
                  00074e5a    00000002     --HOLE-- [fill = 0]
                  00074e5c    00000388     lv_img_decoder.o (.text.lv_img_decoder_built_in_read_line)
                  000751e4    00000386     lv_label.o (.text.lv_label_event)
                  0007556a    00000002     --HOLE-- [fill = 0]
                  0007556c    0000037c     lv_disp.o (.text.lv_scr_load_anim)
                  000758e8    00000364     lodepng.o (.text.getPixelColorsRGBA8)
                  00075c4c    00000358     maclib_secure_cc13x4_tirtos7.a : mac_rx.c.o (.text.rxPayloadIsr)
                  00075fa4    00000348     lv_img_decoder.o (.text.lv_img_decoder_built_in_open)
                  000762ec    0000033c     drivers_cc13x4.a : SPICC26X4DMA.c.obj (.text.SPICC26X4DMA_transfer)
                  00076628    00000332     lv_calendar.o (.text.lv_calendar_set_showed_date)
                  0007695a    0000032c     nvocmp.o (.text.NVOCMP_addItem)
                  00076c86    00000002     --HOLE-- [fill = 0]
                  00076c88    0000032a     ssf.o (.text.setChMaskAction)
                  00076fb2    00000002     --HOLE-- [fill = 0]
                  00076fb4    0000031c     maclib_secure_cc13x4_tirtos7.a : mac_hl_patch.c.o (.text.macWrapperAddDevice)
                  000772d0    00000316     lv_label.o (.text.lv_label_get_letter_on)
                  000775e6    00000314     sensor.o (.text.Sensor_process)
                  000778fa    00000002     --HOLE-- [fill = 0]
                  000778fc    00000310     lv_chart.o (.text.draw_y_ticks)
                  00077c0c    0000030a     lv_dropdown.o (.text.draw_main)
                  00077f16    00000308     lv_obj_scroll.o (.text.scroll_area_into_view)
                  0007821e    00000002     --HOLE-- [fill = 0]
                  00078220    00000306     lv_sjpg.o (.text.decoder_info)
                  00078526    00000002     --HOLE-- [fill = 0]
                  00078528    00000306     lv_draw_sw_letter.o (.text.draw_letter_normal)
                  0007882e    00000002     --HOLE-- [fill = 0]
                  00078830    00000302     lv_flex.o (.text.find_track_end)
                  00078b32    00000002     --HOLE-- [fill = 0]
                  00078b34    000002f6     lv_btnmatrix.o (.text.lv_btnmatrix_set_map)
                  00078e2a    00000002     --HOLE-- [fill = 0]
                  00078e2c    000002f4     maclib_secure_cc13x4_tirtos7.a : mac.c.o (.text.macRxCb)
                  00079120    000002f2     lv_obj.o (.text.lv_obj_set_state)
                  00079412    000002ec     lv_checkbox.o (.text.lv_checkbox_event)
                  000796fe    00000002     --HOLE-- [fill = 0]
                  00079700    000002ec     maclib_secure_cc13x4_tirtos7.a : mac_mgmt.c.o (.text.macBuildHeader)
                  000799ec    000002ea     lv_txt.o (.text._lv_txt_get_next_line)
                  00079cd6    00000002     --HOLE-- [fill = 0]
                  00079cd8    000002e8     maclib_secure_cc13x4_tirtos7.a : mac_radio_tx.c.o (.text.macRadioCsmaTxCb)
                  00079fc0    000002dc     libc.a : strcmp_t2.S.obj (.text:strcmp)
                  0007a29c    000002d4     cui.o (.text.CUI_dispMenu)
                  0007a570    000002ca     lv_obj_pos.o (.text.lv_obj_refr_pos)
                  0007a83a    00000002     --HOLE-- [fill = 0]
                  0007a83c    000002c6     lv_draw_sw_polygon.o (.text.lv_draw_sw_polygon)
                  0007ab02    00000002     --HOLE-- [fill = 0]
                  0007ab04    000002c6     macTask.o (.text.macTaskFxn)
                  0007adca    00000006     drivers_cc13x4.a : AESCCMCC26X4.c.obj (.text.AESCCM_oneStepDecrypt)
                  0007add0    000002b8     libc.a : _printfi.c.obj (.text._pconv_a)
                  0007b088    000002b8     lv_obj_draw.o (.text.lv_obj_init_draw_rect_dsc)
                  0007b340    000002b6     ssf.o (.text.setNwkKeyAction)
                  0007b5f6    00000002     --HOLE-- [fill = 0]
                  0007b5f8    000002b4     lv_table.o (.text.lv_table_event)
                  0007b8ac    000002ac     lv_draw_mask.o (.text.lv_draw_mask_radius)
                  0007bb58    000002ac     lv_label.o (.text.lv_label_get_letter_pos)
                  0007be04    000002a4     lv_chart.o (.text.draw_series_bar)
                  0007c0a8    000002a0     lv_switch.o (.text.lv_switch_event)
                  0007c348    0000029e     lv_dropdown.o (.text.lv_dropdown_list_event)
                  0007c5e6    0000029a     lv_draw_mask.o (.text.lv_draw_mask_angle)
                  0007c880    00000280     control_task.o (.text.controlTask_)
                  0007cb00    0000027a     lv_bidi.o (.text.bracket_process)
                  0007cd7a    00000002     --HOLE-- [fill = 0]
                  0007cd7c    00000278     lodepng.o (.text.getPixelColorRGBA8)
                  0007cff4    00000268     maclib_secure_cc13x4_tirtos7.a : mac_radio.c.o (.text.macRadioInitSubG)
                  0007d25c    00000256     lv_obj_style.o (.text._lv_obj_style_state_compare)
                  0007d4b2    00000002     --HOLE-- [fill = 0]
                  0007d4b4    0000024e     lv_label.o (.text.lv_label_is_char_under_pos)
                  0007d702    00000002     --HOLE-- [fill = 0]
                  0007d704    0000024c     rf_multiMode_cc13x4.a : RFCC26X2_multiMode.c.cc13x4.ticlang.o (.text.RF_open)
                  0007d950    0000024c     ti_sysbios_config.o (.text.ti_sysbios_runtime_Startup_exec)
                  0007db9c    0000024a     lv_bidi.o (.text.rtl_reverse)
                  0007dde6    00000002     --HOLE-- [fill = 0]
                  0007dde8    00000244     lv_draw_sw_rect.o (.text.draw_bg_img)
                  0007e02c    00000244     lv_chart.o (.text.lv_chart_get_point_pos_by_id)
                  0007e270    00000240     nvocmp.o (.text.NVOCMP_findItem)
                  0007e4b0    0000023a     lv_spinbox.o (.text.lv_spinbox_event)
                  0007e6ea    00000006     drivers_cc13x4.a : AESCCMCC26X4.c.obj (.text.AESCCM_oneStepEncrypt)
                  0007e6f0    00000238     libc.a : _printfi.c.obj (.text._pconv_g)
                  0007e928    0000022e     mac_settings.o (.text.rfSetConfigSubG)
                  0007eb56    00000002     --HOLE-- [fill = 0]
                  0007eb58    0000022c     lodepng.o (.text.getPixelColorsRGB8)
                  0007ed84    0000022a     lv_keyboard.o (.text.lv_keyboard_def_event_cb)
                  0007efae    00000002     --HOLE-- [fill = 0]
                  0007efb0    00000228     maclib_secure_cc13x4_tirtos7.a : mac_security_pib.c.o (.text.MAC_MlmeSetSecurityReq)
                  0007f1d8    00000222     ti_sysbios_config.o (.text.ti_sysbios_family_arm_v8m_Hwi_Instance_init)
                  0007f3fa    00000002     --HOLE-- [fill = 0]
                  0007f3fc    00000220     cui.o (.text.CUI_registerMenu)
                  0007f61c    0000021c     maclib_secure_cc13x4_tirtos7.a : mac_radio_tx.c.o (.text.macRadioTxRequestTxAck)
                  0007f838    00000212     lv_obj_tree.o (.text.obj_del_core)
                  0007fa4a    00000002     --HOLE-- [fill = 0]
                  0007fa4c    00000210     maclib_secure_cc13x4_tirtos7.a : mac.c.o (.text.macSendReceiveCmdSubG)
                  0007fc5c    0000020e     ssf.o (.text.setPanIdAction)
                  0007fe6a    00000002     --HOLE-- [fill = 0]
                  0007fe6c    0000020a     lv_dropdown.o (.text.lv_dropdown_open)
                  00080076    00000002     --HOLE-- [fill = 0]
                  00080078    0000020a     lv_textarea.o (.text.lv_textarea_add_char)
                  00080282    00000002     --HOLE-- [fill = 0]
                  00080284    0000020a     lv_obj_style.o (.text.trans_anim_cb)
                  0008048e    00000206     lv_textarea.o (.text.refr_cursor_area)
                  00080694    00000202     lv_hal_disp.o (.text.lv_disp_drv_register)
                  00080896    00000002     --HOLE-- [fill = 0]
                  00080898    000001fc     drivers_cc13x4.a : AESCCMCC26X4.c.obj (.text.AESCCM_addAADInternal)
                  00080a94    000001fc     cui.o (.text.CUI_statusLinePrintf)
                  00080c90    000001f8     lv_obj_style.o (.text.lv_obj_get_style_prop)
                  00080e88    000001f8     lv_timer.o (.text.lv_timer_handler)
                  00081080    000001f0     cui.o (.text.CUI_init)
                  00081270    000001f0     drivers_cc13x4.a : UART2CC26X2.c.obj (.text.UART2CC26X2_hwiIntFxn)
                  00081460    000001f0     lv_roller.o (.text.lv_roller_label_event)
                  00081650    000001ec     lv_textarea.o (.text.lv_textarea_add_text)
                  0008183c    000001ec     maclib_secure_cc13x4_tirtos7.a : mac_hl_patch.c.o (.text.macTxCompleteCallback)
                  00081a28    000001e8     rf_multiMode_cc13x4.a : RFCC26X2_multiMode.c.cc13x4.ticlang.o (.text.RF_scheduleCmd)
                  00081c10    000001e8     lv_textarea.o (.text.lv_textarea_set_text)
                  00081df8    000001dc     rf_multiMode_cc13x4.a : RFCC26X2_multiMode.c.cc13x4.ticlang.o (.text.RF_dispatchNextCmd)
                  00081fd4    000001da     lv_img.o (.text.lv_img_set_src)
                  000821ae    000001d8     nvocmp.o (.text.NVOCMP_erase)
                  00082386    00000002     --HOLE-- [fill = 0]
                  00082388    000001d8     maclib_secure_cc13x4_tirtos7.a : mac_security_pib.c.o (.text.macSecurityPibReset)
                  00082560    000001d4     drivers_cc13x4.a : SPICC26X4DMA.c.obj (.text.SPICC26X4DMA_hwiFxn)
                  00082734    000001d4                      : UART2.c.obj (.text.UART2_readTimeout)
                  00082908    000001d0     maclib_secure_cc13x4_tirtos7.a : mac.c.o (.text.macSendReceiveCmdIeee)
                  00082ad8    000001d0     ti_sysbios_config.o (.text.ti_sysbios_knl_Clock_workFuncDynamic)
                  00082ca8    000001c2     jdllc.o (.text.assocCnfCb)
                  00082e6a    00000002     --HOLE-- [fill = 0]
                  00082e6c    000001bc     maclib_secure_cc13x4_tirtos7.a : mac_pib.c.o (.text.MAC_MlmeSetReq)
                  00083028    000001bc     lv_sjpg.o (.text.decoder_read_line)
                  000831e4    000001b6     libclang_rt.builtins.a : adddf3.S.obj (.text.adddf3_subdf3)
                  0008339a    00000002     --HOLE-- [fill = 0]
                  0008339c    000001b6     lv_fs.o (.text.lv_fs_read)
                  00083552    000001b6     ti_sysbios_config.o (.text.pthread_create)
                  00083708    000001b4     lv_printf.o (.text._ntoa_format)
                  000838bc    000001b4     lv_group.o (.text.focus_next_core)
                  00083a70    000001ac     maclib_secure_cc13x4_tirtos7.a : mac_tx.c.o (.text.macTxFrame)
                  00083c1c    000001aa     lv_draw_sw_blend.o (.text.set_px_argb)
                  00083dc6    00000002     --HOLE-- [fill = 0]
                  00083dc8    000001a6     lv_anim.o (.text.anim_timer)
                  00083f6e    00000002     --HOLE-- [fill = 0]
                  00083f70    000001a6     lv_line.o (.text.lv_line_event)
                  00084116    00000002     --HOLE-- [fill = 0]
                  00084118    000001a6     lv_mem.o (.text.lv_mem_buf_get)
                  000842be    00000002     --HOLE-- [fill = 0]
                  000842c0    000001a4     lv_event.o (.text.event_send_core)
                  00084464    000001a4     lv_style.o (.text.lv_style_set_prop)
                  00084608    000001a0     libc.a : _printfi.c.obj (.text.fcvt)
                  000847a8    000001a0     lv_btnmatrix.o (.text.get_button_from_point)
                  00084948    000001a0     lodepng.o (.text.readChunk_iTXt)
                  00084ae8    0000019e     lv_draw_sw_letter.o (.text.lv_draw_sw_letter)
                  00084c86    0000019c     ti_sysbios_config.o (.text.ti_sysbios_family_arm_v8m_cc26x4_Timer_construct)
                  00084e22    0000019a     jdllc.o (.text.pollCnfCb)
                  00084fbc    00000194     cui.o (.text.CUI_statusLineResourceRequest)
                  00085150    00000194     drivers_cc13x4.a : PowerCC26X2_calibrateRCOSC.c.obj (.text.PowerCC26X2_auxISR)
                  000852e4    00000194     lv_chart.o (.text.invalidate_point)
                  00085478    00000194     maclib_secure_cc13x4_tirtos7.a : mac_hl_patch.c.o (.text.macWrapperAddKeyInitFCtr)
                  0008560c    00000192     sensor.o (.text.jdllcStateChangeCb)
                  0008579e    00000002     --HOLE-- [fill = 0]
                  000857a0    00000192     lv_draw_sw_gradient.o (.text.lv_gradient_calculate)
                  00085932    00000002     --HOLE-- [fill = 0]
                  00085934    0000018e     lv_obj_style.o (.text._lv_obj_style_create_transition)
                  00085ac2    00000002     --HOLE-- [fill = 0]
                  00085ac4    0000018e     sensor.o (.text.dataIndCB)
                  00085c52    0000018e     lodepng.o (.text.lodepng_inspect)
                  00085de0    0000018e     lv_fs.o (.text.lv_fs_open)
                  00085f6e    0000018e     lv_colorwheel.o (.text.refr_knob_pos)
                  000860fc    0000018c     lv_obj_pos.o (.text.lv_obj_move_to)
                  00086288    00000188     maclib_secure_cc13x4_tirtos7.a : mac_security_pib.c.o (.text.MAC_MlmeGetSecurityReq)
                  00086410    00000184     drivers_cc13x4.a : UART2CC26X2.c.obj (.text.UART2_open)
                  00086594    00000184     maclib_secure_cc13x4_tirtos7.a : mac_hl_patch.c.o (.text.macIncomingFrameSecurityMaterialRetrieval)
                  00086718    00000182     lodepng.o (.text.lodepng_add_itext_sized)
                  0008689a    00000006     cui.o (.text.CUI_paramsInit)
                  000868a0    00000180     libc.a : _printfi.c.obj (.text._pconv_e)
                  00086a20    00000174     drivers_cc13x4.a : UART2.c.obj (.text.UART2_writeTimeoutBlocking)
                  00086b94    00000174     lv_obj_scroll.o (.text.lv_obj_scroll_by)
                  00086d08    00000174     lv_draw_sw_rect.o (.text.shadow_blur_corner)
                  00086e7c    00000170     lv_draw_sw_blend.o (.text.fill_blended)
                  00086fec    0000016e     lv_dropdown.o (.text.lv_dropdown_event)
                  0008715a    0000016e     lv_obj_style.o (.text.lv_obj_refresh_style)
                  000872c8    0000016e     lv_textarea.o (.text.lv_textarea_set_cursor_pos)
                  00087436    00000002     --HOLE-- [fill = 0]
                  00087438    0000016a     lv_style.o (.text.lv_style_remove_prop)
                  000875a2    00000002     --HOLE-- [fill = 0]
                  000875a4    00000168     lv_group.o (.text.lv_group_add_obj)
                  0008770c    00000168     lv_obj_tree.o (.text.lv_obj_set_parent)
                  00087874    00000168     maclib_secure_cc13x4_tirtos7.a : mac_mgmt.c.o (.text.macBuildCommonReq)
                  000879dc    00000162     lv_mem.o (.text.lv_memcpy)
                  00087b3e    00000002     --HOLE-- [fill = 0]
                  00087b40    00000160     maclib_secure_cc13x4_tirtos7.a : mac_hl_patch.c.o (.text.MAC_McpsDataReq)
                  00087ca0    00000160                                    : mac_scan.c.o (.text.macApiScanReq)
                  00087e00    00000160                                    : mac_tx.c.o (.text.txCsmaDelay)
                  00087f60    0000015c     utc_clock.o (.text.EPOCH_convertTime)
                  000880bc    0000015c     drivers_cc13x4.a : NVSSPI25X.c.obj (.text.NVSSPI25X_write)
                  00088218    0000015a     sensor.o (.text.dataCnfCB)
                  00088372    00000158     ssf.o (.text.Ssf_init)
                  000884ca    00000002     --HOLE-- [fill = 0]
                  000884cc    00000158     drivers_cc13x4.a : SPICC26X4DMA.c.obj (.text.configNextTransfer)
                  00088624    00000158     lv_area.o (.text.lv_point_transform)
                  0008877c    00000156     lv_group.o (.text.lv_group_remove_obj)
                  000888d2    00000156     lv_tabview.o (.text.lv_tabview_constructor)
                  00088a28    00000152     jdllc.o (.text.dataCnfCb)
                  00088b7a    00000002     --HOLE-- [fill = 0]
                  00088b7c    00000152     lv_spinbox.o (.text.lv_spinbox_updatevalue)
                  00088cce    00000150     lv_area.o (.text._lv_area_is_point_on)
                  00088e1e    00000002     --HOLE-- [fill = 0]
                  00088e20    00000150     lv_png.o (.text.decoder_open)
                  00088f70    0000014c     rf_multiMode_cc13x4.a : RFCC26X2_multiMode.c.cc13x4.ticlang.o (.text.RF_radioOpDoneCb)
                  000890bc    0000014c     drivers_cc13x4.a : SPICC26X4DMA.c.obj (.text.SPICC26X4DMA_open)
                  00089208    0000014c     lv_font_fmt_txt.o (.text.lv_font_get_glyph_dsc_fmt_txt)
                  00089354    0000014a     lv_draw_mask.o (.text.lv_draw_mask_line_points_init)
                  0008949e    00000002     --HOLE-- [fill = 0]
                  000894a0    0000014a     lodepng.o (.text.readChunk_iCCP)
                  000895ea    00000002     --HOLE-- [fill = 0]
                  000895ec    00000148     drivers_cc13x4.a : PowerCC26X2.c.obj (.text.Power_sleep)
                  00089734    00000148     maclib_secure_cc13x4_tirtos7.a : mac_data.c.o (.text.macDataTxSend)
                  0008987c    00000146     macTask.o (.text.MAC_CbackEvent)
                  000899c2    00000146     lv_menu.o (.text.lv_menu_constructor)
                  00089b08    00000146     lv_style.o (.text.lv_style_register_prop)
                  00089c4e    00000144     rf_multiMode_cc13x4.a : RFCC26X2_multiMode.c.cc13x4.ticlang.o (.text.RF_updatePaConfiguration)
                  00089d92    00000002     --HOLE-- [fill = 0]
                  00089d94    00000144     maclib_secure_cc13x4_tirtos7.a : mac_hl_patch.c.o (.text.macIncomingFrameSecurity)
                  00089ed8    00000140     nvocmp.o (.text.NVOCMP_eraseNvApi)
                  0008a018    00000140     lv_obj_tree.o (.text.lv_obj_del)
                  0008a158    00000140     maclib_secure_cc13x4_tirtos7.a : mac_radio_tx.c.o (.text.macRadioLbtTxCb)
                  0008a298    0000013e     lv_png.o (.text.decoder_info)
                  0008a3d6    00000002     --HOLE-- [fill = 0]
                  0008a3d8    0000013c     rf_multiMode_cc13x4.a : RFCC26X2_multiMode.c.cc13x4.ticlang.o (.text.RF_abortCmd)
                  0008a514    00000138     st7789_lvgl.o (.text.ST7789_SetAddressWindow)
                  0008a64c    00000138     libc.a : strtol.c.obj (.text.strtol)
                  0008a784    00000136     libclang_rt.builtins.a : divdf3.S.obj (.text.__divdf3)
                  0008a8ba    00000136     lv_draw_sw_layer.o (.text.lv_draw_sw_layer_create)
                  0008a9f0    00000136     lv_font.o (.text.lv_font_get_glyph_dsc)
                  0008ab26    00000002     --HOLE-- [fill = 0]
                  0008ab28    00000136     lv_textarea.o (.text.lv_textarea_del_char)
                  0008ac5e    00000002     --HOLE-- [fill = 0]
                  0008ac60    00000134     rf_multiMode_cc13x4.a : RFCC26X2_multiMode.c.cc13x4.ticlang.o (.text.RF_ratSetupChannel)
                  0008ad94    00000134     maclib_secure_cc13x4_tirtos7.a : mac_mgmt.c.o (.text.macSetDefaultsByPhyID)
                  0008aec8    00000132     btn.o (.text.btn_process)
                  0008affa    00000002     --HOLE-- [fill = 0]
                  0008affc    00000130     drivers_cc13x4.a : AESCCMCC26X4.c.obj (.text.AESCCM_addDataInternal)
                  0008b12c    00000130     sensor.o (.text.processConfigRequest)
                  0008b25c    00000130     lv_roller.o (.text.refr_position)
                  0008b38c    0000012e     lodepng.o (.text.getPixelColorRGBA16)
                  0008b4ba    00000002     --HOLE-- [fill = 0]
                  0008b4bc    0000012e     lv_obj_style.o (.text.lv_obj_remove_style)
                  0008b5ea    00000002     --HOLE-- [fill = 0]
                  0008b5ec    0000012c     rf_multiMode_cc13x4.a : RFCC26X2_multiMode.c.cc13x4.ticlang.o (.text.RF_close)
                  0008b718    0000012c     maclib_secure_cc13x4_tirtos7.a : mac_hl_patch.c.o (.text.macRxBeaconCritical)
                  0008b844    0000012c     ti_sysbios_config.o (.text.ti_sysbios_knl_Semaphore_pend)
                  0008b970    0000012a     nvocmp.o (.text.NVOCMP_updateItemApi)
                  0008ba9a    00000002     --HOLE-- [fill = 0]
                  0008ba9c    0000012a     lv_img_decoder.o (.text.lv_img_decoder_open)
                  0008bbc6    00000002     --HOLE-- [fill = 0]
                  0008bbc8    0000012a     lv_label.o (.text.lv_label_set_text)
                  0008bcf2    00000002     --HOLE-- [fill = 0]
                  0008bcf4    00000128     drivers_cc13x4.a : Button.c.obj (.text.Button_clockTimeoutHandler)
                  0008be1c    00000128     lv_refr.o (.text._lv_inv_area)
                  0008bf44    00000128     lv_arc.o (.text.get_knob_area)
                  0008c06c    00000128     maclib_secure_cc13x4_tirtos7.a : mac_data.c.o (.text.macAllocTxBuffer)
                  0008c194    00000128                                    : mac_hl_patch.c.o (.text.macWrapperDeleteDevice)
                  0008c2bc    00000124     rf_multiMode_cc13x4.a : RFCC26X2_multiMode.c.cc13x4.ticlang.o (.text.RF_fsmSetupState)
                  0008c3e0    00000124     drivers_cc13x4.a : TRNGCC26XX.c.obj (.text.TRNGCC26XX_hwiFxn)
                  0008c504    00000124     lv_grid.o (.text.grid_align)
                  0008c628    00000124     maclib_secure_cc13x4_tirtos7.a : mac_radio.c.o (.text.macRadioInitIeee)
                  0008c74c    00000120                                    : mac_duty_cycle.c.o (.text.macDutyCycleInit)
                  0008c86c    0000011c     drivers_cc13x4.a : NVSCC26XX.c.obj (.text.NVSCC26XX_write)
                  0008c988    0000011c     ti_sysbios_config.o (.text.ti_sysbios_knl_Mailbox_Instance_init)
                  0008caa4    0000011a     nvocmp.o (.text.NVOCMP_readContItemApi)
                  0008cbbe    00000002     --HOLE-- [fill = 0]
                  0008cbc0    0000011a     lv_bmp.o (.text.decoder_open)
                  0008ccda    00000002     --HOLE-- [fill = 0]
                  0008ccdc    00000118     drivers_cc13x4.a : PowerCC26X2.c.obj (.text.Power_init)
                  0008cdf4    00000118     rf_multiMode_cc13x4.a : RFCC26X2_multiMode.c.cc13x4.ticlang.o (.text.RF_decodeOverridePointers)
                  0008cf0c    00000118     drivers_cc13x4.a : SPICC26X4DMA.c.obj (.text.SPICC26X4DMA_control)
                  0008d024    00000118     sensor.o (.text.Sensor_sendMsg)
                  0008d13c    00000118     ssf.o (.text.Ssf_stateChangeUpdate)
                  0008d254    00000118     drivers_cc13x4.a : UART2.c.obj (.text.UART2_writeTimeoutNonblocking)
                  0008d36c    00000116     lv_menu.o (.text.lv_menu_set_page)
                  0008d482    00000116     lv_obj_pos.o (.text.transform_point)
                  0008d598    00000114     driverlib.lib : setup_rom.c.obj (.text.NOROM_SetupAfterColdResetWakeupFromShutDownCfg3)
                  0008d6ac    00000114     nvocmp.o (.text.NVOCMP_createItemApi)
                  0008d7c0    00000114     maclib_secure_cc13x4_tirtos7.a : mac_tx.c.o (.text.txComplete)
                  0008d8d4    00000112     lv_table.o (.text.get_row_height)
                  0008d9e6    00000002     --HOLE-- [fill = 0]
                  0008d9e8    00000112     lv_obj_class.o (.text.lv_obj_class_create_obj)
                  0008dafa    00000002     --HOLE-- [fill = 0]
                  0008dafc    00000110     drivers_cc13x4.a : GPIOCC26X4.c.obj (.text.GPIO_init)
                  0008dc0c    00000110                      : LED.c.obj (.text.LED_open)
                  0008dd1c    00000110     lv_style.o (.text.lv_style_get_prop)
                  0008de2c    00000110     maclib_secure_cc13x4_tirtos7.a : mac_ie_build.c.o (.text.macBuildPayloadIes)
                  0008df3c    00000110     lv_arc.o (.text.value_update)
                  0008e04c    0000010c     driverlib.lib : setup_rom.c.obj (.text.NOROM_SetupAfterColdResetWakeupFromShutDownCfg2)
                  0008e158    0000010c     nvocmp.o (.text.NVOCMP_getDstPage)
                  0008e264    0000010c     drivers_cc13x4.a : NVSSPI25X.c.obj (.text.NVSSPI25X_open)
                  0008e370    0000010c                      : PowerCC26X2_calibrateRCOSC.c.obj (.text.PowerCC26X2_calibrate)
                  0008e47c    00000004     api_mac.o (.text.ApiMac_mcpsDataReq)
                  0008e480    0000010c     libc.a : s_scalbn.c.obj (.text.scalbn)
                  0008e58c    0000010c     ti_sysbios_config.o (.text.ti_sysbios_knl_Task_Instance_finalize)
                  0008e698    0000010a     lv_img_buf.o (.text._lv_img_buf_get_transformed_area)
                  0008e7a2    0000010a     ti_sysbios_config.o (.text.ti_sysbios_knl_Clock_startI)
                  0008e8ac    00000108     drivers_cc13x4.a : AESCCMCC26X4.c.obj (.text.AESCCM_getResult)
                  0008e9b4    00000108     maclib_secure_cc13x4_tirtos7.a : mac_hl_patch.c.o (.text.macBuildDataFrame)
                  0008eabc    00000108     lodepng.o (.text.readChunk_zTXt)
                  0008ebc4    00000108     ui_Main.o (.text.refresh_message_list)
                  0008eccc    00000104     nvocmp.o (.text.NVOCMP_deleteItemApi)
                  0008edd0    00000104     sysbios.a : Hwi_asm_gcc.s.obj (.text.ti_sysbios_family_arm_v8m_Hwi_dispatch)
                  0008eed4    00000102     drivers_cc13x4.a : SPICC26X4DMA.c.obj (.text.csnCallback)
                  0008efd6    00000002     --HOLE-- [fill = 0]
                  0008efd8    00000102     lv_font.o (.text.lv_font_get_glyph_width)
                  0008f0da    00000002     --HOLE-- [fill = 0]
                  0008f0dc    00000100     driverlib.lib : setup.c.obj (.text.NOROM_SetupTrimDevice)
                  0008f1dc    00000100     nvocmp.o (.text.NVOCMP_setItemInactive)
                  0008f2dc    00000100     rf_multiMode_cc13x4.a : RFCC26X2_multiMode.c.cc13x4.ticlang.o (.text.RF_fsmPowerUpState)
                  0008f3dc    00000100     drivers_cc13x4.a : TimerCC26XX.c.obj (.text.Timer_open)
                  0008f4dc    00000100     lv_obj_scroll.o (.text.lv_obj_scroll_by_bounded)
                  0008f5dc    00000100     maclib_secure_cc13x4_tirtos7.a : mac_device.c.o (.text.macBuildAssociateReq)
                  0008f6dc    00000100                                    : mac_data.c.o (.text.macRxCompleteCallback)
                  0008f7dc    00000100                                    : mac_hl_patch.c.o (.text.macScanNextChan)
                  0008f8dc    000000fe     lv_table.o (.text.refr_size_form_row)
                  0008f9da    00000002     --HOLE-- [fill = 0]
                  0008f9dc    000000fc     lodepng.o (.text.Adam7_getpassvalues)
                  0008fad8    000000fc     nvocmp.o (.text.NVOCMP_writeItemApi)
                  0008fbd4    000000fc     rf_multiMode_cc13x4.a : RFCC26X2_multiMode.c.cc13x4.ticlang.o (.text.RF_hwiCpe0Active)
                  0008fcd0    000000fc     libclang_rt.builtins.a : muldf3.S.obj (.text.__muldf3)
                  0008fdcc    000000fa     lv_obj_style.o (.text.get_local_style)
                  0008fec6    00000002     --HOLE-- [fill = 0]
                  0008fec8    000000fa     lv_dropdown.o (.text.lv_dropdown_set_options)
                  0008ffc2    000000fa     lv_obj_pos.o (.text.lv_obj_get_transformed_area)
                  000900bc    000000fa     jdllc.o (.text.scanCnfCb)
                  000901b6    000000f8     lodepng.o (.text.lodepng_decode_memory)
                  000902ae    00000002     --HOLE-- [fill = 0]
                  000902b0    000000f8     lv_anim.o (.text.lv_anim_start)
                  000903a8    000000f8     lv_obj_pos.o (.text.lv_obj_area_is_visible)
                  000904a0    000000f8     lv_txt.o (.text.lv_txt_get_size)
                  00090598    000000f6     ti_sysbios_config.o (.text.PowerCC26XX_standbyPolicy)
                  0009068e    000000f6     lv_img_decoder.o (.text.lv_img_decoder_built_in_info)
                  00090784    000000f6     lv_refr.o (.text.lv_obj_redraw)
                  0009087a    00000002     --HOLE-- [fill = 0]
                  0009087c    000000f4     drivers_cc13x4.a : TRNGCC26XX.c.obj (.text.TRNG_getRandom)
                  00090970    000000f2     lv_font_fmt_txt.o (.text.get_glyph_dsc_id)
                  00090a62    00000002     --HOLE-- [fill = 0]
                  00090a64    000000f2     tjpgd.o (.text.huffext)
                  00090b56    00000002     --HOLE-- [fill = 0]
                  00090b58    000000f2     ti_sysbios_config.o (.text.ti_sysbios_knl_Clock_init)
                  00090c4a    00000002     --HOLE-- [fill = 0]
                  00090c4c    000000f0     drivers_cc13x4.a : UART2CC26X2.c.obj (.text.UART2Support_dmaStartRx)
                  00090d3c    000000f0     libc.a : fputs.c.obj (.text.fputs)
                  00090e2c    000000f0     lv_obj_scroll.o (.text.lv_obj_get_scroll_left)
                  00090f1c    000000f0     lv_obj_tree.o (.text.lv_obj_move_to_index)
                  0009100c    000000f0     maclib_secure_cc13x4_tirtos7.a : mac_device.c.o (.text.macApiAssociateReq)
                  000910fc    000000ee     lv_draw_mask.o (.text.lv_draw_mask_angle_init)
                  000911ea    000000ee     lv_textarea.o (.text.lv_textarea_constructor)
                  000912d8    000000ec     lv_bidi.o (.text.lv_bidi_calculate_align)
                  000913c4    000000ec     lv_txt.o (.text.lv_txt_get_width)
                  000914b0    000000ec     maclib_secure_cc13x4_tirtos7.a : mac.c.o (.text.macSetupRATChanCompare)
                  0009159c    000000ea     lv_label.o (.text.lv_label_ins_text)
                  00091686    000000ea     lv_calendar_header_arrow.o (.text.my_constructor)
                  00091770    000000e8     lv_calendar.o (.text.highlight_update)
                  00091858    000000e4     drivers_cc13x4.a : AESCCMCC26X4.c.obj (.text.AESCCM_startOperation)
                  0009193c    000000e4                      : Button.c.obj (.text.Button_open)
                  00091a20    000000e4     sensor.o (.text.Sensor_init)
                  00091b04    000000e4     sensor.o (.text.jdllcJoinedCb)
                  00091be8    000000e4     lv_txt.o (.text.lv_txt_utf8_next)
                  00091ccc    000000e4     maclib_secure_cc13x4_tirtos7.a : mac_tx.c.o (.text.macTxChannelBusyCallback)
                  00091db0    000000e4     ti_sysbios_config.o (.text.ti_sysbios_gates_GateMutexPri_enter)
                  00091e94    000000e2     api_mac.o (.text.ApiMac_mlmeSetReqArray)
                  00091f76    000000e2     nvocmp.o (.text.NVOCMP_readItemApi)
                  00092058    000000e2     lv_dropdown.o (.text.draw_box_label)
                  0009213a    00000002     --HOLE-- [fill = 0]
                  0009213c    000000e2     lv_calendar.o (.text.lv_calendar_constructor)
                  0009221e    00000002     --HOLE-- [fill = 0]
                  00092220    000000e2     lv_obj_scroll.o (.text.lv_obj_get_scroll_right)
                  00092302    00000002     --HOLE-- [fill = 0]
                  00092304    000000e2     ti_sysbios_config.o (.text.ti_sysbios_knl_Swi_restoreHwi)
                  000923e6    00000002     --HOLE-- [fill = 0]
                  000923e8    000000e0     driverlib.lib : sys_ctrl.c.obj (.text.NOROM_SysCtrlStandby)
                  000924c8    000000e0     drivers_cc13x4.a : UART2CC26X2.c.obj (.text.UART2CC26X2_initHw)
                  000925a8    000000e0     maclib_secure_cc13x4_tirtos7.a : mac_hl_patch.c.o (.text.macOutgoingFrameKeyDescRetrieval)
                  00092688    000000e0                                    : mac_tx.c.o (.text.txCsmaPrep)
                  00092768    000000de     lv_obj_draw.o (.text.lv_obj_calculate_ext_draw_size)
                  00092846    000000dc     ti_sysbios_config.o (.text.ClockP_create)
                  00092922    00000002     --HOLE-- [fill = 0]
                  00092924    000000dc     rf_multiMode_cc13x4.a : RFCC26X2_multiMode.c.cc13x4.ticlang.o (.text.RF_control)
                  00092a00    000000dc     drivers_cc13x4.a : NVSSPI25X.c.obj (.text.doErase)
                  00092adc    000000dc     lv_table.o (.text.get_cell_area)
                  00092bb8    000000dc     lv_color.o (.text.lv_color_hsv_to_rgb)
                  00092c94    000000dc     maclib_secure_cc13x4_tirtos7.a : mac_mgmt.c.o (.text.macBuildDisassociateReq)
                  00092d70    000000da     ssf.o (.text.Ssf_networkUpdate)
                  00092e4a    00000002     --HOLE-- [fill = 0]
                  00092e4c    000000da     lv_txt_ap.o (.text._lv_txt_ap_calc_bytes_cnt)
                  00092f26    000000da     ti_sysbios_config.o (.text.ti_sysbios_knl_Task_postInit)
                  00093000    000000d8     maclib_secure_cc13x4_tirtos7.a : mac_hl_patch.c.o (.text.macCcmStarTransform)
                  000930d8    000000d8                                    : mac_scan.c.o (.text.macScanRxBeacon)
                  000931b0    000000d8     libc.a : setvbuf.c.obj (.text.setvbuf)
                  00093288    000000d8     jdllc.o (.text.syncLossCb)
                  00093360    000000d6     lv_btnmatrix.o (.text.invalidate_button_area)
                  00093436    000000d6     ti_sysbios_config.o (.text.realloc)
                  0009350c    000000d6     lv_tileview.o (.text.tileview_event_cb)
                  000935e2    00000002     --HOLE-- [fill = 0]
                  000935e4    000000d4     maclib_secure_cc13x4_tirtos7.a : mac_data.c.o (.text.MAC_McpsDataAlloc)
                  000936b8    000000d4     drivers_cc13x4.a : SPICC26X4DMA.c.obj (.text.initHw)
                  0009378c    000000d4     lodepng.o (.text.lodepng_add_text_sized)
                  00093860    000000d0     drivers_cc13x4.a : PowerCC26X2.c.obj (.text.configureXOSCHF)
                  00093930    000000d0     lv_style.o (.text.lv_style_reset)
                  00093a00    000000d0     maclib_secure_cc13x4_tirtos7.a : mac_hl_patch.c.o (.text.macEdScanISR)
                  00093ad0    000000d0                                    : mac_radio_tx.c.o (.text.macRadioTxAckCb)
                  00093ba0    000000d0                                    : mac_radio_tx.c.o (.text.macRadioTxPrepCsmaSlottedSubG)
                  00093c70    000000d0                                    : mac_symbol_timer.c.o (.text.macSymbolTimerUpdateWakeup)
                  00093d40    000000d0     ti_sysbios_config.o (.text.ti_sysbios_knl_Task_sleep)
                  00093e10    000000ce     ssf.o (.text.Ssf_processEvents)
                  00093ede    00000002     --HOLE-- [fill = 0]
                  00093ee0    000000ce     lv_event.o (.text.lv_obj_add_event_cb)
                  00093fae    00000002     --HOLE-- [fill = 0]
                  00093fb0    000000cc     nvocmp.o (.text.NVOCMP_readItem)
                  0009407c    000000cc     maclib_secure_cc13x4_tirtos7.a : mac_mgmt.c.o (.text.macCommStatusInd)
                  00094148    000000cc                                    : mac_device.c.o (.text.macDeviceReset)
                  00094214    000000ca     ti_sysbios_config.o (.text.SwiP_construct)
                  000942de    000000ca     lv_draw_sw_blend.o (.text.color_blend_true_color_additive)
                  000943a8    000000c8     lv_draw_sw_blend.o (.text.color_blend_true_color_subtractive)
                  00094470    000000c8     maclib_secure_cc13x4_tirtos7.a : mac_hl_patch.c.o (.text.macOutgoingFrameSecurity)
                  00094538    000000c8                                    : mac_main.c.o (.text.macSendDataMsg)
                  00094600    000000c6     ti_sysbios_config.o (.text.HwiP_construct)
                  000946c6    00000002     --HOLE-- [fill = 0]
                  000946c8    000000c6     st7789_lvgl.o (.text.ST7789_SetRotation)
                  0009478e    00000002     --HOLE-- [fill = 0]
                  00094790    000000c6     lv_bidi.o (.text._lv_bidi_get_visual_pos)
                  00094856    00000002     --HOLE-- [fill = 0]
                  00094858    000000c6     lv_txt.o (.text._lv_txt_set_text_vfmt)
                  0009491e    00000002     --HOLE-- [fill = 0]
                  00094920    000000c4     lv_bidi.o (.text._lv_bidi_detect_base_dir)
                  000949e4    000000c4     lv_obj_scroll.o (.text.lv_obj_get_scroll_bottom)
                  00094aa8    000000c4     maclib_secure_cc13x4_tirtos7.a : mac_hl_patch.c.o (.text.macBuildHeaderIes)
                  00094b6c    000000c4                                    : mac_duty_cycle.c.o (.text.macDutyCycleNotify)
                  00094c30    000000c2     lv_draw_sw_blend.o (.text.color_blend_true_color_multiply)
                  00094cf2    00000002     --HOLE-- [fill = 0]
                  00094cf4    000000c2     lv_obj_style.o (.text.get_trans_style)
                  00094db6    000000c2     lv_obj_draw.o (.text.lv_obj_init_draw_label_dsc)
                  00094e78    000000c2     lv_obj_style.o (.text.trans_del)
                  00094f3a    00000002     --HOLE-- [fill = 0]
                  00094f3c    000000c0     drivers_cc13x4.a : GPIOCC26XX.c.obj (.text.GPIO_setConfigAndMux)
                  00094ffc    000000c0     driverlib.lib : aes.c.obj (.text.NOROM_AESWriteToKeyStore)
                  000950bc    000000c0     maclib_secure_cc13x4_tirtos7.a : mac_tx.c.o (.text.macTxRequestCsmaRtcDelay)
                  0009517c    000000c0                                    : mac_radio.c.o (.text.scheduleNopWakeupCmd)
                  0009523c    000000be     lv_math.o (.text.lv_atan2)
                  000952fa    000000be     lv_obj_draw.o (.text.lv_obj_init_draw_line_dsc)
                  000953b8    000000be     ti_sysbios_config.o (.text.ti_sysbios_knl_Swi_runLoop)
                  00095476    000000be     ti_sysbios_config.o (.text.ti_sysbios_knl_Task_Instance_init)
                  00095534    000000be     lv_obj_style.o (.text.trans_anim_ready_cb)
                  000955f2    000000bc     ti_sysbios_config.o (.text.BIOS_startFunc)
                  000956ae    00000002     --HOLE-- [fill = 0]
                  000956b0    000000bc     drivers_cc13x4.a : PowerCC26X2.c.obj (.text.Power_setDependency)
                  0009576c    000000bc     rf_multiMode_cc13x4.a : RFCC26X2_multiMode.c.cc13x4.ticlang.o (.text.RF_swiHw)
                  00095828    000000bc     drivers_cc13x4.a : UART2CC26X2.c.obj (.text.UART2Support_dmaStartTx)
                  000958e4    000000bc     utc_clock.o (.text.UTC_timeUpdateHandler)
                  000959a0    000000bc     lv_dropdown.o (.text.lv_dropdown_constructor)
                  00095a5c    000000bc     lv_grid.o (.text.lv_grid_init)
                  00095b18    000000bc     lv_indev.o (.text.lv_indev_reset)
                  00095bd4    000000ba     lv_tabview.o (.text.cont_scroll_end_event_cb)
                  00095c8e    000000ba     lv_dropdown.o (.text.draw_box)
                  00095d48    000000ba     ti_sysbios_config.o (.text.ti_sysbios_knl_Task_setPri)
                  00095e02    00000002     --HOLE-- [fill = 0]
                  00095e04    000000b8     drivers_cc13x4.a : GPTimerCC26XX.c.obj (.text.GPTimerCC26XX_open)
                  00095ebc    000000b8     maclib_secure_cc13x4_tirtos7.a : mac_mgmt.c.o (.text.MAC_MlmeResetReq)
                  00095f74    000000b8     sensor.o (.text.Sensor_sendDeviceTypeResponse)
                  0009602c    000000b8     lodepng.o (.text.lodepng_zlib_decompressv)
                  000960e4    000000b8     maclib_secure_cc13x4_tirtos7.a : mac_tx.c.o (.text.macTxRequestCsmaDelay)
                  0009619c    000000b4     drivers_cc13x4.a : PowerCC26X2.c.obj (.text.Power_releaseDependency)
                  00096250    000000b4     lv_theme_default.o (.text.lv_theme_default_init)
                  00096304    000000b4     maclib_secure_cc13x4_tirtos7.a : mac.c.o (.text.macGetRFCmdDuration)
                  000963b8    000000b4     lv_slider.o (.text.position_knob)
                  0009646c    000000b2     sensor.o (.text.Sensor_sendIdentifyLedRequest)
                  0009651e    000000b2     jdllc.o (.text.disassoCnfCb)
                  000965d0    000000b0     cui.o (.text.CUI_clientOpen)
                  00096680    000000b0     lv_obj_style.o (.text.lv_obj_add_style)
                  00096730    000000b0     lv_obj_draw.o (.text.lv_obj_init_draw_img_dsc)
                  000967e0    000000b0     maclib_secure_cc13x4_tirtos7.a : mac_data.c.o (.text.macApiDataReq)
                  00096890    000000b0                                    : mac_mgmt.c.o (.text.macBuildBeaconNotifyInd)
                  00096940    000000b0                                    : mac_ie_build.c.o (.text.macBuildPayloadCoexistIe)
                  000969f0    000000b0     lv_textarea.o (.text.pwd_char_hider)
                  00096aa0    000000b0     lodepng.o (.text.readChunk_PLTE)
                  00096b50    000000b0     libclang_rt.builtins.a : udivmoddi4.S.obj (.text)
                  00096c00    000000ae     cui.o (.text.CUI_menuActionHelp)
                  00096cae    000000ae     lv_calendar.o (.text.draw_part_begin_event_cb)
                  00096d5c    000000ae     lv_arc.o (.text.lv_arc_set_end_angle)
                  00096e0a    000000ae     lv_arc.o (.text.lv_arc_set_start_angle)
                  00096eb8    000000ae     lv_group.o (.text.lv_group_set_editing)
                  00096f66    00000002     --HOLE-- [fill = 0]
                  00096f68    000000ac     rf_multiMode_cc13x4.a : RFCC26X2_multiMode.c.cc13x4.ticlang.o (.text.RF_pendCmd)
                  00097014    000000ac     lv_log.o (.text._lv_log_add)
                  000970c0    000000ac     lv_arc.o (.text.inv_arc_area)
                  0009716c    000000ac     maclib_secure_cc13x4_tirtos7.a : mac_hl_patch.c.o (.text.macAutoPendMaintainSrcMatchTable)
                  00097218    000000ac                                    : mac_data.c.o (.text.macDataTxEnqueue)
                  000972c4    000000ac     ti_sysbios_config.o (.text.ti_sysbios_knl_Task_restore)
                  00097370    000000aa     lv_draw_sw.o (.text.lv_draw_sw_init_ctx)
                  0009741a    000000aa     lv_obj_draw.o (.text.lv_obj_init_draw_arc_dsc)
                  000974c4    000000aa     ti_sysbios_config.o (.text.ti_sysbios_knl_Task_startup)
                  0009756e    00000002     --HOLE-- [fill = 0]
                  00097570    000000a8     drivers_cc13x4.a : AESCCMCC26X4.c.obj (.text.AESCCM_hwiFxn)
                  00097618    000000a8     jdllc.o (.text.beaconNotifyIndCb)
                  000976c0    000000a8     drivers_cc13x4.a : SPICC26X4DMA.c.obj (.text.finishTransfer)
                  00097768    000000a8     lv_obj.o (.text.lv_init)
                  00097810    000000a8     lv_obj_tree.o (.text.lv_obj_get_disp)
                  000978b8    000000a8     lv_obj_scroll.o (.text.lv_obj_readjust_scroll)
                  00097960    000000a8     maclib_secure_cc13x4_tirtos7.a : mac_rx.c.o (.text.macRxInit)
                  00097a08    000000a8                                    : mac_tx.c.o (.text.macTxStartQueuedFrame)
                  00097ab0    000000a6     cui.o (.text.CUI_updateCursor)
                  00097b56    00000002     --HOLE-- [fill = 0]
                  00097b58    000000a6     lv_bidi.o (.text._lv_bidi_get_logical_pos)
                  00097bfe    000000a6     lv_menu.o (.text.lv_menu_back_event_cb)
                  00097ca4    000000a4     maclib_secure_cc13x4_tirtos7.a : mac_autopend.c.o (.text.MAC_SrcMatchAddEntry)
                  00097d48    000000a4     maclib_osal_tirtos7_cc13x4_26x4.a : osal_port.c.o (.text.OsalPort_heapMalloc)
                  00097dec    000000a4     rf_multiMode_cc13x4.a : RFCC26X2_multiMode.c.cc13x4.ticlang.o (.text.RF_initRadioSetup)
                  00097e90    000000a4     lv_area.o (.text._lv_area_is_out)
                  00097f34    000000a4     lv_style.o (.text.lv_style_prop_get_default)
                  00097fd8    000000a4     maclib_secure_cc13x4_tirtos7.a : mac_hl_patch.c.o (.text.macDataTxComplete)
                  0009807c    000000a4                                    : mac_hl_patch.c.o (.text.macMgmtReset)
                  00098120    000000a2     lodepng.o (.text.generateFixedLitLenTree)
                  000981c2    000000a2     lv_tabview.o (.text.lv_tabview_set_act)
                  00098264    000000a2     lv_refr.o (.text.refr_obj_and_children)
                  00098306    00000002     --HOLE-- [fill = 0]
                  00098308    000000a2     ti_sysbios_config.o (.text.ti_sysbios_runtime_Memory_alloc)
                  000983aa    000000a0     jdllc.o (.text.Jdllc_init)
                  0009844a    00000002     --HOLE-- [fill = 0]
                  0009844c    000000a0     rf_multiMode_cc13x4.a : RFCC26X2_multiMode.c.cc13x4.ticlang.o (.text.RF_calculateDispatchTime)
                  000984ec    000000a0                           : RFCC26X2_multiMode.c.cc13x4.ticlang.o (.text.RF_requestAccess)
                  0009858c    000000a0     lv_area.o (.text._lv_area_is_in)
                  0009862c    000000a0     lv_draw_sw_arc.o (.text.get_rounded_area)
                  000986cc    000000a0     lv_anim.o (.text.lv_anim_del)
                  0009876c    000000a0     lv_draw_sw_layer.o (.text.lv_draw_sw_layer_blend)
                  0009880c    000000a0     maclib_secure_cc13x4_tirtos7.a : mac_hl_patch.c.o (.text.macAutoPendAddSrcMatchTableEntry)
                  000988ac    000000a0                                    : mac_hl_patch.c.o (.text.macCbackForEvent)
                  0009894c    000000a0     ti_sysbios_config.o (.text.ti_sysbios_knl_Swi_post)
                  000989ec    0000009c     driverlib.lib : setup.c.obj (.text.TrimAfterColdResetWakeupFromShutDown)
                  00098a88    0000009c     lv_theme_default.o (.text.grey_filter_cb)
                  00098b24    0000009c     lv_textarea.o (.text.label_event_cb)
                  00098bc0    0000009c     maclib_secure_cc13x4_tirtos7.a : mac_mgmt.c.o (.text.macBuildWSAsyncReq)
                  00098c5c    0000009c     lodepng.o (.text.readChunk_tEXt)
                  00098cf8    0000009a     drivers_cc13x4.a : UART2.c.obj (.text.UART2_writeCancel)
                  00098d92    0000009a     lv_arc.o (.text.get_center)
                  00098e2c    0000009a     lv_roller.o (.text.inf_normalize)
                  00098ec6    00000002     --HOLE-- [fill = 0]
                  00098ec8    0000009a     lv_draw_layer.o (.text.lv_draw_layer_create)
                  00098f62    00000002     --HOLE-- [fill = 0]
                  00098f64    0000009a     lv_style.o (.text.lv_style_is_empty)
                  00098ffe    00000002     --HOLE-- [fill = 0]
                  00099000    00000098     drivers_cc13x4.a : GPTimerCC26XX.c.obj (.text.GPTimerCC26XX_close)
                  00099098    00000098     jdllc.o (.text.Jdllc_securityInit)
                  00099130    00000098     nvocmp.o (.text.NVOCMP_getItemLenApi)
                  000991c8    00000098     rf_multiMode_cc13x4.a : RFCC26X2_multiMode.c.cc13x4.ticlang.o (.text.RF_defaultSubmitPolicy)
                  00099260    00000098     ti_sysbios_config.o (.text._pthread_cleanupFxn)
                  000992f8    00000098     lodepng.o (.text.lodepng_load_file)
                  00099390    00000098     lv_draw_transform.o (.text.lv_draw_transform)
                  00099428    00000098     lv_label.o (.text.lv_label_set_dot_tmp)
                  000994c0    00000098     maclib_secure_cc13x4_tirtos7.a : mac_hl_patch.c.o (.text.macIncomingSecurityLevelChecking)
                  00099558    00000098                                    : mac_mgmt.c.o (.text.macRxBeacon)
                  000995f0    00000098                                    : mac_hl_patch.c.o (.text.macScanRxCoordRealign)
                  00099688    00000098                                    : mac_timer.c.o (.text.macSymbolTimerTriggerCallback)
                  00099720    00000098     main.o (.text.main)
                  000997b8    00000098     lv_calendar_header_dropdown.o (.text.my_constructor)
                  00099850    00000098     ti_sysbios_config.o (.text.ti_sysbios_knl_Mailbox_post)
                  000998e8    00000098     ti_sysbios_config.o (.text.ti_sysbios_knl_Task_restoreHwi)
                  00099980    00000096     rf_multiMode_cc13x4.a : RFCC26X2_multiMode.c.cc13x4.ticlang.o (.text.RF_verifyGap)
                  00099a16    00000096     lv_label.o (.text.lv_label_constructor)
                  00099aac    00000094     maclib_secure_cc13x4_tirtos7.a : mac_hl_patch.c.o (.text.MAC_MlmeScanReq)
                  00099b40    00000094     rf_multiMode_cc13x4.a : RFCC26X2_multiMode.c.cc13x4.ticlang.o (.text.RF_ratRestartChannels)
                  00099bd4    00000094     drivers_cc13x4.a : SPICC26X4DMA.c.obj (.text.SPICC26X4DMA_transferCancel)
                  00099c68    00000094     ti_sysbios_config.o (.text._pthread_removeThreadKeys)
                  00099cfc    00000094     drivers_cc13x4.a : SPICC26X4DMA.c.obj (.text.initIO)
                  00099d90    00000094     lv_mem.o (.text.lv_memset_ff)
                  00099e24    00000094     lv_roller.o (.text.lv_roller_constructor)
                  00099eb8    00000094     macTask.o (.text.macTaskInit)
                  00099f4c    00000094     ti_sysbios_config.o (.text.ti_sysbios_gates_GateMutexPri_leave)
                  00099fe0    00000092     jdllc.o (.text.disassocIndCb)
                  0009a072    00000092     ti_sysbios_config.o (.text.ti_sysbios_knl_Semaphore_post)
                  0009a104    00000092     ti_sysbios_config.o (.text.ti_sysbios_knl_Task_exit)
                  0009a196    00000090     jdllc.o (.text.Jdllc_rejoin)
                  0009a226    00000002     --HOLE-- [fill = 0]
                  0009a228    00000090     rf_multiMode_cc13x4.a : RFCC26X2_multiMode.c.cc13x4.ticlang.o (.text.RF_getTxPower)
                  0009a2b8    00000090     drivers_cc13x4.a : UART2CC26X2.c.obj (.text.UART2_close)
                  0009a348    00000090     lv_label.o (.text.lv_label_revert_dots)
                  0009a3d8    00000090     lv_spinner.o (.text.lv_spinner_constructor)
                  0009a468    00000090     maclib_secure_cc13x4_tirtos7.a : mac_coord.c.o (.text.macIndirectSend)
                  0009a4f8    00000090                                    : mac_autopend.c.o (.text.macSrcMatchCheckSrcAddr)
                  0009a588    00000090                                    : mac.c.o (.text.macStopCmd)
                  0009a618    00000090     ti_sysbios_config.o (.text.ti_sysbios_knl_Swi_restore)
                  0009a6a8    00000090     lodepng.o (.text.zlib_decompress)
                  0009a738    0000008e     lv_btnmatrix.o (.text.make_one_button_checked)
                  0009a7c6    00000002     --HOLE-- [fill = 0]
                  0009a7c8    0000008e     main.o (.text.sensorTask_)
                  0009a856    0000008e     st7789_lvgl.o (.text.tft_flush)
                  0009a8e4    0000008c     drivers_cc13x4.a : TRNGCC26XX.c.obj (.text.TRNG_construct)
                  0009a970    0000008c     lv_dropdown.o (.text.btn_release_handler)
                  0009a9fc    0000008c     drivers_cc13x4.a : NVSCC26XX.c.obj (.text.doErase)
                  0009aa88    0000008c     lv_fs.o (.text.lv_fs_seek)
                  0009ab14    0000008c     lv_mem.o (.text.lv_memset_00)
                  0009aba0    0000008c     maclib_secure_cc13x4_tirtos7.a : mac_radio_tx.c.o (.text.macRadioFHEncryptFrame)
                  0009ac2c    0000008c     ti_sysbios_config.o (.text.ti_sysbios_knl_Task_enter)
                  0009acb8    0000008a     control_task.o (.text.control_taskInit)
                  0009ad42    00000002     --HOLE-- [fill = 0]
                  0009ad44    0000008a     lv_label.o (.text.lv_label_set_text_fmt)
                  0009adce    00000002     --HOLE-- [fill = 0]
                  0009add0    0000008a     lv_mem.o (.text.lv_memset)
                  0009ae5a    00000002     --HOLE-- [fill = 0]
                  0009ae5c    0000008a     lv_refr.o (.text.lv_refr_get_top_obj)
                  0009aee6    0000008a     ti_sysbios_config.o (.text.ti_sysbios_knl_Swi_startup)
                  0009af70    00000088     rf_multiMode_cc13x4.a : RFCC26X2_multiMode.c.cc13x4.ticlang.o (.text.RF_cmdDispatchTime)
                  0009aff8    00000088                           : RFCC26X2_multiMode.c.cc13x4.ticlang.o (.text.RF_discardPendCmd)
                  0009b080    00000088     libc.a : fputc.c.obj (.text.fputc)
                  0009b108    00000088     maclib_secure_cc13x4_tirtos7.a : mac_hl_patch.c.o (.text.macCcmDecrypt)
                  0009b190    00000088                                    : mac_hl_patch.c.o (.text.macCcmStarInverseTransform)
                  0009b218    00000088                                    : mac_radio_tx.c.o (.text.macRadioSendImmAck)
                  0009b2a0    00000088                                    : mac_radio.c.o (.text.macRadioUpdateChannel)
                  0009b328    00000086     ti_sysbios_config.o (.text.ClockP_construct)
                  0009b3ae    00000086     lv_color.o (.text.lv_palette_lighten)
                  0009b434    00000084     api_mac.o (.text.ApiMac_init)
                  0009b4b8    00000084     rf_multiMode_cc13x4.a : RFCC26X2_multiMode.c.cc13x4.ticlang.o (.text.RF_getInfo)
                  0009b53c    00000084                           : RFCC26X2_multiMode.c.cc13x4.ticlang.o (.text.RF_yield)
                  0009b5c0    00000084     lv_bmp.o (.text.decoder_info)
                  0009b644    00000084     lv_tileview.o (.text.lv_tileview_tile_constructor)
                  0009b6c8    00000084     maclib_secure_cc13x4_tirtos7.a : mac_hl_patch.c.o (.text.macBlacklistChecking)
                  0009b74c    00000084                                    : mac_hl_patch.c.o (.text.macCcmEncrypt)
                  0009b7d0    00000084     ui_Main.o (.text.update_callback)
                  0009b854    00000082     lv_img_decoder.o (.text._lv_img_decoder_init)
                  0009b8d6    00000082     btn.o (.text.btn_init)
                  0009b958    00000082     lodepng.o (.text.lodepng_info_cleanup)
                  0009b9da    00000082     lv_color.o (.text.lv_palette_darken)
                  0009ba5c    00000080     drivers_cc13x4.a : GPIOCC26X4.c.obj (.text.GPIO_hwiIntFxn)
                  0009badc    00000080                      : NVSSPI25X.c.obj (.text.NVSSPI25X_close)
                  0009bb5c    00000080     maclib_osal_tirtos7_cc13x4_26x4.a : osal_port.c.o (.text.OsalPort_setTimer)
                  0009bbdc    00000080     maclib_secure_cc13x4_tirtos7.a : mac_data.c.o (.text.macFrameDurationSubG)
                  0009bc5c    00000080                                    : mac_tx.c.o (.text.macTxDoneCallback)
                  0009bcdc    0000007e     nvocmp.o (.text.NVOCMP_loadApiPtrs)
                  0009bd5a    00000002     --HOLE-- [fill = 0]
                  0009bd5c    0000007e     lv_btnmatrix.o (.text.lv_btnmatrix_set_btn_ctrl_all)
                  0009bdda    00000002     --HOLE-- [fill = 0]
                  0009bddc    0000007e     lv_obj_pos.o (.text.lv_layout_register)
                  0009be5a    00000002     --HOLE-- [fill = 0]
                  0009be5c    0000007e     lv_obj.o (.text.lv_obj_allocate_spec_attr)
                  0009beda    0000007e     lv_obj.o (.text.lv_obj_clear_flag)
                  0009bf58    0000007e     lv_timer.o (.text.lv_timer_create)
                  0009bfd6    00000002     --HOLE-- [fill = 0]
                  0009bfd8    0000007c     driverlib.lib : setup_rom.c.obj (.text.NOROM_SetupStepVddrTrimTo)
                  0009c054    0000007c     rf_multiMode_cc13x4.a : RFCC26X2_multiMode.c.cc13x4.ticlang.o (.text.RF_ratDisableChannel)
                  0009c0d0    0000007c     drivers_cc13x4.a : SPICC26X4DMA.c.obj (.text.SPICC26X4DMA_close)
                  0009c14c    0000007c                      : NVSSPI25X.c.obj (.text.doRead)
                  0009c1c8    0000007c     lv_obj.o (.text.lv_obj_add_flag)
                  0009c244    0000007c     lv_obj_class.o (.text.lv_obj_class_init_obj)
                  0009c2c0    0000007c     maclib_secure_cc13x4_tirtos7.a : mac_mcu.c.o (.text.macMcuOverflowSetPeriod)
                  0009c33c    0000007c                                    : mac_pwr.c.o (.text.macPwrVote)
                  0009c3b8    0000007c                                    : mac.c.o (.text.macSetupReceiveCmd)
                  0009c434    0000007a     ti_drivers_config.o (.text.Board_shutDownExtFlash)
                  0009c4ae    0000007a     nvocmp.o (.text.NVOCMP_compactNvApi)
                  0009c528    0000007a     lv_img_cache.o (.text._lv_img_cache_open)
                  0009c5a2    00000002     --HOLE-- [fill = 0]
                  0009c5a4    0000007a     lv_txt.o (.text._lv_txt_ins)
                  0009c61e    0000007a     lv_colorwheel.o (.text.lv_colorwheel_set_hsv)
                  0009c698    0000007a     lv_txt.o (.text.lv_txt_unicode_to_utf8)
                  0009c712    0000007a     lv_table.o (.text.scroll_to_selected_cell)
                  0009c78c    0000007a     ti_sysbios_config.o (.text.ti_sysbios_knl_TaskSupport_start)
                  0009c806    00000002     --HOLE-- [fill = 0]
                  0009c808    00000078     driverlib.lib : chipinfo.c.obj (.text.NOROM_ChipInfo_GetChipType)
                  0009c880    00000078     drivers_cc13x4.a : NVSCC26XX.c.obj (.text.NVSCC26XX_open)
                  0009c8f8    00000078     rf_multiMode_cc13x4.a : RFCC26X2_multiMode.c.cc13x4.ticlang.o (.text.RF_ratFreeChannel)
                  0009c970    00000078     lv_obj_pos.o (.text.layout_update_core)
                  0009c9e8    00000078     lv_draw_mask.o (.text.lv_draw_mask_is_any)
                  0009ca60    00000078     lv_keyboard.o (.text.lv_keyboard_update_ctrl_map)
                  0009cad8    00000078     maclib_secure_cc13x4_tirtos7.a : mac.c.o (.text.macRequestBackoff)
                  0009cb50    00000078                                    : mac_device.c.o (.text.macRxAssocRsp)
                  0009cbc8    00000078                                    : mac_symbol_timer.c.o (.text.macSymbolTimerInit)
                  0009cc40    00000078     lv_calendar_header_arrow.o (.text.month_event_cb)
                  0009ccb8    00000078     ti_sysbios_config.o (.text.ti_sysbios_family_arm_v8m_Hwi_dispatchC)
                  0009cd30    00000076     ti_sysbios_config.o (.text.HwiP_destruct)
                  0009cda6    00000076     drivers_cc13x4.a : UART2CC26X2.c.obj (.text.UART2Support_dmaStopTx)
                  0009ce1c    00000076     lv_bar.o (.text.lv_bar_constructor)
                  0009ce92    00000076     lv_win.o (.text.lv_win_constructor)
                  0009cf08    00000076     lodepng.o (.text.readChunk_bKGD)
                  0009cf7e    00000002     --HOLE-- [fill = 0]
                  0009cf80    00000074     maclib_osal_tirtos7_cc13x4_26x4.a : osal_port.c.o (.text.OsalPort_heapInit)
                  0009cff4    00000074     rf_multiMode_cc13x4.a : RFCC26X2_multiMode.c.cc13x4.ticlang.o (.text.RF_hwiHw)
                  0009d068    00000074     libc.a : fclose.c.obj (.text.__TI_closefile)
                  0009d0dc    00000074     lv_textarea.o (.text.lv_textarea_set_one_line)
                  0009d150    00000074     maclib_secure_cc13x4_tirtos7.a : mac_hl_patch.c.o (.text.macKeyDescriptorLookup)
                  0009d1c4    00000074                                    : mac_mcu.c.o (.text.macMcuOverflowSetCompare)
                  0009d238    00000074                                    : mac_radio_tx.c.o (.text.macRadioTxEnhAckCb)
                  0009d2ac    00000074                                    : mac_ie_parse.c.o (.text.macUpdateHeaderIEPtr)
                  0009d320    00000074     ti_sysbios_config.o (.text.ti_sysbios_knl_Mailbox_pend)
                  0009d394    00000072     drivers_cc13x4.a : LED.c.obj (.text.LED_startBlinking)
                  0009d406    00000072     lv_bar.o (.text.lv_bar_set_value_with_anim)
                  0009d478    00000072     lv_draw_sw.o (.text.lv_draw_sw_buffer_copy)
                  0009d4ea    00000002     --HOLE-- [fill = 0]
                  0009d4ec    00000072     lv_mem.o (.text.lv_mem_buf_release)
                  0009d55e    00000072     lv_menu.o (.text.lv_menu_refr_main_header_mode)
                  0009d5d0    00000072     ti_sysbios_config.o (.text.pthread_mutex_lock)
                  0009d642    00000002     --HOLE-- [fill = 0]
                  0009d644    00000070     drivers_cc13x4.a : AESCCMCC26X4.c.obj (.text.AESCCM_waitForResult)
                  0009d6b4    00000070     cui.o (.text.CUI_writeString)
                  0009d724    00000070     driverlib.lib : interrupt.c.obj (.text.NOROM_IntDisable)
                  0009d794    00000070     maclib_osal_tirtos7_cc13x4_26x4.a : osal_port.c.o (.text.OsalPort_pwrmgrTaskState)
                  0009d804    00000070     sensor.o (.text.commStatusIndCB)
                  0009d874    00000070     lv_mem.o (.text.lv_mem_realloc)
                  0009d8e4    00000070     maclib_secure_cc13x4_tirtos7.a : mac_duty_cycle.c.o (.text.macDutyCycleTimerCB)
                  0009d954    00000070                                    : mac_radio.c.o (.text.macRadioStartScan)
                  0009d9c4    00000070                                    : mac_timer.c.o (.text.macTimerUpdateSymbolTimer)
                  0009da34    00000070     libc.a : copy_decompress_lzss.c.obj (.text:decompress:lzss)
                  0009daa4    0000006e     lodepng.o (.text.LodePNGIText_cleanup)
                  0009db12    0000006e     lv_sjpg.o (.text.input_func)
                  0009db80    0000006e     lv_chart.o (.text.lv_chart_destructor)
                  0009dbee    0000006e     lv_label.o (.text.lv_label_set_long_mode)
                  0009dc5c    0000006e     lv_obj.o (.text.lv_obj_destructor)
                  0009dcca    00000002     --HOLE-- [fill = 0]
                  0009dccc    0000006e     lv_obj_pos.o (.text.lv_obj_move_children_by)
                  0009dd3a    00000002     --HOLE-- [fill = 0]
                  0009dd3c    0000006c     drivers_cc13x4.a : AESCCMCC26X4.c.obj (.text.AESCCM_construct)
                  0009dda8    0000006c     driverlib.lib : interrupt.c.obj (.text.NOROM_IntEnable)
                  0009de14    0000006c                   : sys_ctrl.c.obj (.text.NOROM_SysCtrl_DCDC_VoltageConditionalControl)
                  0009de80    0000006c     rf_multiMode_cc13x4.a : RFCC26X2_multiMode.c.cc13x4.ticlang.o (.text.RF_issueRadioFreeCb)
                  0009deec    0000006c     drivers_cc13x4.a : Random.c.obj (.text.Random_seedAutomatic)
                  0009df58    0000006c     ssf.o (.text.Ssf_getNetworkInfo)
                  0009dfc4    0000006c     libc.a : _printfi.c.obj (.text._mcpy)
                  0009e030    0000006c     rf_multiMode_cc13x4.a : rf_patch_cpe_multi_protocol.c.cc13x4.ticlang.o (.text.configureMultiProtocolPatch)
                  0009e09c    0000006c     lv_arc.o (.text.lv_arc_set_bg_start_angle)
                  0009e108    0000006c     lv_btnmatrix.o (.text.lv_btnmatrix_get_btn_text)
                  0009e174    0000006c     lv_obj_pos.o (.text.lv_obj_get_content_coords)
                  0009e1e0    0000006c     lv_obj_pos.o (.text.lv_obj_transform_point)
                  0009e24c    0000006c     lv_roller.o (.text.lv_roller_set_selected)
                  0009e2b8    0000006c     maclib_secure_cc13x4_tirtos7.a : mac_mgmt.c.o (.text.macApiDisassociateReq)
                  0009e324    0000006c                                    : mac_duty_cycle.c.o (.text.macDutyCycleByteToUSec)
                  0009e390    0000006c                                    : mac_rx_onoff.c.o (.text.macRxOffRequest)
                  0009e3fc    0000006c                                    : mac.c.o (.text.macSetupFsCmd)
                  0009e468    0000006c     drivers_cc13x4.a : PowerCC26X2.c.obj (.text.oscillatorISR)
                  0009e4d4    0000006a     st7789_lvgl.o (.text.Display_init_lvgl)
                  0009e53e    0000006a     libclang_rt.builtins.a : comparedf2.c.obj (.text.__gedf2)
                  0009e5a8    0000006a                            : comparedf2.c.obj (.text.__ledf2)
                  0009e612    00000002     --HOLE-- [fill = 0]
                  0009e614    0000006a     lv_img_decoder.o (.text.lv_img_decoder_get_info)
                  0009e67e    0000006a     lv_obj.o (.text.lv_obj_constructor)
                  0009e6e8    00000068     maclib_secure_cc13x4_tirtos7.a : mac_device.c.o (.text.MAC_InitDevice)
                  0009e750    00000068     drivers_cc13x4.a : PowerCC26X2_calibrateRCOSC_helpers.c.obj (.text.PowerCC26X2_updateSubSecInc)
                  0009e7b8    00000068     rf_multiMode_cc13x4.a : RFCC26X2_multiMode.c.cc13x4.ticlang.o (.text.RF_detachOverrides)
                  0009e820    00000068     lodepng.o (.text.adler32)
                  0009e888    00000068     control_task.o (.text.control_Task_Noti_Info_mail)
                  0009e8f0    00000068     libc.a : s_frexp.c.obj (.text.frexp)
                  0009e958    00000068            : fseek.c.obj (.text.fseeko)
                  0009e9c0    00000068            : getdevice.c.obj (.text.getdevice)
                  0009ea28    00000068     lv_arc.o (.text.lv_arc_set_bg_end_angle)
                  0009ea90    00000068     lv_draw_mask.o (.text.lv_draw_mask_add)
                  0009eaf8    00000068     lv_keyboard.o (.text.lv_keyboard_constructor)
                  0009eb60    00000068     maclib_secure_cc13x4_tirtos7.a : mac_mgmt.c.o (.text.macDisassocComplete)
                  0009ebc8    00000068                                    : mac_low_level.c.o (.text.macLowLevelInit)
                  0009ec30    00000068                                    : mac_radio.c.o (.text.macRadioPowerDown)
                  0009ec98    00000068                                    : mac_scan.c.o (.text.macScanStartTimer)
                  0009ed00    00000068                                    : mac_timer.c.o (.text.macTimerSetRollover)
                  0009ed68    00000068                                    : mac_tx.c.o (.text.macTxGetDefaultMinTxOffTime)
                  0009edd0    00000068     sensor.o (.text.processBroadcastCtrlMsg)
                  0009ee38    00000066     lv_bmp.o (.text.decoder_read_line)
                  0009ee9e    00000002     --HOLE-- [fill = 0]
                  0009eea0    00000066     lv_btnmatrix.o (.text.lv_btnmatrix_set_btn_ctrl)
                  0009ef06    00000002     --HOLE-- [fill = 0]
                  0009ef08    00000066     lv_obj_tree.o (.text.lv_obj_get_index)
                  0009ef6e    00000066     lv_textarea.o (.text.lv_textarea_cursor_down)
                  0009efd4    00000064     libsysbm.a : hostrename.c.obj (.text.HOSTrename)
[...]
200184c0  _lv_indev_ll                                                     
200184cc  _lv_obj_style_trans_ll                                           
200184d8  _lv_timer_ll                                                     
200184e4  coexMetricsStruct                                                
200184f0  macMain                                                          
200184fc  macRxOutputSubG                                                  
20018508  nvsSPI25XObjects                                                 
20018558  parmbuf                                                          
20018570  ApiMac_extAddr                                                   
20018578  coexOverrideUseCases                                             
20018580  macRxDataEntryQueue                                              
20018618  AESCCM_handle                                                    
2001861c  HEAPMGR_SIZE                                                     
20018620  PowerCC26XX_swiKey                                               
20018624  PowerCC26XX_taskKey                                              
20018628  _lv_grad_cache_mem                                               
2001862c  _lv_layout_list                                                  
20018630  _lv_style_custom_prop_flag_lookup_table                          
20018634  _lv_theme_default_styles                                         
20018638  _lv_timer_act                                                    
2001863c  bytes_to_time                                                    
20018640  controllerSpi                                                    
20018644  date_label                                                       
20018648  dcCritical                                                       
2001864c  dcLimited                                                        
20018650  dcPtr                                                            
20018654  dcRegulated                                                      
20018658  dcTimeUsed                                                       
2001865c  macAddrLsb                                                       
20018660  macAddrMsb                                                       
20018664  macCryptoDrvTblPtr                                               
20018668  macPhyTxPower                                                    
2001866c  macPrevPeriodRatCount                                            
20018670  macRfDrvTblPtr                                                   
20018674  macRxSymbol                                                      
20018678  macSymbolTimerRollover                                           
2001867c  macSymbolTimerTrigger                                            
20018680  macThread                                                        
20018684  macTimerActive                                                   
20018688  macTxTimestamp                                                   
2001868c  message_container                                                
20018690  pClockHandleEDScan                                               
20018694  pMacRadioConfig                                                  
20018698  pMaxPower                                                        
2001869c  pRfMode                                                          
200186a0  pRfPowerTable                                                    
200186a4  rxRadioBufferPtr                                                 
200186a8  sensorStatusLine                                                 
200186ac  ssfCuiHndl                                                       
200186b0  tables_connected_label                                           
200186b4  ti_sysbios_family_arm_v8m_cc26x4_Timer_funcHookCH1               
200186b8  ti_sysbios_family_arm_v8m_cc26x4_Timer_funcHookCH2               
200186bc  ti_sysbios_knl_Task_defaultStackHeap                             
200186c0  ti_sysbios_runtime_System_atexitHandlers                         
200186c4  time_label                                                       
200186c8  timerAlignedQ                                                    
200186cc  timerUnalignedQ                                                  
200186d0  ui_Main                                                          
200186d4  waiter_icon                                                      
200186d8  waiter_name_label                                                
200186ee  LV_LAYOUT_FLEX                                                   
200186f0  LV_LAYOUT_GRID                                                   
200186f2  LV_STYLE_FLEX_CROSS_PLACE                                        
200186f4  LV_STYLE_FLEX_FLOW                                               
200186f6  LV_STYLE_FLEX_GROW                                               
200186f8  LV_STYLE_FLEX_MAIN_PLACE                                         
200186fa  LV_STYLE_FLEX_TRACK_PLACE                                        
200186fc  LV_STYLE_GRID_CELL_COLUMN_POS                                    
200186fe  LV_STYLE_GRID_CELL_COLUMN_SPAN                                   
20018700  LV_STYLE_GRID_CELL_ROW_POS                                       
20018702  LV_STYLE_GRID_CELL_ROW_SPAN                                      
20018704  LV_STYLE_GRID_CELL_X_ALIGN                                       
20018706  LV_STYLE_GRID_CELL_Y_ALIGN                                       
20018708  LV_STYLE_GRID_COLUMN_ALIGN                                       
2001870a  LV_STYLE_GRID_COLUMN_DSC_ARRAY                                   
2001870c  LV_STYLE_GRID_ROW_ALIGN                                          
2001870e  LV_STYLE_GRID_ROW_DSC_ARRAY                                      
20018710  conv                                                             
20018712  macRxDataEntryOffset                                             
20018714  macTxCsmaBackoffDelay                                            
20018716  rxCmdHandle                                                      
20018718  txCmdHandle                                                      
20018728  AppTaskId                                                        
20018729  NVOCMP_size                                                      
2001872a  appTaskId                                                        
2001872b  dcStatus                                                         
2001872c  gAction                                                          
2001872d  lastRxPriority                                                   
2001872e  lastTxPriority                                                   
2001872f  macAckTxActive                                                   
20018730  macMgmt                                                          
20018731  macPanCoordinator                                                
20018732  macPhyChannel                                                    
20018733  macPwr                                                           
20018734  macRxActive                                                      
20018735  macRxEnableFlags                                                 
20018736  macRxFilter                                                      
20018737  macRxOutgoingAckFlag                                             
20018738  macSpecUsecsPerSymbol                                            
20018739  macSrcResIndex                                                   
2001873a  macSymbolTimerImpending                                          
2001873b  macTaskId                                                        
2001873c  macTxActive                                                      
2001873d  macTxBe                                                          
2001873e  macTxGpInterframeDelay                                           
2001873f  macTxType                                                        
20018740  macUnitBackoffPeriod                                             
20018741  nvsCC26XXObjects                                                 
20018742  rxFhRsl                                                          
20018743  rxPromiscuousMode                                                
20018744  rxSeqNum                                                         
20018745  spi_index_local                                                  
20018746  txAckReq                                                         
20018747  txSeqn                                                           
20018800  PowerCC26X2_module                                               
20018978  _ftable                                                          
20018a68  txPowerTable_868_pa13                                            
20018b17  ApiMac_gpOffsetToms                                              
20018b18  macMRFSKGenPhyTable                                              
20018bb8  gpioPinConfigs                                                   
20018c34  _device                                                          
20018cac  fhObject                                                         
20018d80  ti_sysbios_knl_Clock_Module_state                                
20018e4c  Main_user1Cfg                                                    
20018f00  _stream                                                          
20018fe0  configureSubMenu                                                 
20019020  ssfMainMenu                                                      
20019060  ti_sysbios_family_arm_v8m_Hwi_Module_state                       
2001909c  ti_sysbios_knl_Task_Module_state                                 
20019110  commissionSubMenu                                                
20019144  macBeaconPayload                                                 
200191a8  Sensor_msgStats                                                  
200191d8  BIOS_Module_state                                                
20019230  pOverrides_2gfsk50kbps154g                                       
2001925c  appSubMenu                                                       
20019284  ti_sysbios_knl_Swi_Module_state                                  
20019318  macActionSet                                                     
20019360  lastRatChanA                                                     
20019361  lastRatChanB                                                     
20019362  macRxCmdActive                                                   
20019363  macFsCmdActive                                                   
20019364  macRxPreempted                                                   
20019365  numRfCmd                                                         
20019366  numRxCmd                                                         
20019367  numRxPostCmd                                                     
20019368  ieeeCoexEnabled                                                  
2001936c  lastPostCmd                                                      
20019370  macSfdDetectCback                                                
20019380  macBeaconMargin                                                  
200193fe  macSrcMatchIsAckAllPending                                       
200193ff  macSrcMatchDefaultPendOn                                         
20019414  macStateTbl                                                      
20019428  macUser0Cfg                                                      
20019460  RF_cmdNop                                                        
20019470  RF_cmdNopFg                                                      
20019480  RF_prop_2gfsk50kbps154g                                          
20019490  _hposcCoeffs                                                     
200194b0  macCfg                                                           
200194ce  Jdllc_events                                                     
200194f4  taskCnt                                                          
200194f8  heapmgrMemFreeTotal                                              
200194fc  heapmgrMemFreeError                                              
20019500  ti_sysbios_family_arm_v8m_cc26x4_Timer_Module_state              
2001950c  ti_sysbios_runtime_Error_ignore                                  
20019518  ti_sysbios_runtime_System_Module_state                           
20019532  collectorAddr_app                                                
2001954c  __TI_cleanup_ptr                                                 
20019550  __TI_dtors_ptr                                                   
20019560  RF_handle                                                        
20019564  macRadioAckIeeeFrame                                             
20019567  macRadioAckFrame                                                 
2001956c  macCsmaRtcTimerId                                                
2001957c  RFCC26XX_schedulerPolicy                                         
20019584  ti_sysbios_gates_GateMutexPri_Module_state                       
2001958c  ti_sysbios_heaps_HeapCallback_Module_state                       
20019594  ti_sysbios_knl_Mailbox_Module_state                              
2001959c  ti_sysbios_knl_Semaphore_Module_state                            
200195b0  UTC_timeSeconds                                                  
200195b8  __TI_ft_end                                                      
200195bc  __aeabi_errno                                                    
200195c0  _lock                                                            
200195c8  _lv_style_custom_prop_flag_lookup_table_size                     
200195cc  _lv_txt_encoded_get_byte_id                                      
200195d0  _lv_txt_encoded_get_char_id                                      
200195d4  _lv_txt_encoded_next                                             
200195d8  _lv_txt_encoded_prev                                             
200195dc  _lv_txt_encoded_size                                             
200195e0  _lv_txt_get_encoded_length                                       
200195e4  _lv_txt_unicode_to_encoded                                       
200195e8  _unlock                                                          
200195ec  appEvents                                                        
200195f0  connectedTables                                                  
200195f4  control_task_InfoToHub_handle                                    
200195f8  control_task_NotiInfo_handle                                     
200195fc  cuiMultiMenu                                                     
20019600  devInfoConfirmationTimer                                         
20019608  endToEndDelay                                                    
20019620  gmt                                                              
20019650  macDataBeaconRequeue                                             
20019654  macDataCheckSched                                                
20019658  macDataCheckTxTime                                               
2001965c  macDataRequeueIndirect                                           
20019660  macDataRxBeaconCritical                                          
20019664  macDataSetSched                                                  
20019668  macDataTxBeaconComplete                                          
2001966c  macDataTxIndirect                                                
2001967c  macTimerNewRollover                                              
20019680  macTimerRollover                                                 
20019688  minTxOffTime                                                     
20019694  pMacCbackCheckPending                                            
20019698  pMacCbackQueryRetransmit                                         
2001969c  pMacDataTx                                                       
200196a0  pMacEnhancedAck                                                  
200196c4  ti_sysbios_runtime_Memory_defaultHeapInstance                    
200196c8  totalE2EDelaySum                                                 
200196cc  waiterName                                                       
200196d4  Num_MsgInfoToHubMail                                             
200196d6  Num_MsgNotibMail                                                 
200196d8  Sensor_events                                                    
200196da  Ssf_resetCount                                                   
200196e2  assoc_resp_no_ack_cnt                                            
200196f0  noti_count                                                       
200196f2  personal_addr                                                    
200196fa  symbol_rate_custom                                               
200196fc  ApiMac_mtDataReqTxOptionGp                                       
200196ff  Main_assertReason                                                
20019701  Ssf_resetReseason                                                
20019705  bInSwi                                                           
20019708  csmPhy                                                           
20019709  customMinTxOffEnabled                                            
2001970a  dcEnabled                                                        
2001970b  devInfoConfirmationFlag                                          
2001970c  devInfoConfirmationMail                                          
20019711  initBroadcastMsg                                                 
20019722  macRadioYielded                                                  
20019723  macSrcMatchIsEnabled                                             
20019724  macSrcMatchManualAddressTracking                                 
20019725  macTxCmdActive                                                   
20019726  macTxSlottedDelay                                                
20019727  macTxSlottedDelayFactor                                          
2001972a  numTx                                                            
2001972c  parentFound                                                      
2001972f  reqAccessAlloc                                                   
20019730  retry_count_devInfo                                              
20019737  ti_sysbios_knl_Idle_initDone                                     
20019738  ti_sysbios_runtime_Startup_done                                  
20019900  ti_sysbios_family_arm_v8m_Hwi_ramVectors                         
200199fc  heapStart                                                        
2003b000  __stack                                                          
2003b000  heapEnd                                                          
20040000  __STACK_END                                                      
50000000  __ccfg                                                           
ffffffff  __TI_pprof_out_hndl                                              
ffffffff  __TI_prof_data_size                                              
ffffffff  __TI_prof_data_start                                             
ffffffff  __binit__                                                        
ffffffff  binit                                                            
UNDEFED   ITM_flush                                                        
UNDEFED   ITM_restore                                                      
UNDEFED   PWM_config                                                       
UNDEFED   PWM_count                                                        
UNDEFED   __mpu_init                                                       

[2070 symbols]
